Microchip MPLAB XC8 Compiler V3.00

Linker command line:

-W-3 --edf=/opt/microchip/xc8/v3.00/pic/dat/20241204225717_en.msgs -cn \
  -h+build/main.sym --cmf=build/main.cmf -z -Q16F83 \
  -o/tmp/xcXJfmoNP/driver_tmp_3.o --defsym=__MPLAB_BUILD=1 \
  --fixupoverflow=error -Mbuild/main.map \
  --md=/tmp/xcXJfmoNP/driver_tmp_0.dat -E1 -ver=XC8 Compiler \
  -ACODE=00h-01FFh -ASTRCODE=00h-01FFh -ASTRING=00h-0FFhx2 \
  -ACONST=00h-0FFhx2 -AENTRY=00h-0FFhx2 -ABANK0=0Ch-02Dh -ARAM=0Ch-02Dh \
  -AABS1=0Ch-02Fh -ACOMMON=02Eh-02Fh -ASFR0=00h-0Bh -ASFR1=080h-0ADh \
  -ACONFIG=02007h-02007h -DCONFIG=2 -AIDLOC=02000h-02003h -DIDLOC=2 \
  -AEEDATA=00h-03Fh/02100h -peeprom_data=EEDATA -DEEDATA=2 -DCODE=2 \
  -DSTRCODE=2 -DSTRING=2 -DCONST=2 -DENTRY=2 \
  -preset_vec=00h,intentry=04h,sivt,init,end_init -ppowerup=CODE \
  -pcinit=CODE -pfunctab=ENTRY -k /tmp/xcXJfmoNP/driver_tmp_12.o \
  build/main.o 

Object code version is 3.11

Machine type is 16F83



                Name                               Link     Load   Length Selector   Space Scale
/tmp/xcXJfmoNP/driver_tmp_12.o
                end_init                              D        D        1        8       0
                reset_vec                             0        0        1        0       0
                config                             2007     2007        1        0       4
build/main.o    cinit                                 E        E        4        8       0
                functab                              12       12        8       24       0
                intentry                              4        4        9        8       0
                config                             2007     2007        1        0       4
                text2                                41       41        6       34       0
                text1                                31       31       10       34       0
                maintext                             1A       1A       17       34       0
                cstackBANK0                           C        C        3        C       1
                bssBANK0                             10       10        1        C       1
                nvBANK0                               F        F        1        C       1

TOTAL           Name                               Link     Load   Length     Space
        CLASS   CODE           
                end_init                              D        D        1         0
                cinit                                 E        E        4         0
                intentry                              4        4        9         0
                reset_vec                             0        0        1         0
                text2                                41       41        6         0
                text1                                31       31       10         0
                maintext                             1A       1A       17         0

        CLASS   STRCODE        

        CLASS   STRING         

        CLASS   CONST          

        CLASS   ENTRY          
                functab                              12       12        8         0

        CLASS   BANK0          
                cstackBANK0                           C        C        3         1
                bssBANK0                             10       10        1         1
                nvBANK0                               F        F        1         1

        CLASS   RAM            

        CLASS   ABS1           
                abs_s1                               2E       2E        2         1

        CLASS   COMMON         

        CLASS   SFR0           

        CLASS   SFR1           

        CLASS   CONFIG         
                config                             2007     2007        1         4

        CLASS   IDLOC          

        CLASS   EEDATA         

        CLASS   BANK1          

        CLASS   HEAP           

        CLASS   STACK          



SEGMENTS        Name                           Load    Length   Top    Selector   Space  Class     Delta

                cstackBANK0                    00000C  000005  000011         C       1  BANK0       1
                reset_vec                      000000  000001  000001         0       0  CODE        2
                maintext                       00001A  00002D  000047        34       0  CODE        2
                intentry                       000004  00000E  000012         8       0  CODE        2
                functab                        000012  000008  00001A        24       0  ENTRY       2


UNUSED ADDRESS RANGES

        Name                Unused          Largest block    Delta
        BANK0            0011-002D             1D           1
        CODE             0001-0003              3           2
                         0047-01FF            1B9
        CONST            0001-0003              3           2
                         0047-01FF             B9
        EEDATA           2100-213F             40           2
        ENTRY            0001-0003              3           2
                         0047-01FF             B9
        IDLOC            2000-2003              4           2
        RAM              0011-002D             1D           1
        SFR0             0000-000B              C           1
        SFR1             0080-00AD             2E           1
        STRCODE          0001-0003              3           2
                         0047-01FF            1B9
        STRING           0001-0003              3           2
                         0047-01FF             B9

                                  Symbol Table

_GIE                     (abs)        005F
_Global_ISR              text1        0031
_OPTION_REG              (abs)        0081
_PORTA                   (abs)        0005
_PSA                     (abs)        040B
_T0CS                    (abs)        040D
_T0IE                    (abs)        005D
_T0IF                    (abs)        005A
_TMR0                    (abs)        0001
_TRISA                   (abs)        0085
__H__absolute__          __absolute__ 0000
__Habs1                  abs1         0034
__Hbank0                 bank0        0034
__Hbank1                 bank1        0034
__HbssBANK0              bssBANK0     0034
__Hcinit                 cinit        0012
__Hclrtext               clrtext      0034
__Hcode                  code         0034
__Hcommon                common       0034
__Hconfig                config       2008
__HcstackBANK0           cstackBANK0  0034
__HcstackCOMMON          cstackCOMMON 0034
__Heeprom_data           eeprom_data  0000
__Hend_init              end_init     000E
__Hfunctab               functab      001A
__Hheap                  heap         0034
__Hinit                  init         000D
__Hintentry              intentry     000D
__Hmaintext              maintext     0034
__HnvBANK0               nvBANK0      0034
__Hpowerup               powerup      0000
__Hram                   ram          0034
__Hreset_vec             reset_vec    0001
__Hsfr0                  sfr0         0034
__Hsfr1                  sfr1         0034
__Hsivt                  sivt         000D
__Hspace_0               (abs)        0047
__Hspace_1               (abs)        0034
__Hspace_2               (abs)        0034
__Hspace_3               (abs)        0000
__Hspace_4               (abs)        400F
__Hstack                 stack        0034
__Hstrings               strings      0034
__Htext                  text         0034
__L__absolute__          __absolute__ 0000
__Labs1                  abs1         0034
__Lbank0                 bank0        0034
__Lbank1                 bank1        0034
__LbssBANK0              bssBANK0     0034
__Lcinit                 cinit        000E
__Lclrtext               clrtext      0034
__Lcode                  code         0034
__Lcommon                common       0034
__Lconfig                config       0000
__LcstackBANK0           cstackBANK0  0034
__LcstackCOMMON          cstackCOMMON 0034
__Leeprom_data           eeprom_data  0000
__Lend_init              end_init     000D
__Lfunctab               functab      0012
__Lheap                  heap         0034
__Linit                  init         000D
__Lintentry              intentry     0004
__Lmaintext              maintext     0034
__LnvBANK0               nvBANK0      0034
__Lpowerup               powerup      0000
__Lram                   ram          0034
__Lreset_vec             reset_vec    0000
__Lsfr0                  sfr0         0034
__Lsfr1                  sfr1         0034
__Lsivt                  sivt         000D
__Lspace_0               (abs)        0000
__Lspace_1               (abs)        0000
__Lspace_2               (abs)        0000
__Lspace_3               (abs)        0000
__Lspace_4               (abs)        0000
__Lstack                 stack        0034
__Lstrings               strings      0034
__Ltext                  text         0034
__S0                     (abs)        0047
__S1                     (abs)        0011
__S3                     (abs)        0000
___heap_hi               (abs)        0000
___heap_lo               (abs)        0000
___int_sp                stack        0034
___int_stack_hi          stack        0034
___int_stack_lo          stack        0034
___latbits               (abs)        0000
___sp                    stack        0034
___stack_hi              stack        0034
___stack_lo              stack        0034
___stackhi               (abs)        0000
___stacklo               (abs)        0000
__end_of_Global_ISR      text1        0041
__end_of__i1fptable      functab      001A
__end_of__initialization cinit        0010
__end_of_main            maintext     0031
__end_of_main__blinking  text2        0047
__i1fptable              functab      0013
__initialization         cinit        000E
__pbssBANK0              bssBANK0     0010
__pcstackBANK0           cstackBANK0  000C
__pcstackCOMMON          cstackCOMMON 0000
__pfunctab               functab      0012
__pintentry              intentry     0004
__pmaintext              maintext     001A
__pnvBANK0               nvBANK0      000F
__ptext1                 text1        0031
__ptext2                 text2        0041
__size_of__i1fptable     (abs)        0000
_main                    maintext     001A
_main__blinking          text2        0041
_ptr_timer0_isr          nvBANK0      000F
_timer0__initial         bssBANK0     0010
btemp                    (abs)        002E
end_of_initialization    cinit        0010
fpbase                   (abs)        0000
fptable                  functab      0012
fptotal                  (abs)        0000
i1fpbase                 functab      0018
i1fptable                functab      0013
i1fptotal                (abs)        0002
interrupt_function       intentry     0004
intlevel0                functab      0012
intlevel1                functab      0012
intlevel2                functab      0012
intlevel3                functab      0012
intlevel4                functab      0012
intlevel5                functab      0012
reset_vec                reset_vec    0000
saved_w                  (abs)        002E
start                    init         000D
start_initialization     cinit        000E
wtemp0                   (abs)        002E


MODULE INFORMATION

Module		Function		Class		Link	Load	Size
shared
		__i1fptable    		ENTRY          	0013	0000	7
		__initialization		CODE           	000E	0000	2

shared estimated size: 9

main.c
		_main__blinking		CODE           	0041	0000	6
		_main          		CODE           	001A	0000	23
		_Global_ISR    		CODE           	0031	0000	16

main.c estimated size: 45

