Microchip MPLAB XC8 Compiler V2.41

Linker command line:

-W-3 \
  --edf=C:/Program Files/Microchip/MPLABX/v6.15/packs/Microchip/PIC16Fxxx_DFP/1.4.149/xc8\pic\dat\20230322214319_en.msgs \
  -cn -h+dist/default/production\DIGITAL.X.production.sym \
  --cmf=dist/default/production\DIGITAL.X.production.cmf -z -Q16F84A \
  -oC:\Users\WINDOW~1\AppData\Local\Temp\xcAs140.\driver_tmp_3.o \
  --defsym=__MPLAB_BUILD=1 --fixupoverflow=error \
  -Mdist/default/production/DIGITAL.X.production.map \
  --md=C:\Users\WINDOW~1\AppData\Local\Temp\xcAs140.\driver_tmp_0.dat -E1 \
  -ver=XC8 Compiler --acfsm=1493 -ACODE=00h-03FFh -ASTRCODE=00h-03FFh \
  -ASTRING=00h-0FFhx4 -ACONST=00h-0FFhx4 -AENTRY=00h-0FFhx4 \
  -ABANK0=0Ch-04Dh -ARAM=0Ch-04Dh -AABS1=0Ch-04Fh -ACOMMON=04Eh-04Fh \
  -ASFR0=00h-0Bh -ASFR1=080h-0CDh -ACONFIG=02007h-02007h -DCONFIG=2 \
  -AIDLOC=02000h-02003h -DIDLOC=2 -AEEDATA=00h-03Fh/02100h \
  -peeprom_data=EEDATA -DEEDATA=2 -DCODE=2 -DSTRCODE=2 -DSTRING=2 -DCONST=2 \
  -DENTRY=2 -preset_vec=00h,intentry,init,end_init -ppowerup=CODE \
  -pcinit=CODE -pfunctab=ENTRY -k dist/default/production\startup.o \
  dist/default/production\DIGITAL.X.production.o 

Object code version is 3.11

Machine type is 16F84A



                Name                               Link     Load   Length Selector   Space Scale
dist/default/production\startup.o
                end_init                              0        0        1        0       0
                config                             2007     2007        1        0       4
dist/default/production\DIGITAL.X.production.o
                cinit                               3FE      3FE        2      7FC       0
                config                             2007     2007        1        0       4
                text2                               3D9      3D9        1      7B2       0
                text1                               3DA      3DA        2      7B4       0
                maintext                            3DC      3DC       22      7B8       0
                cstackBANK0                           C        C        2        C       1

TOTAL           Name                               Link     Load   Length     Space
        CLASS   CODE           
                end_init                              0        0        1         0
                cinit                               3FE      3FE        2         0
                text2                               3D9      3D9        1         0
                text1                               3DA      3DA        2         0
                maintext                            3DC      3DC       22         0

        CLASS   STRCODE        

        CLASS   STRING         

        CLASS   CONST          

        CLASS   ENTRY          

        CLASS   BANK0          
                cstackBANK0                           C        C        2         1

        CLASS   RAM            

        CLASS   ABS1           
                abs_s1                               4E       4E        2         1

        CLASS   COMMON         

        CLASS   SFR0           

        CLASS   SFR1           

        CLASS   CONFIG         
                config                             2007     2007        1         4

        CLASS   IDLOC          

        CLASS   EEDATA         

        CLASS   BANK1          

        CLASS   STACK          



SEGMENTS        Name                           Load    Length   Top    Selector   Space  Class     Delta

                reset_vec                      000000  000001  000001         0       0  CODE        2
                cstackBANK0                    00000C  000002  00000E         C       1  BANK0       1
                text2                          0003D9  000001  0003DA       7B2       0  CODE        2
                text1                          0003DA  000002  0003DC       7B4       0  CODE        2
                maintext                       0003DC  000022  0003FE       7B8       0  CODE        2
                cinit                          0003FE  000002  000400       7FC       0  CODE        2


UNUSED ADDRESS RANGES

        Name                Unused          Largest block    Delta
        BANK0            000E-004D             40           1
        CODE             0001-03D8            3D8           2
        CONST            0001-03D8            100           2
        EEDATA           2100-213F             40           2
        ENTRY            0001-03D8            100           2
        IDLOC            2000-2003              4           2
        RAM              000E-004D             40           1
        SFR0             0000-000B              C           1
        SFR1             0080-00CD             4E           1
        STRCODE          0001-03D8            3D8           2
        STRING           0001-03D8            100           2

                                  Symbol Table

_PORTBbits               (abs)        0006
_TRISBbits               (abs)        0086
__H__absolute__          __absolute__ 0000
__Habs1                  abs1         0000
__Hbank0                 bank0        0000
__Hbank1                 bank1        0000
__Hcinit                 cinit        0400
__Hclrtext               clrtext      0000
__Hcode                  code         0000
__Hcommon                common       0000
__Hconfig                config       2008
__HcstackBANK0           cstackBANK0  0000
__HcstackCOMMON          cstackCOMMON 0000
__Heeprom_data           eeprom_data  0000
__Hend_init              end_init     0001
__Hfunctab               functab      0000
__Hinit                  init         0000
__Hintentry              intentry     0000
__Hmaintext              maintext     0000
__Hpowerup               powerup      0000
__Hram                   ram          0000
__Hreset_vec             reset_vec    0000
__Hsfr0                  sfr0         0000
__Hsfr1                  sfr1         0000
__Hspace_0               (abs)        0400
__Hspace_1               (abs)        000E
__Hspace_2               (abs)        0000
__Hspace_3               (abs)        0000
__Hspace_4               (abs)        400F
__Hstack                 stack        0000
__Hstrings               strings      0000
__Htext                  text         0000
__L__absolute__          __absolute__ 0000
__Labs1                  abs1         0000
__Lbank0                 bank0        0000
__Lbank1                 bank1        0000
__Lcinit                 cinit        03FE
__Lclrtext               clrtext      0000
__Lcode                  code         0000
__Lcommon                common       0000
__Lconfig                config       0000
__LcstackBANK0           cstackBANK0  0000
__LcstackCOMMON          cstackCOMMON 0000
__Leeprom_data           eeprom_data  0000
__Lend_init              end_init     0000
__Lfunctab               functab      0000
__Linit                  init         0000
__Lintentry              intentry     0000
__Lmaintext              maintext     0000
__Lpowerup               powerup      0000
__Lram                   ram          0000
__Lreset_vec             reset_vec    0000
__Lsfr0                  sfr0         0000
__Lsfr1                  sfr1         0000
__Lspace_0               (abs)        0000
__Lspace_1               (abs)        0000
__Lspace_2               (abs)        0000
__Lspace_3               (abs)        0000
__Lspace_4               (abs)        0000
__Lstack                 stack        0000
__Lstrings               strings      0000
__Ltext                  text         0000
__S0                     (abs)        0400
__S1                     (abs)        000E
__S3                     (abs)        0000
___int_sp                stack        0000
___latbits               (abs)        0000
___sp                    stack        0000
___stackhi               (abs)        0000
___stacklo               (abs)        0000
__end_of__initialization cinit        03FE
__end_of_main            maintext     03FE
__end_of_main__init      text1        03DC
__end_of_pin__init       text2        03DA
__initialization         cinit        03FE
__pcstackBANK0           cstackBANK0  000C
__pcstackCOMMON          cstackCOMMON 0000
__pmaintext              maintext     03DC
__ptext1                 text1        03DA
__ptext2                 text2        03D9
_main                    maintext     03DC
_main__init              text1        03DA
_pin__init               text2        03D9
btemp                    (abs)        004E
end_of_initialization    cinit        03FE
intlevel0                functab      0000
intlevel1                functab      0000
intlevel2                functab      0000
intlevel3                functab      0000
intlevel4                functab      0000
intlevel5                functab      0000
main@x                   cstackBANK0  000C
main@x1                  cstackBANK0  000D
reset_vec                reset_vec    0000
start                    init         0000
start_initialization     cinit        03FE
wtemp0                   (abs)        004E


MODULE INFORMATION

Module		Function		Class		Link	Load	Size
Digital.c
		_main          		CODE           	03DC	0000	34
		_pin__init     		CODE           	03D9	0000	1
		_main__init    		CODE           	03DA	0000	2

Digital.c estimated size: 37

shared
		__initialization		CODE           	03FE	0000	1

shared estimated size: 1

