Microchip MPLAB XC8 Compiler V2.41

Linker command line:

-W-3 \
  --edf=C:/Program Files/Microchip/MPLABX/v6.15/packs/Microchip/PIC16Fxxx_DFP/1.4.149/xc8\pic\dat\20230322214319_en.msgs \
  -cn -h+dist/default/production\UART_RX.X.production.sym \
  --cmf=dist/default/production\UART_RX.X.production.cmf -z -Q16F886 \
  -oC:\Users\WINDOW~1\AppData\Local\Temp\xcAs1mo0.\driver_tmp_3.o \
  --defsym=__MPLAB_BUILD=1 --fixupoverflow=error \
  -Mdist/default/production/UART_RX.X.production.map \
  --md=C:\Users\WINDOW~1\AppData\Local\Temp\xcAs1mo0.\driver_tmp_0.dat -E1 \
  -ver=XC8 Compiler --acfsm=1493 -ACODE=00h-07FFhx4 -ASTRCODE=00h-01FFFh \
  -ASTRING=00h-0FFhx32 -ACONST=00h-0FFhx32 -AENTRY=00h-0FFhx32 \
  -ACOMMON=070h-07Fh -ABANK0=020h-06Fh -ABANK1=0A0h-0EFh \
  -ABANK2=0110h-016Fh -ABANK3=0190h-01EFh \
  -ARAM=020h-06Fh,0A0h-0EFh,0110h-016Fh,0190h-01EFh \
  -AABS1=020h-07Fh,0A0h-0EFh,0110h-016Fh,0190h-01EFh -ASFR0=00h-01Fh \
  -ASFR1=080h-09Fh -ASFR2=0100h-010Fh -ASFR3=0180h-018Fh \
  -ACONFIG=02007h-02008h -DCONFIG=2 -AIDLOC=02000h-02003h -DIDLOC=2 \
  -AEEDATA=00h-0FFh/02100h -peeprom_data=EEDATA -DEEDATA=2 -DCODE=2 \
  -DSTRCODE=2 -DSTRING=2 -DCONST=2 -DENTRY=2 \
  -preset_vec=00h,intentry,init,end_init -ppowerup=CODE -pcinit=CODE \
  -pfunctab=ENTRY -k dist/default/production\startup.o \
  dist/default/production\UART_RX.X.production.o 

Object code version is 3.11

Machine type is 16F886



                Name                               Link     Load   Length Selector   Space Scale
dist/default/production\startup.o
                end_init                              0        0        3        0       0
                config                             2007     2007        2        0       4
dist/default/production\UART_RX.X.production.o
                cinit                               7FC      7FC        4      FF8       0
                config                             2007     2007        2        0       4
                text6                               7B4      7B4        1      F68       0
                text5                               7B5      7B5        1      F6A       0
                text4                               7B6      7B6        1      F6C       0
                text3                               7BB      7BB       10      F76       0
                text2                               7B7      7B7        4      F6E       0
                text1                               7CB      7CB       12      F96       0
                maintext                            7DD      7DD       1F      FBA       0

TOTAL           Name                               Link     Load   Length     Space
        CLASS   CODE           
                end_init                              0        0        3         0
                cinit                               7FC      7FC        4         0
                text6                               7B4      7B4        1         0
                text5                               7B5      7B5        1         0
                text4                               7B6      7B6        1         0
                text3                               7BB      7BB       10         0
                text2                               7B7      7B7        4         0
                text1                               7CB      7CB       12         0
                maintext                            7DD      7DD       1F         0

        CLASS   STRCODE        

        CLASS   STRING         

        CLASS   CONST          

        CLASS   ENTRY          

        CLASS   COMMON         

        CLASS   BANK0          

        CLASS   BANK1          

        CLASS   BANK2          

        CLASS   BANK3          

        CLASS   RAM            

        CLASS   ABS1           
                abs_s1                               7E       7E        2         1

        CLASS   SFR0           

        CLASS   SFR1           

        CLASS   SFR2           

        CLASS   SFR3           

        CLASS   CONFIG         
                config                             2007     2007        2         4

        CLASS   IDLOC          

        CLASS   EEDATA         

        CLASS   STACK          



SEGMENTS        Name                           Load    Length   Top    Selector   Space  Class     Delta

                reset_vec                      000000  000003  000003         0       0  CODE        2
                text6                          0007B4  000001  0007B5       F68       0  CODE        2
                text5                          0007B5  000001  0007B6       F6A       0  CODE        2
                text4                          0007B6  000001  0007B7       F6C       0  CODE        2
                text2                          0007B7  000004  0007BB       F6E       0  CODE        2
                text3                          0007BB  000010  0007CB       F76       0  CODE        2
                text1                          0007CB  000012  0007DD       F96       0  CODE        2
                maintext                       0007DD  00001F  0007FC       FBA       0  CODE        2
                cinit                          0007FC  000004  000800       FF8       0  CODE        2


UNUSED ADDRESS RANGES

        Name                Unused          Largest block    Delta
        BANK0            0020-006F             50           1
        BANK1            00A0-00EF             50           1
        BANK2            0110-016F             60           1
        BANK3            0190-01EF             60           1
        CODE             0003-07B3            7B1           2
                         0800-1FFF            800
        COMMON           0070-007D              E           1
        CONST            0003-07B3            100           2
                         0800-1FFF            100
        EEDATA           2100-21FF            100           2
        ENTRY            0003-07B3            100           2
                         0800-1FFF            100
        IDLOC            2000-2003              4           2
        RAM              0020-006F             50           1
                         00A0-00EF             50
                         0110-016F             60
                         0190-01EF             60
        SFR0             0000-001F             20           1
        SFR1             0080-009F             20           1
        SFR2             0100-010F             10           1
        SFR3             0180-018F             10           1
        STRCODE          0003-07B3            7B1           2
                         0800-1FFF           1800
        STRING           0003-07B3            100           2
                         0800-1FFF            100

                                  Symbol Table

_PORTB                   (abs)        0006
_RCREG                   (abs)        001A
_RCSTAbits               (abs)        0018
_SPBRG                   (abs)        0099
_TRISB                   (abs)        0086
_TRISCbits               (abs)        0087
_TXREG                   (abs)        0019
_TXSTAbits               (abs)        0098
__H__absolute__          __absolute__ 0000
__Habs1                  abs1         0000
__Hbank0                 bank0        0000
__Hbank1                 bank1        0000
__Hbank2                 bank2        0000
__Hbank3                 bank3        0000
__Hcinit                 cinit        0800
__Hclrtext               clrtext      0000
__Hcode                  code         0000
__Hcommon                common       0000
__Hconfig                config       2009
__HcstackCOMMON          cstackCOMMON 0000
__Heeprom_data           eeprom_data  0000
__Hend_init              end_init     0003
__Hfunctab               functab      0000
__Hinit                  init         0000
__Hintentry              intentry     0000
__Hmaintext              maintext     0000
__Hpowerup               powerup      0000
__Hram                   ram          0000
__Hreset_vec             reset_vec    0000
__Hsfr0                  sfr0         0000
__Hsfr1                  sfr1         0000
__Hsfr2                  sfr2         0000
__Hsfr3                  sfr3         0000
__Hspace_0               (abs)        0800
__Hspace_1               (abs)        0000
__Hspace_2               (abs)        0000
__Hspace_3               (abs)        0000
__Hspace_4               (abs)        4010
__Hstack                 stack        0000
__Hstrings               strings      0000
__Htext                  text         0000
__L__absolute__          __absolute__ 0000
__Labs1                  abs1         0000
__Lbank0                 bank0        0000
__Lbank1                 bank1        0000
__Lbank2                 bank2        0000
__Lbank3                 bank3        0000
__Lcinit                 cinit        07FC
__Lclrtext               clrtext      0000
__Lcode                  code         0000
__Lcommon                common       0000
__Lconfig                config       0000
__LcstackCOMMON          cstackCOMMON 0000
__Leeprom_data           eeprom_data  0000
__Lend_init              end_init     0000
__Lfunctab               functab      0000
__Linit                  init         0000
__Lintentry              intentry     0000
__Lmaintext              maintext     0000
__Lpowerup               powerup      0000
__Lram                   ram          0000
__Lreset_vec             reset_vec    0000
__Lsfr0                  sfr0         0000
__Lsfr1                  sfr1         0000
__Lsfr2                  sfr2         0000
__Lsfr3                  sfr3         0000
__Lspace_0               (abs)        0000
__Lspace_1               (abs)        0000
__Lspace_2               (abs)        0000
__Lspace_3               (abs)        0000
__Lspace_4               (abs)        0000
__Lstack                 stack        0000
__Lstrings               strings      0000
__Ltext                  text         0000
__S0                     (abs)        0800
__S1                     (abs)        0000
__S3                     (abs)        0000
___int_sp                stack        0000
___latbits               (abs)        0002
___sp                    stack        0000
___stackhi               (abs)        0000
___stacklo               (abs)        0000
__end_of__initialization cinit        07FC
__end_of_main            maintext     07FC
__end_of_main__init      text3        07CB
__end_of_pin__init       text6        07B5
__end_of_port__init      text5        07B6
__end_of_uart__init      text4        07B7
__end_of_uart__read      text2        07BB
__end_of_uart__setup     text1        07DD
__initialization         cinit        07FC
__pcstackCOMMON          cstackCOMMON 0000
__pmaintext              maintext     07DD
__ptext1                 text1        07CB
__ptext2                 text2        07B7
__ptext3                 text3        07BB
__ptext4                 text4        07B6
__ptext5                 text5        07B5
__ptext6                 text6        07B4
_main                    maintext     07DD
_main__init              text3        07BB
_pin__init               text6        07B4
_port__init              text5        07B5
_uart__init              text4        07B6
_uart__read              text2        07B7
_uart__setup             text1        07CB
btemp                    (abs)        007E
end_of_initialization    cinit        07FC
intlevel0                functab      0000
intlevel1                functab      0000
intlevel2                functab      0000
intlevel3                functab      0000
intlevel4                functab      0000
intlevel5                functab      0000
reset_vec                reset_vec    0000
start                    init         0000
start_initialization     cinit        07FC
wtemp0                   (abs)        007E


MODULE INFORMATION

Module		Function		Class		Link	Load	Size
uart_rx.c
		_main          		CODE           	07DD	0000	31
		_uart__setup   		CODE           	07CB	0000	18
		_uart__init    		CODE           	07B6	0000	1
		_pin__init     		CODE           	07B4	0000	1
		_main__init    		CODE           	07BB	0000	16
		_uart__read    		CODE           	07B7	0000	4
		_port__init    		CODE           	07B5	0000	1

uart_rx.c estimated size: 72

shared
		__initialization		CODE           	07FC	0000	1

shared estimated size: 1

