Microchip MPLAB XC8 Compiler V2.41

Linker command line:

-W-3 \
  --edf=C:/Program Files/Microchip/MPLABX/v6.15/packs/Microchip/PIC16Fxxx_DFP/1.4.149/xc8\pic\dat\20230322214319_en.msgs \
  -cn -h+dist/default/debug\UART.X.debug.sym \
  --cmf=dist/default/debug\UART.X.debug.cmf -z -w9 --disl=596:off -Q16F873A \
  -oC:\Users\WINDOW~1\AppData\Local\Temp\xcAsgj8.\driver_tmp_3.o \
  --defsym=__MPLAB_BUILD=1 -Mdist/default/debug/UART.X.debug.map \
  --md=C:\Users\WINDOW~1\AppData\Local\Temp\xcAsgj8.\driver_tmp_0.dat -E1 \
  -ver=XC8 Compiler --acfsm=1493 -ACODE=00h-07FFhx2 -ASTRCODE=00h-0FFFh \
  -ASTRING=00h-0FFhx16 -ACONST=00h-0FFhx16 -AENTRY=00h-0FFhx16 \
  -ABANK0=020h-07Dh -ABANK1=0A0h-0FDh -ARAM=020h-07Dh,0A0h-0FDh \
  -AABS1=020h-07Fh,0A0h-0FFh -ACOMMON=07Eh-07Fh -ASFR0=00h-01Fh \
  -ASFR1=080h-09Fh -ASFR2=0100h-017Dh -ASFR3=0180h-01FDh \
  -ACONFIG=02007h-02007h -DCONFIG=2 -AIDLOC=02000h-02003h -DIDLOC=2 \
  -AEEDATA=00h-07Fh/02100h -peeprom_data=EEDATA -DEEDATA=2 -DCODE=2 \
  -DSTRCODE=2 -DSTRING=2 -DCONST=2 -DENTRY=2 \
  -preset_vec=00h,intentry,init,end_init -ppowerup=CODE -pcinit=CODE \
  -pfunctab=ENTRY -k \
  C:\Users\WINDOW~1\AppData\Local\Temp\xcAsgj8.\driver_tmp_17.o \
  dist/default/debug\UART.X.debug.o 

Object code version is 3.11

Machine type is 16F873A



                Name                               Link     Load   Length Selector   Space Scale
C:\Users\WINDOW~1\AppData\Local\Temp\xcAsgj8.\driver_tmp_17.o
                end_init                              0        0        3        0       0
                config                             2007     2007        1        0       4
dist/default/debug\UART.X.debug.o
                cinit                               7F6      7F6        A      FEC       0
                config                             2007     2007        1        0       4
                text5                               62B      62B       10      C56       0
                text4                               63B      63B       10      C76       0
                text3                               687      687       46      D0E       0
                text2                               64B      64B       3C      C96       0
                text1                               743      743       B3      E86       0
                maintext                            6CD      6CD       76      D9A       0
                cstackBANK0                          20       20       21       20       1
                clrtext                             623      623        8      C46       0
                bssBANK0                             41       41        E       20       1
                strings                               3        3       2C        6       0

TOTAL           Name                               Link     Load   Length     Space
        CLASS   CODE           
                end_init                              0        0        3         0
                cinit                               7F6      7F6        A         0
                text5                               62B      62B       10         0
                text4                               63B      63B       10         0
                text3                               687      687       46         0
                text2                               64B      64B       3C         0
                text1                               743      743       B3         0
                maintext                            6CD      6CD       76         0
                clrtext                             623      623        8         0

        CLASS   STRCODE        

        CLASS   STRING         
                strings                               3        3       2C         0

        CLASS   CONST          

        CLASS   ENTRY          

        CLASS   BANK0          
                cstackBANK0                          20       20       21         1
                bssBANK0                             41       41        E         1

        CLASS   BANK1          

        CLASS   RAM            

        CLASS   ABS1           
                abs_s1                               7E       7E        2         1

        CLASS   COMMON         

        CLASS   SFR0           

        CLASS   SFR1           

        CLASS   SFR2           

        CLASS   SFR3           

        CLASS   CONFIG         
                config                             2007     2007        1         4

        CLASS   IDLOC          

        CLASS   EEDATA         

        CLASS   BANK3          

        CLASS   BANK2          

        CLASS   STACK          



SEGMENTS        Name                           Load    Length   Top    Selector   Space  Class     Delta

                reset_vec                      000000  000003  000003         0       0  CODE        2
                strings                        000003  00002C  00002F         6       0  STRING      2
                cstackBANK0                    000020  00002F  00004F        20       1  BANK0       1
                clrtext                        000623  000008  00062B       C46       0  CODE        2
                text5                          00062B  000010  00063B       C56       0  CODE        2
                text4                          00063B  000010  00064B       C76       0  CODE        2
                text2                          00064B  00003C  000687       C96       0  CODE        2
                text3                          000687  000046  0006CD       D0E       0  CODE        2
                maintext                       0006CD  000076  000743       D9A       0  CODE        2
                text1                          000743  0000B3  0007F6       E86       0  CODE        2
                cinit                          0007F6  00000A  000800       FEC       0  CODE        2


UNUSED ADDRESS RANGES

        Name                Unused          Largest block    Delta
        BANK0            004F-007D             2F           1
        BANK1            00A0-00FD             5E           1
        CODE             002F-0622            5F4           2
                         0800-0FFF            800
        CONST            002F-0622            100           2
                         0800-0FFF            100
        EEDATA           2100-217F             80           2
        ENTRY            002F-0622            100           2
                         0800-0FFF            100
        IDLOC            2000-2003              4           2
        RAM              004F-007D             2F           1
                         00A0-00FD             5E
        SFR0             0000-001F             20           1
        SFR1             0080-009F             20           1
        SFR2             0100-017D             7E           1
        SFR3             0180-01FD             7E           1
        STRCODE          002F-0622            5F4           2
                         0800-0FFF            800
        STRING           002F-0622            100           2
                         0800-0FFF            100

                                  Symbol Table

?___lwdiv                cstackBANK0  0020
?___lwmod                cstackBANK0  0027
?_adc_reading1           cstackBANK0  0020
?_adc_reading2           cstackBANK0  0020
?_sprintf                cstackBANK0  002C
_ADCON0                  (abs)        001F
_ADCON0bits              (abs)        001F
_ADCON1                  (abs)        009F
_ADRESH                  (abs)        001E
_ADRESL                  (abs)        009E
_RCSTAbits               (abs)        0018
_SPBRG                   (abs)        0099
_TXIF                    (abs)        0064
_TXREG                   (abs)        0019
_TXSTAbits               (abs)        0098
__H__absolute__          __absolute__ 0000
__Habs1                  abs1         0000
__Hbank0                 bank0        0000
__Hbank1                 bank1        0000
__Hbank2                 bank2        0000
__Hbank3                 bank3        0000
__HbssBANK0              bssBANK0     0000
__Hcinit                 cinit        0800
__Hclrtext               clrtext      0000
__Hcode                  code         0000
__Hcommon                common       0000
__Hconfig                config       2008
__HcstackBANK0           cstackBANK0  0000
__HcstackCOMMON          cstackCOMMON 0000
__Heeprom_data           eeprom_data  0000
__Hend_init              end_init     0003
__Hfunctab               functab      0000
__Hinit                  init         0000
__Hintentry              intentry     0000
__Hmaintext              maintext     0000
__Hpowerup               powerup      0000
__Hram                   ram          0000
__Hreset_vec             reset_vec    0000
__Hsfr0                  sfr0         0000
__Hsfr1                  sfr1         0000
__Hsfr2                  sfr2         0000
__Hsfr3                  sfr3         0000
__Hspace_0               (abs)        0800
__Hspace_1               (abs)        004F
__Hspace_2               (abs)        0000
__Hspace_3               (abs)        0000
__Hspace_4               (abs)        400F
__Hstack                 stack        0000
__Hstrings               strings      0000
__Htext                  text         0000
__L__absolute__          __absolute__ 0000
__Labs1                  abs1         0000
__Lbank0                 bank0        0000
__Lbank1                 bank1        0000
__Lbank2                 bank2        0000
__Lbank3                 bank3        0000
__LbssBANK0              bssBANK0     0000
__Lcinit                 cinit        07F6
__Lclrtext               clrtext      0000
__Lcode                  code         0000
__Lcommon                common       0000
__Lconfig                config       0000
__LcstackBANK0           cstackBANK0  0000
__LcstackCOMMON          cstackCOMMON 0000
__Leeprom_data           eeprom_data  0000
__Lend_init              end_init     0000
__Lfunctab               functab      0000
__Linit                  init         0000
__Lintentry              intentry     0000
__Lmaintext              maintext     0000
__Lpowerup               powerup      0000
__Lram                   ram          0000
__Lreset_vec             reset_vec    0000
__Lsfr0                  sfr0         0000
__Lsfr1                  sfr1         0000
__Lsfr2                  sfr2         0000
__Lsfr3                  sfr3         0000
__Lspace_0               (abs)        0000
__Lspace_1               (abs)        0000
__Lspace_2               (abs)        0000
__Lspace_3               (abs)        0000
__Lspace_4               (abs)        0000
__Lstack                 stack        0000
__Lstrings               strings      0000
__Ltext                  text         0000
__S0                     (abs)        0800
__S1                     (abs)        004F
__S3                     (abs)        0000
___int_sp                stack        0000
___latbits               (abs)        0001
___lwdiv                 text3        0687
___lwdiv@counter         cstackBANK0  0026
___lwdiv@dividend        cstackBANK0  0022
___lwdiv@divisor         cstackBANK0  0020
___lwdiv@quotient        cstackBANK0  0024
___lwmod                 text2        064B
___lwmod@counter         cstackBANK0  002B
___lwmod@dividend        cstackBANK0  0029
___lwmod@divisor         cstackBANK0  0027
___sp                    stack        0000
___stackhi               (abs)        0000
___stacklo               (abs)        0000
__end_of___lwdiv         text3        06CD
__end_of___lwmod         text2        0687
__end_of__initialization cinit        07FD
__end_of__stringtab      strings      0009
__end_of_adc_reading1    text5        063B
__end_of_adc_reading2    text4        064B
__end_of_dpowers         strings      0013
__end_of_main            maintext     0743
__end_of_sprintf         text1        07F6
__initialization         cinit        07F6
__pbssBANK0              bssBANK0     0041
__pcstackBANK0           cstackBANK0  0020
__pcstackCOMMON          cstackCOMMON 0000
__pmaintext              maintext     06CD
__pstrings               strings      0003
__ptext1                 text1        0743
__ptext2                 text2        064B
__ptext3                 text3        0687
__ptext4                 text4        063B
__ptext5                 text5        062B
__stringbase             strings      0008
__stringtab              strings      0003
_adc1                    bssBANK0     0043
_adc2                    bssBANK0     0041
_adc_reading                              
_adc_reading1            text5        062B
_adc_reading2            text4        063B
_caracteres              bssBANK0     0045
_dpowers                 strings      0009
_main                    maintext     06CD
_sprintf                 text1        0743
btemp                    (abs)        007E
clear_ram0               clrtext      0623
end_of_initialization    cinit        07FD
intlevel0                functab      0000
intlevel1                functab      0000
intlevel2                functab      0000
intlevel3                functab      0000
intlevel4                functab      0000
intlevel5                functab      0000
main@caracter            cstackBANK0  0040
main@i                   cstackBANK0  003E
reset_vec                reset_vec    0000
sprintf@ap               cstackBANK0  0035
sprintf@c                cstackBANK0  003A
sprintf@f                cstackBANK0  002C
sprintf@flag             cstackBANK0  0034
sprintf@prec             cstackBANK0  0038
sprintf@sp               cstackBANK0  0039
sprintf@val              cstackBANK0  0036
start                    init         0000
start_initialization     cinit        07F6
wtemp0                   (abs)        007E
