Microchip MPLAB XC8 Compiler V3.00

Linker command line:

-W-3 --edf=/opt/microchip/xc8/v3.00/pic/dat/20241204225717_en.msgs -cn \
  -h+build/main.sym --cmf=build/main.cmf -z -Q12F629 \
  -o/tmp/xcXfKpDJn/driver_tmp_3.o --defsym=__MPLAB_BUILD=1 \
  --fixupoverflow=error -Mbuild/main.map \
  --md=/tmp/xcXfKpDJn/driver_tmp_0.dat -E1 -ver=XC8 Compiler \
  -ACODE=00h-03FEh -ASTRCODE=00h-03FEh -ASTRING=00h-0FFhx3,0300h-03FEh \
  -ACONST=00h-0FFhx3,0300h-03FEh -AENTRY=00h-0FFhx3,0300h-03FEh \
  -ABANK0=020h-05Dh -ARAM=020h-05Dh -AABS1=020h-05Fh -ACOMMON=05Eh-05Fh \
  -ASFR0=00h-01Fh -ASFR1=080h-0DDh -ACONFIG=02007h-02007h -DCONFIG=2 \
  -AIDLOC=02000h-02003h -DIDLOC=2 -AEEDATA=00h-07Fh/02100h \
  -peeprom_data=EEDATA -DEEDATA=2 -DCODE=2 -DSTRCODE=2 -DSTRING=2 -DCONST=2 \
  -DENTRY=2 -preset_vec=00h,intentry=04h,sivt,init,end_init -ppowerup=CODE \
  -pcinit=CODE -pfunctab=ENTRY -posccal=03FFh -k \
  /tmp/xcXfKpDJn/driver_tmp_12.o build/main.o 

Object code version is 3.11

Machine type is 12F629



                Name                               Link     Load   Length Selector   Space Scale
/tmp/xcXfKpDJn/driver_tmp_12.o
                end_init                              D        D        1        8       0
                reset_vec                             0        0        1        0       0
                config                             2007     2007        1        0       4
build/main.o    cinit                                 E        E        2        8       0
                functab                              10       10        8       20       0
                intentry                              4        4        9        8       0
                config                             2007     2007        1        0       4
                text2                                38       38        4       30       0
                text1                                28       28       10       30       0
                maintext                             18       18       10       30       0
                cstackBANK0                          20       20        3       20       1
                nvBANK0                              23       23        1       20       1

TOTAL           Name                               Link     Load   Length     Space
        CLASS   CODE           
                end_init                              D        D        1         0
                cinit                                 E        E        2         0
                intentry                              4        4        9         0
                reset_vec                             0        0        1         0
                text2                                38       38        4         0
                text1                                28       28       10         0
                maintext                             18       18       10         0

        CLASS   STRCODE        

        CLASS   STRING         

        CLASS   CONST          

        CLASS   ENTRY          
                functab                              10       10        8         0

        CLASS   BANK0          
                cstackBANK0                          20       20        3         1
                nvBANK0                              23       23        1         1

        CLASS   RAM            

        CLASS   ABS1           
                abs_s1                               5E       5E        2         1

        CLASS   COMMON         

        CLASS   SFR0           

        CLASS   SFR1           

        CLASS   CONFIG         
                config                             2007     2007        1         4

        CLASS   IDLOC          

        CLASS   EEDATA         

        CLASS   BANK1          

        CLASS   HEAP           

        CLASS   STACK          



SEGMENTS        Name                           Load    Length   Top    Selector   Space  Class     Delta

                cstackBANK0                    000020  000004  000024        20       1  BANK0       1
                reset_vec                      000000  000001  000001         0       0  CODE        2
                maintext                       000018  000024  00003C        30       0  CODE        2
                intentry                       000004  00000C  000010         8       0  CODE        2
                functab                        000010  000008  000018        20       0  ENTRY       2


UNUSED ADDRESS RANGES

        Name                Unused          Largest block    Delta
        BANK0            0024-005D             3A           1
        CODE             0001-0003              3           2
                         003C-03FE            3C3
        CONST            0001-0003              3           2
                         003C-03FE            100
        EEDATA           2100-217F             80           2
        ENTRY            0001-0003              3           2
                         003C-03FE            100
        IDLOC            2000-2003              4           2
        RAM              0024-005D             3A           1
        SFR0             0000-001F             20           1
        SFR1             0080-00DD             5E           1
        STRCODE          0001-0003              3           2
                         003C-03FE            3C3
        STRING           0001-0003              3           2
                         003C-03FE            100

                                  Symbol Table

_GIE                      (abs)        005F
_GPIO                     (abs)        0005
_Global_ISR               text1        0028
_INTE                     (abs)        005C
_INTEDG                   (abs)        040E
_INTF                     (abs)        0059
_TRISIO                   (abs)        0085
__H__absolute__           __absolute__ 0000
__Habs1                   abs1         07FE
__Hbank0                  bank0        07FE
__Hbank1                  bank1        07FE
__Hcinit                  cinit        0010
__Hclrtext                clrtext      07FE
__Hcode                   code         07FE
__Hcommon                 common       07FE
__Hconfig                 config       2008
__HcstackBANK0            cstackBANK0  07FE
__HcstackCOMMON           cstackCOMMON 07FE
__Heeprom_data            eeprom_data  0000
__Hend_init               end_init     000E
__Hfunctab                functab      0018
__Hheap                   heap         07FE
__Hinit                   init         000D
__Hintentry               intentry     000D
__Hmaintext               maintext     07FE
__HnvBANK0                nvBANK0      07FE
__Hosccal                 osccal       03FF
__Hpowerup                powerup      0000
__Hram                    ram          07FE
__Hreset_vec              reset_vec    0001
__Hsfr0                   sfr0         07FE
__Hsfr1                   sfr1         07FE
__Hsivt                   sivt         000D
__Hspace_0                (abs)        07FE
__Hspace_1                (abs)        07FE
__Hspace_2                (abs)        07FE
__Hspace_3                (abs)        0000
__Hspace_4                (abs)        400F
__Hstack                  stack        07FE
__Hstrings                strings      07FE
__Htext                   text         07FE
__L__absolute__           __absolute__ 0000
__Labs1                   abs1         07FE
__Lbank0                  bank0        07FE
__Lbank1                  bank1        07FE
__Lcinit                  cinit        000E
__Lclrtext                clrtext      07FE
__Lcode                   code         07FE
__Lcommon                 common       07FE
__Lconfig                 config       0000
__LcstackBANK0            cstackBANK0  07FE
__LcstackCOMMON           cstackCOMMON 07FE
__Leeprom_data            eeprom_data  0000
__Lend_init               end_init     000D
__Lfunctab                functab      0010
__Lheap                   heap         07FE
__Linit                   init         000D
__Lintentry               intentry     0004
__Lmaintext               maintext     07FE
__LnvBANK0                nvBANK0      07FE
__Losccal                 osccal       03FF
__Lpowerup                powerup      0000
__Lram                    ram          07FE
__Lreset_vec              reset_vec    0000
__Lsfr0                   sfr0         07FE
__Lsfr1                   sfr1         07FE
__Lsivt                   sivt         000D
__Lspace_0                (abs)        0000
__Lspace_1                (abs)        0000
__Lspace_2                (abs)        0000
__Lspace_3                (abs)        0000
__Lspace_4                (abs)        0000
__Lstack                  stack        07FE
__Lstrings                strings      07FE
__Ltext                   text         07FE
__S0                      (abs)        003C
__S1                      (abs)        0024
__S3                      (abs)        0000
___heap_hi                (abs)        0000
___heap_lo                (abs)        0000
___int_sp                 stack        07FE
___int_stack_hi           stack        07FE
___int_stack_lo           stack        07FE
___latbits                (abs)        0000
___osccal_val             osccal       03FF
___sp                     stack        07FE
___stack_hi               stack        07FE
___stack_lo               stack        07FE
___stackhi                (abs)        0000
___stacklo                (abs)        0000
__end_of_Global_ISR       text1        0038
__end_of__i1fptable       functab      0018
__end_of__initialization  cinit        000E
__end_of_main             maintext     0028
__end_of_main__toggle_led text2        003C
__i1fptable               functab      0011
__initialization          cinit        000E
__pcstackBANK0            cstackBANK0  0020
__pcstackCOMMON           cstackCOMMON 0000
__pfunctab                functab      0010
__pintentry               intentry     0004
__pmaintext               maintext     0018
__pnvBANK0                nvBANK0      0023
__ptext1                  text1        0028
__ptext2                  text2        0038
__size_of__i1fptable      (abs)        0000
_main                     maintext     0018
_main__toggle_led         text2        0038
_ptr_ext_isr              nvBANK0      0023
btemp                     (abs)        005E
end_of_initialization     cinit        000E
fpbase                    (abs)        0000
fptable                   functab      0010
fptotal                   (abs)        0000
i1fpbase                  functab      0016
i1fptable                 functab      0011
i1fptotal                 (abs)        0002
interrupt_function        intentry     0004
intlevel0                 functab      0010
intlevel1                 functab      0010
intlevel2                 functab      0010
intlevel3                 functab      0010
intlevel4                 functab      0010
intlevel5                 functab      0010
reset_vec                 reset_vec    0000
saved_w                   (abs)        005E
start                     init         000D
start_initialization      cinit        000E
wtemp0                    (abs)        005E


MODULE INFORMATION

Module		Function		Class		Link	Load	Size
shared
		__i1fptable    		ENTRY          	0011	0000	7
		__initialization		CODE           	000E	0000	1

shared estimated size: 8

main.c
		_main__toggle_led		CODE           	0038	0000	4
		_main          		CODE           	0018	0000	16
		_Global_ISR    		CODE           	0028	0000	16

main.c estimated size: 36

