ARM GAS  C:\Users\Usuario\AppData\Local\Temp\cc5uJanU.s 			page 1


   1              		.syntax unified
   2              		.cpu cortex-m0plus
   3              		.fpu softvfp
   4              		.eabi_attribute 20, 1
   5              		.eabi_attribute 21, 1
   6              		.eabi_attribute 23, 3
   7              		.eabi_attribute 24, 1
   8              		.eabi_attribute 25, 1
   9              		.eabi_attribute 26, 1
  10              		.eabi_attribute 30, 1
  11              		.eabi_attribute 34, 0
  12              		.eabi_attribute 18, 4
  13              		.thumb
  14              		.syntax unified
  15              		.file	"cyfitter_cfg.c"
  16              		.text
  17              	.Ltext0:
  18              		.cfi_sections	.debug_frame
  19              		.section	.psocinit,"ax",%progbits
  20              		.align	2
  21              		.code	16
  22              		.thumb_func
  23              		.type	ClockSetup, %function
  24              	ClockSetup:
  25              	.LFB4:
  26              		.file 1 "Generated_Source\\PSoC4\\cyfitter_cfg.c"
   1:Generated_Source\PSoC4/cyfitter_cfg.c **** 
   2:Generated_Source\PSoC4/cyfitter_cfg.c **** /*******************************************************************************
   3:Generated_Source\PSoC4/cyfitter_cfg.c **** * File Name: cyfitter_cfg.c
   4:Generated_Source\PSoC4/cyfitter_cfg.c **** * 
   5:Generated_Source\PSoC4/cyfitter_cfg.c **** * PSoC Creator  4.4
   6:Generated_Source\PSoC4/cyfitter_cfg.c **** *
   7:Generated_Source\PSoC4/cyfitter_cfg.c **** * Description:
   8:Generated_Source\PSoC4/cyfitter_cfg.c **** * This file contains device initialization code.
   9:Generated_Source\PSoC4/cyfitter_cfg.c **** * Except for the user defined sections in CyClockStartupError(), this file should not be modified.
  10:Generated_Source\PSoC4/cyfitter_cfg.c **** * This file is automatically generated by PSoC Creator.
  11:Generated_Source\PSoC4/cyfitter_cfg.c **** *
  12:Generated_Source\PSoC4/cyfitter_cfg.c **** ********************************************************************************
  13:Generated_Source\PSoC4/cyfitter_cfg.c **** * Copyright (c) 2007-2020 Cypress Semiconductor.  All rights reserved.
  14:Generated_Source\PSoC4/cyfitter_cfg.c **** * You may use this file only in accordance with the license, terms, conditions, 
  15:Generated_Source\PSoC4/cyfitter_cfg.c **** * disclaimers, and limitations in the end user license agreement accompanying 
  16:Generated_Source\PSoC4/cyfitter_cfg.c **** * the software package with which this file was provided.
  17:Generated_Source\PSoC4/cyfitter_cfg.c **** ********************************************************************************/
  18:Generated_Source\PSoC4/cyfitter_cfg.c **** 
  19:Generated_Source\PSoC4/cyfitter_cfg.c **** #include <string.h>
  20:Generated_Source\PSoC4/cyfitter_cfg.c **** #include "cytypes.h"
  21:Generated_Source\PSoC4/cyfitter_cfg.c **** #include "cydevice_trm.h"
  22:Generated_Source\PSoC4/cyfitter_cfg.c **** #include "cyfitter.h"
  23:Generated_Source\PSoC4/cyfitter_cfg.c **** #include "CyLib.h"
  24:Generated_Source\PSoC4/cyfitter_cfg.c **** #include "cyfitter_cfg.h"
  25:Generated_Source\PSoC4/cyfitter_cfg.c **** #include "cyapicallbacks.h"
  26:Generated_Source\PSoC4/cyfitter_cfg.c **** 
  27:Generated_Source\PSoC4/cyfitter_cfg.c **** 
  28:Generated_Source\PSoC4/cyfitter_cfg.c **** #if defined(__GNUC__) || defined(__ARMCC_VERSION)
  29:Generated_Source\PSoC4/cyfitter_cfg.c ****     #define CYPACKED 
  30:Generated_Source\PSoC4/cyfitter_cfg.c ****     #define CYPACKED_ATTR __attribute__ ((packed))
  31:Generated_Source\PSoC4/cyfitter_cfg.c ****     #define CYALIGNED __attribute__ ((aligned))
ARM GAS  C:\Users\Usuario\AppData\Local\Temp\cc5uJanU.s 			page 2


  32:Generated_Source\PSoC4/cyfitter_cfg.c ****     #define CY_CFG_UNUSED __attribute__ ((unused))
  33:Generated_Source\PSoC4/cyfitter_cfg.c ****     #ifndef CY_CFG_SECTION
  34:Generated_Source\PSoC4/cyfitter_cfg.c ****         #define CY_CFG_SECTION __attribute__ ((section(".psocinit")))
  35:Generated_Source\PSoC4/cyfitter_cfg.c ****     #endif
  36:Generated_Source\PSoC4/cyfitter_cfg.c ****     
  37:Generated_Source\PSoC4/cyfitter_cfg.c ****     #if defined(__ARMCC_VERSION)
  38:Generated_Source\PSoC4/cyfitter_cfg.c ****         #define CY_CFG_MEMORY_BARRIER() __memory_changed()
  39:Generated_Source\PSoC4/cyfitter_cfg.c ****     #else
  40:Generated_Source\PSoC4/cyfitter_cfg.c ****         #define CY_CFG_MEMORY_BARRIER() __sync_synchronize()
  41:Generated_Source\PSoC4/cyfitter_cfg.c ****     #endif
  42:Generated_Source\PSoC4/cyfitter_cfg.c ****     
  43:Generated_Source\PSoC4/cyfitter_cfg.c **** #elif defined(__ICCARM__)
  44:Generated_Source\PSoC4/cyfitter_cfg.c ****     #include <intrinsics.h>
  45:Generated_Source\PSoC4/cyfitter_cfg.c **** 
  46:Generated_Source\PSoC4/cyfitter_cfg.c ****     #define CYPACKED __packed
  47:Generated_Source\PSoC4/cyfitter_cfg.c ****     #define CYPACKED_ATTR 
  48:Generated_Source\PSoC4/cyfitter_cfg.c ****     #define CYALIGNED _Pragma("data_alignment=4")
  49:Generated_Source\PSoC4/cyfitter_cfg.c ****     #define CY_CFG_UNUSED _Pragma("diag_suppress=Pe177")
  50:Generated_Source\PSoC4/cyfitter_cfg.c ****     #define CY_CFG_SECTION _Pragma("location=\".psocinit\"")
  51:Generated_Source\PSoC4/cyfitter_cfg.c ****     
  52:Generated_Source\PSoC4/cyfitter_cfg.c ****     #define CY_CFG_MEMORY_BARRIER() __DMB()
  53:Generated_Source\PSoC4/cyfitter_cfg.c ****     
  54:Generated_Source\PSoC4/cyfitter_cfg.c **** #else
  55:Generated_Source\PSoC4/cyfitter_cfg.c ****     #error Unsupported toolchain
  56:Generated_Source\PSoC4/cyfitter_cfg.c **** #endif
  57:Generated_Source\PSoC4/cyfitter_cfg.c **** 
  58:Generated_Source\PSoC4/cyfitter_cfg.c **** #ifndef CYCODE
  59:Generated_Source\PSoC4/cyfitter_cfg.c ****     #define CYCODE
  60:Generated_Source\PSoC4/cyfitter_cfg.c **** #endif
  61:Generated_Source\PSoC4/cyfitter_cfg.c **** #ifndef CYDATA
  62:Generated_Source\PSoC4/cyfitter_cfg.c ****     #define CYDATA
  63:Generated_Source\PSoC4/cyfitter_cfg.c **** #endif
  64:Generated_Source\PSoC4/cyfitter_cfg.c **** #ifndef CYFAR
  65:Generated_Source\PSoC4/cyfitter_cfg.c ****     #define CYFAR
  66:Generated_Source\PSoC4/cyfitter_cfg.c **** #endif
  67:Generated_Source\PSoC4/cyfitter_cfg.c **** #ifndef CYXDATA
  68:Generated_Source\PSoC4/cyfitter_cfg.c ****     #define CYXDATA
  69:Generated_Source\PSoC4/cyfitter_cfg.c **** #endif
  70:Generated_Source\PSoC4/cyfitter_cfg.c **** 
  71:Generated_Source\PSoC4/cyfitter_cfg.c **** 
  72:Generated_Source\PSoC4/cyfitter_cfg.c **** CY_CFG_UNUSED
  73:Generated_Source\PSoC4/cyfitter_cfg.c **** static void CYMEMZERO(void *s, size_t n);
  74:Generated_Source\PSoC4/cyfitter_cfg.c **** CY_CFG_UNUSED
  75:Generated_Source\PSoC4/cyfitter_cfg.c **** static void CYMEMZERO(void *s, size_t n)
  76:Generated_Source\PSoC4/cyfitter_cfg.c **** {
  77:Generated_Source\PSoC4/cyfitter_cfg.c **** 	(void)memset(s, 0, n);
  78:Generated_Source\PSoC4/cyfitter_cfg.c **** }
  79:Generated_Source\PSoC4/cyfitter_cfg.c **** CY_CFG_UNUSED
  80:Generated_Source\PSoC4/cyfitter_cfg.c **** static void CYCONFIGCPY(void *dest, const void *src, size_t n);
  81:Generated_Source\PSoC4/cyfitter_cfg.c **** CY_CFG_UNUSED
  82:Generated_Source\PSoC4/cyfitter_cfg.c **** static void CYCONFIGCPY(void *dest, const void *src, size_t n)
  83:Generated_Source\PSoC4/cyfitter_cfg.c **** {
  84:Generated_Source\PSoC4/cyfitter_cfg.c **** 	(void)memcpy(dest, src, n);
  85:Generated_Source\PSoC4/cyfitter_cfg.c **** }
  86:Generated_Source\PSoC4/cyfitter_cfg.c **** CY_CFG_UNUSED
  87:Generated_Source\PSoC4/cyfitter_cfg.c **** static void CYCONFIGCPYCODE(void *dest, const void *src, size_t n);
  88:Generated_Source\PSoC4/cyfitter_cfg.c **** CY_CFG_UNUSED
ARM GAS  C:\Users\Usuario\AppData\Local\Temp\cc5uJanU.s 			page 3


  89:Generated_Source\PSoC4/cyfitter_cfg.c **** static void CYCONFIGCPYCODE(void *dest, const void *src, size_t n)
  90:Generated_Source\PSoC4/cyfitter_cfg.c **** {
  91:Generated_Source\PSoC4/cyfitter_cfg.c **** 	(void)memcpy(dest, src, n);
  92:Generated_Source\PSoC4/cyfitter_cfg.c **** }
  93:Generated_Source\PSoC4/cyfitter_cfg.c **** 
  94:Generated_Source\PSoC4/cyfitter_cfg.c **** 
  95:Generated_Source\PSoC4/cyfitter_cfg.c **** 
  96:Generated_Source\PSoC4/cyfitter_cfg.c **** 
  97:Generated_Source\PSoC4/cyfitter_cfg.c **** /* Clock startup error codes                                                   */
  98:Generated_Source\PSoC4/cyfitter_cfg.c **** #define CYCLOCKSTART_NO_ERROR    0u
  99:Generated_Source\PSoC4/cyfitter_cfg.c **** #define CYCLOCKSTART_XTAL_ERROR  1u
 100:Generated_Source\PSoC4/cyfitter_cfg.c **** #define CYCLOCKSTART_32KHZ_ERROR 2u
 101:Generated_Source\PSoC4/cyfitter_cfg.c **** #define CYCLOCKSTART_PLL_ERROR   3u
 102:Generated_Source\PSoC4/cyfitter_cfg.c **** #define CYCLOCKSTART_FLL_ERROR   4u
 103:Generated_Source\PSoC4/cyfitter_cfg.c **** #define CYCLOCKSTART_WCO_ERROR   5u
 104:Generated_Source\PSoC4/cyfitter_cfg.c **** 
 105:Generated_Source\PSoC4/cyfitter_cfg.c **** 
 106:Generated_Source\PSoC4/cyfitter_cfg.c **** #ifdef CY_NEED_CYCLOCKSTARTUPERROR
 107:Generated_Source\PSoC4/cyfitter_cfg.c **** /*******************************************************************************
 108:Generated_Source\PSoC4/cyfitter_cfg.c **** * Function Name: CyClockStartupError
 109:Generated_Source\PSoC4/cyfitter_cfg.c **** ********************************************************************************
 110:Generated_Source\PSoC4/cyfitter_cfg.c **** * Summary:
 111:Generated_Source\PSoC4/cyfitter_cfg.c **** *  If an error is encountered during clock configuration (crystal startup error,
 112:Generated_Source\PSoC4/cyfitter_cfg.c **** *  PLL lock error, etc.), the system will end up here.  Unless reimplemented by
 113:Generated_Source\PSoC4/cyfitter_cfg.c **** *  the customer, this function will stop in an infinite loop.
 114:Generated_Source\PSoC4/cyfitter_cfg.c **** *
 115:Generated_Source\PSoC4/cyfitter_cfg.c **** * Parameters:
 116:Generated_Source\PSoC4/cyfitter_cfg.c **** *   void
 117:Generated_Source\PSoC4/cyfitter_cfg.c **** *
 118:Generated_Source\PSoC4/cyfitter_cfg.c **** * Return:
 119:Generated_Source\PSoC4/cyfitter_cfg.c **** *   void
 120:Generated_Source\PSoC4/cyfitter_cfg.c **** *
 121:Generated_Source\PSoC4/cyfitter_cfg.c **** *******************************************************************************/
 122:Generated_Source\PSoC4/cyfitter_cfg.c **** CY_CFG_UNUSED
 123:Generated_Source\PSoC4/cyfitter_cfg.c **** static void CyClockStartupError(uint8 errorCode);
 124:Generated_Source\PSoC4/cyfitter_cfg.c **** CY_CFG_UNUSED
 125:Generated_Source\PSoC4/cyfitter_cfg.c **** static void CyClockStartupError(uint8 errorCode)
 126:Generated_Source\PSoC4/cyfitter_cfg.c **** {
 127:Generated_Source\PSoC4/cyfitter_cfg.c ****     /* To remove the compiler warning if errorCode not used.                */
 128:Generated_Source\PSoC4/cyfitter_cfg.c ****     errorCode = errorCode;
 129:Generated_Source\PSoC4/cyfitter_cfg.c **** 
 130:Generated_Source\PSoC4/cyfitter_cfg.c ****     /* If we have a clock startup error (bad MHz crystal, PLL lock, etc.),  */
 131:Generated_Source\PSoC4/cyfitter_cfg.c ****     /* we will end up here to allow the customer to implement something to  */
 132:Generated_Source\PSoC4/cyfitter_cfg.c ****     /* deal with the clock condition.                                       */
 133:Generated_Source\PSoC4/cyfitter_cfg.c **** 
 134:Generated_Source\PSoC4/cyfitter_cfg.c **** #ifdef CY_CFG_CLOCK_STARTUP_ERROR_CALLBACK
 135:Generated_Source\PSoC4/cyfitter_cfg.c ****     CY_CFG_Clock_Startup_ErrorCallback();
 136:Generated_Source\PSoC4/cyfitter_cfg.c **** #else
 137:Generated_Source\PSoC4/cyfitter_cfg.c ****     /*  If not using CY_CFG_CLOCK_STARTUP_ERROR_CALLBACK, place your clock startup code here. */
 138:Generated_Source\PSoC4/cyfitter_cfg.c ****     /* `#START CyClockStartupError` */
 139:Generated_Source\PSoC4/cyfitter_cfg.c **** 
 140:Generated_Source\PSoC4/cyfitter_cfg.c **** 
 141:Generated_Source\PSoC4/cyfitter_cfg.c **** 
 142:Generated_Source\PSoC4/cyfitter_cfg.c ****     /* `#END` */
 143:Generated_Source\PSoC4/cyfitter_cfg.c **** 
 144:Generated_Source\PSoC4/cyfitter_cfg.c ****     while(1) {}
 145:Generated_Source\PSoC4/cyfitter_cfg.c **** #endif /* CY_CFG_CLOCK_STARTUP_ERROR_CALLBACK */
ARM GAS  C:\Users\Usuario\AppData\Local\Temp\cc5uJanU.s 			page 4


 146:Generated_Source\PSoC4/cyfitter_cfg.c **** }
 147:Generated_Source\PSoC4/cyfitter_cfg.c **** #endif
 148:Generated_Source\PSoC4/cyfitter_cfg.c **** 
 149:Generated_Source\PSoC4/cyfitter_cfg.c **** 
 150:Generated_Source\PSoC4/cyfitter_cfg.c **** 
 151:Generated_Source\PSoC4/cyfitter_cfg.c **** /*******************************************************************************
 152:Generated_Source\PSoC4/cyfitter_cfg.c **** * Function Name: ClockSetup
 153:Generated_Source\PSoC4/cyfitter_cfg.c **** ********************************************************************************
 154:Generated_Source\PSoC4/cyfitter_cfg.c **** *
 155:Generated_Source\PSoC4/cyfitter_cfg.c **** * Summary:
 156:Generated_Source\PSoC4/cyfitter_cfg.c **** *   Performs the initialization of all of the clocks in the device based on the
 157:Generated_Source\PSoC4/cyfitter_cfg.c **** *   settings in the Clock tab of the DWR.  This includes enabling the requested
 158:Generated_Source\PSoC4/cyfitter_cfg.c **** *   clocks and setting the necessary dividers to produce the desired frequency. 
 159:Generated_Source\PSoC4/cyfitter_cfg.c **** *
 160:Generated_Source\PSoC4/cyfitter_cfg.c **** * Parameters:
 161:Generated_Source\PSoC4/cyfitter_cfg.c **** *   void
 162:Generated_Source\PSoC4/cyfitter_cfg.c **** *
 163:Generated_Source\PSoC4/cyfitter_cfg.c **** * Return:
 164:Generated_Source\PSoC4/cyfitter_cfg.c **** *   void
 165:Generated_Source\PSoC4/cyfitter_cfg.c **** *
 166:Generated_Source\PSoC4/cyfitter_cfg.c **** *******************************************************************************/
 167:Generated_Source\PSoC4/cyfitter_cfg.c **** static void ClockSetup(void);
 168:Generated_Source\PSoC4/cyfitter_cfg.c **** CY_CFG_SECTION
 169:Generated_Source\PSoC4/cyfitter_cfg.c **** static void ClockSetup(void)
 170:Generated_Source\PSoC4/cyfitter_cfg.c **** {
  27              		.loc 1 170 0
  28              		.cfi_startproc
  29              		@ args = 0, pretend = 0, frame = 0
  30              		@ frame_needed = 0, uses_anonymous_args = 0
  31 0000 10B5     		push	{r4, lr}
  32              		.cfi_def_cfa_offset 8
  33              		.cfi_offset 4, -8
  34              		.cfi_offset 14, -4
 171:Generated_Source\PSoC4/cyfitter_cfg.c **** 
 172:Generated_Source\PSoC4/cyfitter_cfg.c **** 	/* Set Flash Cycles based on max possible frequency in case a glitch occurs during ClockSetup(). *
 173:Generated_Source\PSoC4/cyfitter_cfg.c **** 	CY_SET_REG32((void CYXDATA *)(CYREG_CPUSS_FLASH_CTL), (0x0012u));
  35              		.loc 1 173 0
  36 0002 1B4C     		ldr	r4, .L2
  37 0004 1223     		movs	r3, #18
  38 0006 2360     		str	r3, [r4]
 174:Generated_Source\PSoC4/cyfitter_cfg.c **** 	/* Update IMO to new clock speed. */
 175:Generated_Source\PSoC4/cyfitter_cfg.c **** 	CySysClkWriteImoFreq(24u);
  39              		.loc 1 175 0
  40 0008 1820     		movs	r0, #24
  41 000a FFF7FEFF 		bl	CySysClkWriteImoFreq
  42              	.LVL0:
 176:Generated_Source\PSoC4/cyfitter_cfg.c **** 
 177:Generated_Source\PSoC4/cyfitter_cfg.c **** 	/* Setup phase aligned clocks */
 178:Generated_Source\PSoC4/cyfitter_cfg.c **** 	CY_SET_REG32((void *)CYREG_PERI_DIV_16_CTL1, 0x00000100u);
  43              		.loc 1 178 0
  44 000e 8022     		movs	r2, #128
  45 0010 5200     		lsls	r2, r2, #1
  46 0012 184B     		ldr	r3, .L2+4
  47 0014 1A60     		str	r2, [r3]
 179:Generated_Source\PSoC4/cyfitter_cfg.c **** 	CY_SET_REG32((void *)CYREG_PERI_DIV_CMD, 0x8000FF41u);
  48              		.loc 1 179 0
  49 0016 184B     		ldr	r3, .L2+8
ARM GAS  C:\Users\Usuario\AppData\Local\Temp\cc5uJanU.s 			page 5


  50 0018 1849     		ldr	r1, .L2+12
  51 001a 1960     		str	r1, [r3]
 180:Generated_Source\PSoC4/cyfitter_cfg.c **** 	CY_SET_REG32((void *)CYREG_PERI_DIV_16_CTL3, 0x00000100u);
  52              		.loc 1 180 0
  53 001c 1849     		ldr	r1, .L2+16
  54 001e 0A60     		str	r2, [r1]
 181:Generated_Source\PSoC4/cyfitter_cfg.c **** 	CY_SET_REG32((void *)CYREG_PERI_DIV_CMD, 0x8000FF43u);
  55              		.loc 1 181 0
  56 0020 1849     		ldr	r1, .L2+20
  57 0022 1960     		str	r1, [r3]
 182:Generated_Source\PSoC4/cyfitter_cfg.c **** 	CY_SET_REG32((void *)CYREG_PERI_DIV_16_CTL2, 0x00000100u);
  58              		.loc 1 182 0
  59 0024 1849     		ldr	r1, .L2+24
  60 0026 0A60     		str	r2, [r1]
 183:Generated_Source\PSoC4/cyfitter_cfg.c **** 	CY_SET_REG32((void *)CYREG_PERI_DIV_CMD, 0x8000FF42u);
  61              		.loc 1 183 0
  62 0028 184A     		ldr	r2, .L2+28
  63 002a 1A60     		str	r2, [r3]
 184:Generated_Source\PSoC4/cyfitter_cfg.c **** 	CY_SET_REG32((void *)CYREG_PERI_DIV_16_CTL0, 0x0000FE00u);
  64              		.loc 1 184 0
  65 002c FE21     		movs	r1, #254
  66 002e 0902     		lsls	r1, r1, #8
  67 0030 174A     		ldr	r2, .L2+32
  68 0032 1160     		str	r1, [r2]
 185:Generated_Source\PSoC4/cyfitter_cfg.c **** 	CY_SET_REG32((void *)CYREG_PERI_DIV_CMD, 0x8000FF40u);
  69              		.loc 1 185 0
  70 0034 174A     		ldr	r2, .L2+36
  71 0036 1A60     		str	r2, [r3]
 186:Generated_Source\PSoC4/cyfitter_cfg.c **** 	CY_SET_REG32((void *)CYREG_PERI_DIV_16_CTL4, 0x00001000u);
  72              		.loc 1 186 0
  73 0038 8021     		movs	r1, #128
  74 003a 4901     		lsls	r1, r1, #5
  75 003c 164A     		ldr	r2, .L2+40
  76 003e 1160     		str	r1, [r2]
 187:Generated_Source\PSoC4/cyfitter_cfg.c **** 	CY_SET_REG32((void *)CYREG_PERI_DIV_CMD, 0x8000FF44u);
  77              		.loc 1 187 0
  78 0040 164A     		ldr	r2, .L2+44
  79 0042 1A60     		str	r2, [r3]
 188:Generated_Source\PSoC4/cyfitter_cfg.c **** 
 189:Generated_Source\PSoC4/cyfitter_cfg.c **** 	/* CYDEV_CLK_SELECT Starting address: CYDEV_CLK_SELECT */
 190:Generated_Source\PSoC4/cyfitter_cfg.c **** 	CY_SET_REG32((void *)(CYREG_CLK_SELECT), 0x00000000u);
  80              		.loc 1 190 0
  81 0044 0022     		movs	r2, #0
  82 0046 164B     		ldr	r3, .L2+48
  83 0048 1A60     		str	r2, [r3]
 191:Generated_Source\PSoC4/cyfitter_cfg.c **** 
 192:Generated_Source\PSoC4/cyfitter_cfg.c **** 	/* CYDEV_PERI_PCLK_CTL6 Starting address: CYDEV_PERI_PCLK_CTL6 */
 193:Generated_Source\PSoC4/cyfitter_cfg.c **** 	CY_SET_REG32((void *)(CYREG_PERI_PCLK_CTL6), 0x00000041u);
  84              		.loc 1 193 0
  85 004a 4132     		adds	r2, r2, #65
  86 004c 154B     		ldr	r3, .L2+52
  87 004e 1A60     		str	r2, [r3]
 194:Generated_Source\PSoC4/cyfitter_cfg.c **** 
 195:Generated_Source\PSoC4/cyfitter_cfg.c **** 	/* CYDEV_PERI_PCLK_CTL5 Starting address: CYDEV_PERI_PCLK_CTL5 */
 196:Generated_Source\PSoC4/cyfitter_cfg.c **** 	CY_SET_REG32((void *)(CYREG_PERI_PCLK_CTL5), 0x00000043u);
  88              		.loc 1 196 0
  89 0050 0232     		adds	r2, r2, #2
ARM GAS  C:\Users\Usuario\AppData\Local\Temp\cc5uJanU.s 			page 6


  90 0052 154B     		ldr	r3, .L2+56
  91 0054 1A60     		str	r2, [r3]
 197:Generated_Source\PSoC4/cyfitter_cfg.c **** 
 198:Generated_Source\PSoC4/cyfitter_cfg.c **** 	/* CYDEV_PERI_PCLK_CTL4 Starting address: CYDEV_PERI_PCLK_CTL4 */
 199:Generated_Source\PSoC4/cyfitter_cfg.c **** 	CY_SET_REG32((void *)(CYREG_PERI_PCLK_CTL4), 0x00000042u);
  92              		.loc 1 199 0
  93 0056 013A     		subs	r2, r2, #1
  94 0058 144B     		ldr	r3, .L2+60
  95 005a 1A60     		str	r2, [r3]
 200:Generated_Source\PSoC4/cyfitter_cfg.c **** 
 201:Generated_Source\PSoC4/cyfitter_cfg.c **** 	/* CYDEV_PERI_PCLK_CTL2 Starting address: CYDEV_PERI_PCLK_CTL2 */
 202:Generated_Source\PSoC4/cyfitter_cfg.c **** 	CY_SET_REG32((void *)(CYREG_PERI_PCLK_CTL2), 0x00000040u);
  96              		.loc 1 202 0
  97 005c 023A     		subs	r2, r2, #2
  98 005e 144B     		ldr	r3, .L2+64
  99 0060 1A60     		str	r2, [r3]
 203:Generated_Source\PSoC4/cyfitter_cfg.c **** 
 204:Generated_Source\PSoC4/cyfitter_cfg.c **** 	/* CYDEV_PERI_PCLK_CTL1 Starting address: CYDEV_PERI_PCLK_CTL1 */
 205:Generated_Source\PSoC4/cyfitter_cfg.c **** 	CY_SET_REG32((void *)(CYREG_PERI_PCLK_CTL1), 0x00000044u);
 100              		.loc 1 205 0
 101 0062 0432     		adds	r2, r2, #4
 102 0064 134B     		ldr	r3, .L2+68
 103 0066 1A60     		str	r2, [r3]
 206:Generated_Source\PSoC4/cyfitter_cfg.c **** 
 207:Generated_Source\PSoC4/cyfitter_cfg.c **** 	/* Set Flash Cycles based on newly configured 24.00MHz HFCLK. */
 208:Generated_Source\PSoC4/cyfitter_cfg.c **** 	CY_SET_REG32((void CYXDATA *)(CYREG_CPUSS_FLASH_CTL), (0x0011u));
 104              		.loc 1 208 0
 105 0068 1123     		movs	r3, #17
 106 006a 2360     		str	r3, [r4]
 209:Generated_Source\PSoC4/cyfitter_cfg.c **** }
 107              		.loc 1 209 0
 108              		@ sp needed
 109 006c 10BD     		pop	{r4, pc}
 110              	.L3:
 111 006e C046     		.align	2
 112              	.L2:
 113 0070 30001040 		.word	1074790448
 114 0074 04030140 		.word	1073808132
 115 0078 00000140 		.word	1073807360
 116 007c 41FF0080 		.word	-2147418303
 117 0080 0C030140 		.word	1073808140
 118 0084 43FF0080 		.word	-2147418301
 119 0088 08030140 		.word	1073808136
 120 008c 42FF0080 		.word	-2147418302
 121 0090 00030140 		.word	1073808128
 122 0094 40FF0080 		.word	-2147418304
 123 0098 10030140 		.word	1073808144
 124 009c 44FF0080 		.word	-2147418300
 125 00a0 28000340 		.word	1073938472
 126 00a4 18010140 		.word	1073807640
 127 00a8 14010140 		.word	1073807636
 128 00ac 10010140 		.word	1073807632
 129 00b0 08010140 		.word	1073807624
 130 00b4 04010140 		.word	1073807620
 131              		.cfi_endproc
 132              	.LFE4:
 133              		.size	ClockSetup, .-ClockSetup
ARM GAS  C:\Users\Usuario\AppData\Local\Temp\cc5uJanU.s 			page 7


 134              		.section	.text.SetAnalogRoutingPumps,"ax",%progbits
 135              		.align	2
 136              		.global	SetAnalogRoutingPumps
 137              		.code	16
 138              		.thumb_func
 139              		.type	SetAnalogRoutingPumps, %function
 140              	SetAnalogRoutingPumps:
 141              	.LFB6:
 210:Generated_Source\PSoC4/cyfitter_cfg.c **** 
 211:Generated_Source\PSoC4/cyfitter_cfg.c **** 
 212:Generated_Source\PSoC4/cyfitter_cfg.c **** /* Analog API Functions */
 213:Generated_Source\PSoC4/cyfitter_cfg.c **** 
 214:Generated_Source\PSoC4/cyfitter_cfg.c **** 
 215:Generated_Source\PSoC4/cyfitter_cfg.c **** /*******************************************************************************
 216:Generated_Source\PSoC4/cyfitter_cfg.c **** * Function Name: AnalogSetDefault
 217:Generated_Source\PSoC4/cyfitter_cfg.c **** ********************************************************************************
 218:Generated_Source\PSoC4/cyfitter_cfg.c **** *
 219:Generated_Source\PSoC4/cyfitter_cfg.c **** * Summary:
 220:Generated_Source\PSoC4/cyfitter_cfg.c **** *  Sets up the analog portions of the chip to default values based on chip
 221:Generated_Source\PSoC4/cyfitter_cfg.c **** *  configuration options from the project.
 222:Generated_Source\PSoC4/cyfitter_cfg.c **** *
 223:Generated_Source\PSoC4/cyfitter_cfg.c **** * Parameters:
 224:Generated_Source\PSoC4/cyfitter_cfg.c **** *  void
 225:Generated_Source\PSoC4/cyfitter_cfg.c **** *
 226:Generated_Source\PSoC4/cyfitter_cfg.c **** * Return:
 227:Generated_Source\PSoC4/cyfitter_cfg.c **** *  void
 228:Generated_Source\PSoC4/cyfitter_cfg.c **** *
 229:Generated_Source\PSoC4/cyfitter_cfg.c **** *******************************************************************************/
 230:Generated_Source\PSoC4/cyfitter_cfg.c **** static void AnalogSetDefault(void);
 231:Generated_Source\PSoC4/cyfitter_cfg.c **** static void AnalogSetDefault(void)
 232:Generated_Source\PSoC4/cyfitter_cfg.c **** {
 233:Generated_Source\PSoC4/cyfitter_cfg.c **** 	CY_SET_XTND_REG32((void CYFAR *)CYREG_CSD_SW_BYP_SEL, 0x00001000u);
 234:Generated_Source\PSoC4/cyfitter_cfg.c **** 	CY_SET_XTND_REG32((void CYFAR *)CYREG_CSD_SW_DSI_SEL, 0x00000011u);
 235:Generated_Source\PSoC4/cyfitter_cfg.c **** 	SetAnalogRoutingPumps(1);
 236:Generated_Source\PSoC4/cyfitter_cfg.c **** }
 237:Generated_Source\PSoC4/cyfitter_cfg.c **** 
 238:Generated_Source\PSoC4/cyfitter_cfg.c **** 
 239:Generated_Source\PSoC4/cyfitter_cfg.c **** /*******************************************************************************
 240:Generated_Source\PSoC4/cyfitter_cfg.c **** * Function Name: SetAnalogRoutingPumps
 241:Generated_Source\PSoC4/cyfitter_cfg.c **** ********************************************************************************
 242:Generated_Source\PSoC4/cyfitter_cfg.c **** *
 243:Generated_Source\PSoC4/cyfitter_cfg.c **** * Summary:
 244:Generated_Source\PSoC4/cyfitter_cfg.c **** * Enables or disables the analog pumps feeding analog routing switches.
 245:Generated_Source\PSoC4/cyfitter_cfg.c **** * Intended to be called at startup, based on the Vdda system configuration;
 246:Generated_Source\PSoC4/cyfitter_cfg.c **** * may be called during operation when the user informs us that the Vdda voltage crossed the pump th
 247:Generated_Source\PSoC4/cyfitter_cfg.c **** *
 248:Generated_Source\PSoC4/cyfitter_cfg.c **** * Parameters:
 249:Generated_Source\PSoC4/cyfitter_cfg.c **** *  enabled - 1 to enable the pumps, 0 to disable the pumps
 250:Generated_Source\PSoC4/cyfitter_cfg.c **** *
 251:Generated_Source\PSoC4/cyfitter_cfg.c **** * Return:
 252:Generated_Source\PSoC4/cyfitter_cfg.c **** *  void
 253:Generated_Source\PSoC4/cyfitter_cfg.c **** *
 254:Generated_Source\PSoC4/cyfitter_cfg.c **** *******************************************************************************/
 255:Generated_Source\PSoC4/cyfitter_cfg.c **** void SetAnalogRoutingPumps(uint8 enabled)
 256:Generated_Source\PSoC4/cyfitter_cfg.c **** {
 142              		.loc 1 256 0
 143              		.cfi_startproc
ARM GAS  C:\Users\Usuario\AppData\Local\Temp\cc5uJanU.s 			page 8


 144              		@ args = 0, pretend = 0, frame = 0
 145              		@ frame_needed = 0, uses_anonymous_args = 0
 146              		@ link register save eliminated.
 147              	.LVL1:
 257:Generated_Source\PSoC4/cyfitter_cfg.c **** 	uint32 regValue = CY_GET_XTND_REG32((void *)(CYREG_HSIOM_PUMP_CTL));
 148              		.loc 1 257 0
 149 0000 0B4B     		ldr	r3, .L9
 150 0002 1B68     		ldr	r3, [r3]
 151              	.LVL2:
 258:Generated_Source\PSoC4/cyfitter_cfg.c **** 	if (enabled != 0u)
 152              		.loc 1 258 0
 153 0004 0028     		cmp	r0, #0
 154 0006 03D0     		beq	.L5
 259:Generated_Source\PSoC4/cyfitter_cfg.c **** 	{
 260:Generated_Source\PSoC4/cyfitter_cfg.c **** 		regValue |= 0x80000000u;
 155              		.loc 1 260 0
 156 0008 8022     		movs	r2, #128
 157 000a 1206     		lsls	r2, r2, #24
 158 000c 1343     		orrs	r3, r2
 159              	.LVL3:
 160 000e 01E0     		b	.L6
 161              	.L5:
 261:Generated_Source\PSoC4/cyfitter_cfg.c **** 	}
 262:Generated_Source\PSoC4/cyfitter_cfg.c **** 	else
 263:Generated_Source\PSoC4/cyfitter_cfg.c **** 	{
 264:Generated_Source\PSoC4/cyfitter_cfg.c **** 		regValue &= ~0x80000000u;
 162              		.loc 1 264 0
 163 0010 5B00     		lsls	r3, r3, #1
 164              	.LVL4:
 165 0012 5B08     		lsrs	r3, r3, #1
 166              	.LVL5:
 167              	.L6:
 265:Generated_Source\PSoC4/cyfitter_cfg.c **** 	}
 266:Generated_Source\PSoC4/cyfitter_cfg.c **** 	CY_SET_XTND_REG32((void *)(CYREG_HSIOM_PUMP_CTL), regValue);
 168              		.loc 1 266 0
 169 0014 064A     		ldr	r2, .L9
 170 0016 1360     		str	r3, [r2]
 267:Generated_Source\PSoC4/cyfitter_cfg.c **** 	regValue = CY_GET_XTND_REG32((void *)(CYREG_CLK_SELECT));
 171              		.loc 1 267 0
 172 0018 064B     		ldr	r3, .L9+4
 173              	.LVL6:
 174 001a 1B68     		ldr	r3, [r3]
 175              	.LVL7:
 268:Generated_Source\PSoC4/cyfitter_cfg.c **** 	if (enabled != 0u)
 176              		.loc 1 268 0
 177 001c 0028     		cmp	r0, #0
 178 001e 02D0     		beq	.L7
 269:Generated_Source\PSoC4/cyfitter_cfg.c **** 	{
 270:Generated_Source\PSoC4/cyfitter_cfg.c **** 		regValue |= 0x00000020u;
 179              		.loc 1 270 0
 180 0020 2022     		movs	r2, #32
 181 0022 1343     		orrs	r3, r2
 182              	.LVL8:
 183 0024 01E0     		b	.L8
 184              	.L7:
 271:Generated_Source\PSoC4/cyfitter_cfg.c **** 	}
 272:Generated_Source\PSoC4/cyfitter_cfg.c **** 	else
ARM GAS  C:\Users\Usuario\AppData\Local\Temp\cc5uJanU.s 			page 9


 273:Generated_Source\PSoC4/cyfitter_cfg.c **** 	{
 274:Generated_Source\PSoC4/cyfitter_cfg.c **** 		regValue &= ~0x00000020u;
 185              		.loc 1 274 0
 186 0026 2022     		movs	r2, #32
 187 0028 9343     		bics	r3, r2
 188              	.LVL9:
 189              	.L8:
 275:Generated_Source\PSoC4/cyfitter_cfg.c **** 	}
 276:Generated_Source\PSoC4/cyfitter_cfg.c **** 	CY_SET_XTND_REG32((void *)(CYREG_CLK_SELECT), regValue);
 190              		.loc 1 276 0
 191 002a 024A     		ldr	r2, .L9+4
 192 002c 1360     		str	r3, [r2]
 277:Generated_Source\PSoC4/cyfitter_cfg.c **** }
 193              		.loc 1 277 0
 194              		@ sp needed
 195 002e 7047     		bx	lr
 196              	.L10:
 197              		.align	2
 198              	.L9:
 199 0030 00200240 		.word	1073881088
 200 0034 28000340 		.word	1073938472
 201              		.cfi_endproc
 202              	.LFE6:
 203              		.size	SetAnalogRoutingPumps, .-SetAnalogRoutingPumps
 204              		.section	.text.AnalogSetDefault,"ax",%progbits
 205              		.align	2
 206              		.code	16
 207              		.thumb_func
 208              		.type	AnalogSetDefault, %function
 209              	AnalogSetDefault:
 210              	.LFB5:
 232:Generated_Source\PSoC4/cyfitter_cfg.c **** 	CY_SET_XTND_REG32((void CYFAR *)CYREG_CSD_SW_BYP_SEL, 0x00001000u);
 211              		.loc 1 232 0
 212              		.cfi_startproc
 213              		@ args = 0, pretend = 0, frame = 0
 214              		@ frame_needed = 0, uses_anonymous_args = 0
 215 0000 10B5     		push	{r4, lr}
 216              		.cfi_def_cfa_offset 8
 217              		.cfi_offset 4, -8
 218              		.cfi_offset 14, -4
 233:Generated_Source\PSoC4/cyfitter_cfg.c **** 	CY_SET_XTND_REG32((void CYFAR *)CYREG_CSD_SW_DSI_SEL, 0x00000011u);
 219              		.loc 1 233 0
 220 0002 8022     		movs	r2, #128
 221 0004 5201     		lsls	r2, r2, #5
 222 0006 044B     		ldr	r3, .L12
 223 0008 1A60     		str	r2, [r3]
 234:Generated_Source\PSoC4/cyfitter_cfg.c **** 	SetAnalogRoutingPumps(1);
 224              		.loc 1 234 0
 225 000a 1122     		movs	r2, #17
 226 000c 034B     		ldr	r3, .L12+4
 227 000e 1A60     		str	r2, [r3]
 235:Generated_Source\PSoC4/cyfitter_cfg.c **** }
 228              		.loc 1 235 0
 229 0010 0120     		movs	r0, #1
 230 0012 FFF7FEFF 		bl	SetAnalogRoutingPumps
 231              	.LVL10:
 236:Generated_Source\PSoC4/cyfitter_cfg.c **** 
ARM GAS  C:\Users\Usuario\AppData\Local\Temp\cc5uJanU.s 			page 10


 232              		.loc 1 236 0
 233              		@ sp needed
 234 0016 10BD     		pop	{r4, pc}
 235              	.L13:
 236              		.align	2
 237              	.L12:
 238 0018 94020B40 		.word	1074463380
 239 001c C0020B40 		.word	1074463424
 240              		.cfi_endproc
 241              	.LFE5:
 242              		.size	AnalogSetDefault, .-AnalogSetDefault
 243              		.section	.psocinit
 244              		.align	2
 245              		.global	cyfitter_cfg
 246              		.code	16
 247              		.thumb_func
 248              		.type	cyfitter_cfg, %function
 249              	cyfitter_cfg:
 250              	.LFB7:
 278:Generated_Source\PSoC4/cyfitter_cfg.c **** 
 279:Generated_Source\PSoC4/cyfitter_cfg.c **** 
 280:Generated_Source\PSoC4/cyfitter_cfg.c **** 
 281:Generated_Source\PSoC4/cyfitter_cfg.c **** 
 282:Generated_Source\PSoC4/cyfitter_cfg.c **** /*******************************************************************************
 283:Generated_Source\PSoC4/cyfitter_cfg.c **** * Function Name: cyfitter_cfg
 284:Generated_Source\PSoC4/cyfitter_cfg.c **** ********************************************************************************
 285:Generated_Source\PSoC4/cyfitter_cfg.c **** * Summary:
 286:Generated_Source\PSoC4/cyfitter_cfg.c **** *  This function is called by the start-up code for the selected device. It
 287:Generated_Source\PSoC4/cyfitter_cfg.c **** *  performs all of the necessary device configuration based on the design
 288:Generated_Source\PSoC4/cyfitter_cfg.c **** *  settings.  This includes settings from the Design Wide Resources (DWR) such
 289:Generated_Source\PSoC4/cyfitter_cfg.c **** *  as Clocks and Pins as well as any component configuration that is necessary.
 290:Generated_Source\PSoC4/cyfitter_cfg.c **** *
 291:Generated_Source\PSoC4/cyfitter_cfg.c **** * Parameters:
 292:Generated_Source\PSoC4/cyfitter_cfg.c **** *   void
 293:Generated_Source\PSoC4/cyfitter_cfg.c **** *
 294:Generated_Source\PSoC4/cyfitter_cfg.c **** * Return:
 295:Generated_Source\PSoC4/cyfitter_cfg.c **** *   void
 296:Generated_Source\PSoC4/cyfitter_cfg.c **** *
 297:Generated_Source\PSoC4/cyfitter_cfg.c **** *******************************************************************************/
 298:Generated_Source\PSoC4/cyfitter_cfg.c **** CY_CFG_SECTION
 299:Generated_Source\PSoC4/cyfitter_cfg.c **** void cyfitter_cfg(void)
 300:Generated_Source\PSoC4/cyfitter_cfg.c **** {
 251              		.loc 1 300 0
 252              		.cfi_startproc
 253              		@ args = 0, pretend = 0, frame = 0
 254              		@ frame_needed = 0, uses_anonymous_args = 0
 255 00b8 10B5     		push	{r4, lr}
 256              		.cfi_def_cfa_offset 8
 257              		.cfi_offset 4, -8
 258              		.cfi_offset 14, -4
 301:Generated_Source\PSoC4/cyfitter_cfg.c **** 	/* Disable interrupts by default. Let user enable if/when they want. */
 302:Generated_Source\PSoC4/cyfitter_cfg.c **** 	CyGlobalIntDisable;
 259              		.loc 1 302 0
 260              		.syntax divided
 261              	@ 302 "Generated_Source\PSoC4\cyfitter_cfg.c" 1
 262 00ba 72B6     		CPSID   i
 263              	@ 0 "" 2
ARM GAS  C:\Users\Usuario\AppData\Local\Temp\cc5uJanU.s 			page 11


 303:Generated_Source\PSoC4/cyfitter_cfg.c **** 
 304:Generated_Source\PSoC4/cyfitter_cfg.c **** 	{
 305:Generated_Source\PSoC4/cyfitter_cfg.c **** 		/* HSIOM Starting address: CYDEV_HSIOM_BASE */
 306:Generated_Source\PSoC4/cyfitter_cfg.c **** 		CY_SET_REG32((void *)(CYDEV_HSIOM_BASE), 0x06006666u);
 264              		.loc 1 306 0
 265              		.thumb
 266              		.syntax unified
 267 00bc 1C4A     		ldr	r2, .L15
 268 00be 1D4B     		ldr	r3, .L15+4
 269 00c0 1A60     		str	r2, [r3]
 307:Generated_Source\PSoC4/cyfitter_cfg.c **** 		CY_SET_REG32((void *)(CYREG_HSIOM_PORT_SEL1), 0x06666808u);
 270              		.loc 1 307 0
 271 00c2 1D4A     		ldr	r2, .L15+8
 272 00c4 1D4B     		ldr	r3, .L15+12
 273 00c6 1A60     		str	r2, [r3]
 308:Generated_Source\PSoC4/cyfitter_cfg.c **** 		CY_SET_REG32((void *)(CYREG_HSIOM_PORT_SEL2), 0x08000000u);
 274              		.loc 1 308 0
 275 00c8 8022     		movs	r2, #128
 276 00ca 1205     		lsls	r2, r2, #20
 277 00cc 1C4B     		ldr	r3, .L15+16
 278 00ce 1A60     		str	r2, [r3]
 309:Generated_Source\PSoC4/cyfitter_cfg.c **** 		CY_SET_REG32((void *)(CYREG_HSIOM_PORT_SEL3), 0x0000EE99u);
 279              		.loc 1 309 0
 280 00d0 1C4A     		ldr	r2, .L15+20
 281 00d2 1D4B     		ldr	r3, .L15+24
 282 00d4 1A60     		str	r2, [r3]
 310:Generated_Source\PSoC4/cyfitter_cfg.c **** 
 311:Generated_Source\PSoC4/cyfitter_cfg.c **** 	}
 312:Generated_Source\PSoC4/cyfitter_cfg.c **** 
 313:Generated_Source\PSoC4/cyfitter_cfg.c **** 	/* Perform second pass device configuration. These items must be configured in specific order afte
 314:Generated_Source\PSoC4/cyfitter_cfg.c **** 	/* IOPINS0_0 Starting address: CYDEV_GPIO_PRT0_BASE */
 315:Generated_Source\PSoC4/cyfitter_cfg.c **** 	CY_SET_REG32((void *)(CYDEV_GPIO_PRT0_BASE), 0x000000DEu);
 283              		.loc 1 315 0
 284 00d6 DE22     		movs	r2, #222
 285 00d8 1C4B     		ldr	r3, .L15+28
 286 00da 1A60     		str	r2, [r3]
 316:Generated_Source\PSoC4/cyfitter_cfg.c **** 	CY_SET_REG32((void *)(CYREG_GPIO_PRT0_PC), 0x00432000u);
 287              		.loc 1 316 0
 288 00dc 1C4A     		ldr	r2, .L15+32
 289 00de 1D4B     		ldr	r3, .L15+36
 290 00e0 1A60     		str	r2, [r3]
 317:Generated_Source\PSoC4/cyfitter_cfg.c **** 	CY_SET_REG32((void *)(CYREG_GPIO_PRT0_PC2), 0x0000004Fu);
 291              		.loc 1 317 0
 292 00e2 4F22     		movs	r2, #79
 293 00e4 1C4B     		ldr	r3, .L15+40
 294 00e6 1A60     		str	r2, [r3]
 318:Generated_Source\PSoC4/cyfitter_cfg.c **** 
 319:Generated_Source\PSoC4/cyfitter_cfg.c **** 	/* IOPINS0_1 Starting address: CYDEV_GPIO_PRT1_BASE */
 320:Generated_Source\PSoC4/cyfitter_cfg.c **** 	CY_SET_REG32((void *)(CYDEV_GPIO_PRT1_BASE), 0x000000E5u);
 295              		.loc 1 320 0
 296 00e8 9632     		adds	r2, r2, #150
 297 00ea 1C4B     		ldr	r3, .L15+44
 298 00ec 1A60     		str	r2, [r3]
 321:Generated_Source\PSoC4/cyfitter_cfg.c **** 	CY_SET_REG32((void *)(CYREG_GPIO_PRT1_PC), 0x00400186u);
 299              		.loc 1 321 0
 300 00ee 1C4A     		ldr	r2, .L15+48
 301 00f0 1C4B     		ldr	r3, .L15+52
ARM GAS  C:\Users\Usuario\AppData\Local\Temp\cc5uJanU.s 			page 12


 302 00f2 1A60     		str	r2, [r3]
 322:Generated_Source\PSoC4/cyfitter_cfg.c **** 	CY_SET_REG32((void *)(CYREG_GPIO_PRT1_PC2), 0x00000078u);
 303              		.loc 1 322 0
 304 00f4 7822     		movs	r2, #120
 305 00f6 1C4B     		ldr	r3, .L15+56
 306 00f8 1A60     		str	r2, [r3]
 323:Generated_Source\PSoC4/cyfitter_cfg.c **** 
 324:Generated_Source\PSoC4/cyfitter_cfg.c **** 	/* IOPINS0_2 Starting address: CYDEV_GPIO_PRT2_BASE */
 325:Generated_Source\PSoC4/cyfitter_cfg.c **** 	CY_SET_REG32((void *)(CYDEV_GPIO_PRT2_BASE), 0x000000FFu);
 307              		.loc 1 325 0
 308 00fa 8732     		adds	r2, r2, #135
 309 00fc 1B4B     		ldr	r3, .L15+60
 310 00fe 1A60     		str	r2, [r3]
 326:Generated_Source\PSoC4/cyfitter_cfg.c **** 	CY_SET_REG32((void *)(CYREG_GPIO_PRT2_PC), 0x005B6DB6u);
 311              		.loc 1 326 0
 312 0100 1B4A     		ldr	r2, .L15+64
 313 0102 1C4B     		ldr	r3, .L15+68
 314 0104 1A60     		str	r2, [r3]
 327:Generated_Source\PSoC4/cyfitter_cfg.c **** 
 328:Generated_Source\PSoC4/cyfitter_cfg.c **** 	/* IOPINS0_3 Starting address: CYDEV_GPIO_PRT3_BASE */
 329:Generated_Source\PSoC4/cyfitter_cfg.c **** 	CY_SET_REG32((void *)(CYDEV_GPIO_PRT3_BASE), 0x00000072u);
 315              		.loc 1 329 0
 316 0106 7222     		movs	r2, #114
 317 0108 1B4B     		ldr	r3, .L15+72
 318 010a 1A60     		str	r2, [r3]
 330:Generated_Source\PSoC4/cyfitter_cfg.c **** 	CY_SET_REG32((void *)(CYREG_GPIO_PRT3_PC), 0x00DB6DB1u);
 319              		.loc 1 330 0
 320 010c 1B4A     		ldr	r2, .L15+76
 321 010e 1C4B     		ldr	r3, .L15+80
 322 0110 1A60     		str	r2, [r3]
 331:Generated_Source\PSoC4/cyfitter_cfg.c **** 	CY_SET_REG32((void *)(CYREG_GPIO_PRT3_PC2), 0x00000002u);
 323              		.loc 1 331 0
 324 0112 0222     		movs	r2, #2
 325 0114 1B4B     		ldr	r3, .L15+84
 326 0116 1A60     		str	r2, [r3]
 332:Generated_Source\PSoC4/cyfitter_cfg.c **** 
 333:Generated_Source\PSoC4/cyfitter_cfg.c **** 	/* IOPINS0_4 Starting address: CYDEV_GPIO_PRT4_BASE */
 334:Generated_Source\PSoC4/cyfitter_cfg.c **** 	CY_SET_REG32((void *)(CYREG_GPIO_PRT4_PC), 0x00000006u);
 327              		.loc 1 334 0
 328 0118 0432     		adds	r2, r2, #4
 329 011a 1B4B     		ldr	r3, .L15+88
 330 011c 1A60     		str	r2, [r3]
 335:Generated_Source\PSoC4/cyfitter_cfg.c **** 	CY_SET_REG32((void *)(CYREG_GPIO_PRT4_PC2), 0x0000000Eu);
 331              		.loc 1 335 0
 332 011e 0832     		adds	r2, r2, #8
 333 0120 1A4B     		ldr	r3, .L15+92
 334 0122 1A60     		str	r2, [r3]
 336:Generated_Source\PSoC4/cyfitter_cfg.c **** 
 337:Generated_Source\PSoC4/cyfitter_cfg.c **** 
 338:Generated_Source\PSoC4/cyfitter_cfg.c **** 	/* Setup clocks based on selections from Clock DWR */
 339:Generated_Source\PSoC4/cyfitter_cfg.c **** 	ClockSetup();
 335              		.loc 1 339 0
 336 0124 FFF76CFF 		bl	ClockSetup
 337              	.LVL11:
 340:Generated_Source\PSoC4/cyfitter_cfg.c **** 
 341:Generated_Source\PSoC4/cyfitter_cfg.c **** 	/* Perform basic analog initialization to defaults */
 342:Generated_Source\PSoC4/cyfitter_cfg.c **** 	AnalogSetDefault();
ARM GAS  C:\Users\Usuario\AppData\Local\Temp\cc5uJanU.s 			page 13


 338              		.loc 1 342 0
 339 0128 FFF7FEFF 		bl	AnalogSetDefault
 340              	.LVL12:
 343:Generated_Source\PSoC4/cyfitter_cfg.c **** 
 344:Generated_Source\PSoC4/cyfitter_cfg.c **** }
 341              		.loc 1 344 0
 342              		@ sp needed
 343 012c 10BD     		pop	{r4, pc}
 344              	.L16:
 345 012e C046     		.align	2
 346              	.L15:
 347 0130 66660006 		.word	100689510
 348 0134 00000240 		.word	1073872896
 349 0138 08686606 		.word	107374600
 350 013c 00010240 		.word	1073873152
 351 0140 00020240 		.word	1073873408
 352 0144 99EE0000 		.word	61081
 353 0148 00030240 		.word	1073873664
 354 014c 00000440 		.word	1074003968
 355 0150 00204300 		.word	4399104
 356 0154 08000440 		.word	1074003976
 357 0158 18000440 		.word	1074003992
 358 015c 00010440 		.word	1074004224
 359 0160 86014000 		.word	4194694
 360 0164 08010440 		.word	1074004232
 361 0168 18010440 		.word	1074004248
 362 016c 00020440 		.word	1074004480
 363 0170 B66D5B00 		.word	5991862
 364 0174 08020440 		.word	1074004488
 365 0178 00030440 		.word	1074004736
 366 017c B16DDB00 		.word	14380465
 367 0180 08030440 		.word	1074004744
 368 0184 18030440 		.word	1074004760
 369 0188 08040440 		.word	1074005000
 370 018c 18040440 		.word	1074005016
 371              		.cfi_endproc
 372              	.LFE7:
 373              		.size	cyfitter_cfg, .-cyfitter_cfg
 374              		.text
 375              	.Letext0:
 376              		.file 2 "Generated_Source\\PSoC4\\cytypes.h"
 377              		.file 3 "Generated_Source\\PSoC4\\CyLib.h"
 378              		.section	.debug_info,"",%progbits
 379              	.Ldebug_info0:
 380 0000 65010000 		.4byte	0x165
 381 0004 0400     		.2byte	0x4
 382 0006 00000000 		.4byte	.Ldebug_abbrev0
 383 000a 04       		.byte	0x4
 384 000b 01       		.uleb128 0x1
 385 000c BB010000 		.4byte	.LASF21
 386 0010 0C       		.byte	0xc
 387 0011 15000000 		.4byte	.LASF22
 388 0015 B2000000 		.4byte	.LASF23
 389 0019 00000000 		.4byte	.Ldebug_ranges0+0
 390 001d 00000000 		.4byte	0
 391 0021 00000000 		.4byte	.Ldebug_line0
 392 0025 02       		.uleb128 0x2
ARM GAS  C:\Users\Usuario\AppData\Local\Temp\cc5uJanU.s 			page 14


 393 0026 04       		.byte	0x4
 394 0027 05       		.byte	0x5
 395 0028 696E7400 		.ascii	"int\000"
 396 002c 03       		.uleb128 0x3
 397 002d 04       		.byte	0x4
 398 002e 07       		.byte	0x7
 399 002f 3B000000 		.4byte	.LASF0
 400 0033 03       		.uleb128 0x3
 401 0034 08       		.byte	0x8
 402 0035 05       		.byte	0x5
 403 0036 00000000 		.4byte	.LASF1
 404 003a 03       		.uleb128 0x3
 405 003b 08       		.byte	0x8
 406 003c 04       		.byte	0x4
 407 003d 94010000 		.4byte	.LASF2
 408 0041 03       		.uleb128 0x3
 409 0042 01       		.byte	0x1
 410 0043 06       		.byte	0x6
 411 0044 88010000 		.4byte	.LASF3
 412 0048 03       		.uleb128 0x3
 413 0049 01       		.byte	0x1
 414 004a 08       		.byte	0x8
 415 004b A4000000 		.4byte	.LASF4
 416 004f 03       		.uleb128 0x3
 417 0050 02       		.byte	0x2
 418 0051 05       		.byte	0x5
 419 0052 B1010000 		.4byte	.LASF5
 420 0056 03       		.uleb128 0x3
 421 0057 02       		.byte	0x2
 422 0058 07       		.byte	0x7
 423 0059 75010000 		.4byte	.LASF6
 424 005d 03       		.uleb128 0x3
 425 005e 04       		.byte	0x4
 426 005f 05       		.byte	0x5
 427 0060 2D010000 		.4byte	.LASF7
 428 0064 03       		.uleb128 0x3
 429 0065 04       		.byte	0x4
 430 0066 07       		.byte	0x7
 431 0067 4E000000 		.4byte	.LASF8
 432 006b 03       		.uleb128 0x3
 433 006c 08       		.byte	0x8
 434 006d 07       		.byte	0x7
 435 006e 6D000000 		.4byte	.LASF9
 436 0072 03       		.uleb128 0x3
 437 0073 04       		.byte	0x4
 438 0074 07       		.byte	0x7
 439 0075 4D020000 		.4byte	.LASF10
 440 0079 03       		.uleb128 0x3
 441 007a 01       		.byte	0x1
 442 007b 08       		.byte	0x8
 443 007c 8A000000 		.4byte	.LASF11
 444 0080 04       		.uleb128 0x4
 445 0081 48000000 		.4byte	.LASF12
 446 0085 02       		.byte	0x2
 447 0086 FC01     		.2byte	0x1fc
 448 0088 48000000 		.4byte	0x48
 449 008c 04       		.uleb128 0x4
ARM GAS  C:\Users\Usuario\AppData\Local\Temp\cc5uJanU.s 			page 15


 450 008d 0E000000 		.4byte	.LASF13
 451 0091 02       		.byte	0x2
 452 0092 FE01     		.2byte	0x1fe
 453 0094 64000000 		.4byte	0x64
 454 0098 03       		.uleb128 0x3
 455 0099 04       		.byte	0x4
 456 009a 04       		.byte	0x4
 457 009b 84000000 		.4byte	.LASF14
 458 009f 03       		.uleb128 0x3
 459 00a0 08       		.byte	0x8
 460 00a1 04       		.byte	0x4
 461 00a2 52010000 		.4byte	.LASF15
 462 00a6 04       		.uleb128 0x4
 463 00a7 6F010000 		.4byte	.LASF16
 464 00ab 02       		.byte	0x2
 465 00ac A802     		.2byte	0x2a8
 466 00ae B2000000 		.4byte	0xb2
 467 00b2 05       		.uleb128 0x5
 468 00b3 8C000000 		.4byte	0x8c
 469 00b7 06       		.uleb128 0x6
 470 00b8 47010000 		.4byte	.LASF17
 471 00bc 01       		.byte	0x1
 472 00bd A9       		.byte	0xa9
 473 00be 00000000 		.4byte	.LFB4
 474 00c2 B8000000 		.4byte	.LFE4-.LFB4
 475 00c6 01       		.uleb128 0x1
 476 00c7 9C       		.byte	0x9c
 477 00c8 DC000000 		.4byte	0xdc
 478 00cc 07       		.uleb128 0x7
 479 00cd 0E000000 		.4byte	.LVL0
 480 00d1 5D010000 		.4byte	0x15d
 481 00d5 08       		.uleb128 0x8
 482 00d6 01       		.uleb128 0x1
 483 00d7 50       		.byte	0x50
 484 00d8 01       		.uleb128 0x1
 485 00d9 48       		.byte	0x48
 486 00da 00       		.byte	0
 487 00db 00       		.byte	0
 488 00dc 09       		.uleb128 0x9
 489 00dd 59010000 		.4byte	.LASF19
 490 00e1 01       		.byte	0x1
 491 00e2 FF       		.byte	0xff
 492 00e3 00000000 		.4byte	.LFB6
 493 00e7 38000000 		.4byte	.LFE6-.LFB6
 494 00eb 01       		.uleb128 0x1
 495 00ec 9C       		.byte	0x9c
 496 00ed 0F010000 		.4byte	0x10f
 497 00f1 0A       		.uleb128 0xa
 498 00f2 A0010000 		.4byte	.LASF24
 499 00f6 01       		.byte	0x1
 500 00f7 FF       		.byte	0xff
 501 00f8 80000000 		.4byte	0x80
 502 00fc 01       		.uleb128 0x1
 503 00fd 50       		.byte	0x50
 504 00fe 0B       		.uleb128 0xb
 505 00ff A8010000 		.4byte	.LASF25
 506 0103 01       		.byte	0x1
ARM GAS  C:\Users\Usuario\AppData\Local\Temp\cc5uJanU.s 			page 16


 507 0104 0101     		.2byte	0x101
 508 0106 8C000000 		.4byte	0x8c
 509 010a 00000000 		.4byte	.LLST0
 510 010e 00       		.byte	0
 511 010f 06       		.uleb128 0x6
 512 0110 36010000 		.4byte	.LASF18
 513 0114 01       		.byte	0x1
 514 0115 E7       		.byte	0xe7
 515 0116 00000000 		.4byte	.LFB5
 516 011a 20000000 		.4byte	.LFE5-.LFB5
 517 011e 01       		.uleb128 0x1
 518 011f 9C       		.byte	0x9c
 519 0120 34010000 		.4byte	0x134
 520 0124 07       		.uleb128 0x7
 521 0125 16000000 		.4byte	.LVL10
 522 0129 DC000000 		.4byte	0xdc
 523 012d 08       		.uleb128 0x8
 524 012e 01       		.uleb128 0x1
 525 012f 50       		.byte	0x50
 526 0130 01       		.uleb128 0x1
 527 0131 31       		.byte	0x31
 528 0132 00       		.byte	0
 529 0133 00       		.byte	0
 530 0134 0C       		.uleb128 0xc
 531 0135 60000000 		.4byte	.LASF20
 532 0139 01       		.byte	0x1
 533 013a 2B01     		.2byte	0x12b
 534 013c B8000000 		.4byte	.LFB7
 535 0140 D8000000 		.4byte	.LFE7-.LFB7
 536 0144 01       		.uleb128 0x1
 537 0145 9C       		.byte	0x9c
 538 0146 5D010000 		.4byte	0x15d
 539 014a 0D       		.uleb128 0xd
 540 014b 28010000 		.4byte	.LVL11
 541 014f B7000000 		.4byte	0xb7
 542 0153 0D       		.uleb128 0xd
 543 0154 2C010000 		.4byte	.LVL12
 544 0158 0F010000 		.4byte	0x10f
 545 015c 00       		.byte	0
 546 015d 0E       		.uleb128 0xe
 547 015e 8F000000 		.4byte	.LASF26
 548 0162 8F000000 		.4byte	.LASF26
 549 0166 03       		.byte	0x3
 550 0167 6C       		.byte	0x6c
 551 0168 00       		.byte	0
 552              		.section	.debug_abbrev,"",%progbits
 553              	.Ldebug_abbrev0:
 554 0000 01       		.uleb128 0x1
 555 0001 11       		.uleb128 0x11
 556 0002 01       		.byte	0x1
 557 0003 25       		.uleb128 0x25
 558 0004 0E       		.uleb128 0xe
 559 0005 13       		.uleb128 0x13
 560 0006 0B       		.uleb128 0xb
 561 0007 03       		.uleb128 0x3
 562 0008 0E       		.uleb128 0xe
 563 0009 1B       		.uleb128 0x1b
ARM GAS  C:\Users\Usuario\AppData\Local\Temp\cc5uJanU.s 			page 17


 564 000a 0E       		.uleb128 0xe
 565 000b 55       		.uleb128 0x55
 566 000c 17       		.uleb128 0x17
 567 000d 11       		.uleb128 0x11
 568 000e 01       		.uleb128 0x1
 569 000f 10       		.uleb128 0x10
 570 0010 17       		.uleb128 0x17
 571 0011 00       		.byte	0
 572 0012 00       		.byte	0
 573 0013 02       		.uleb128 0x2
 574 0014 24       		.uleb128 0x24
 575 0015 00       		.byte	0
 576 0016 0B       		.uleb128 0xb
 577 0017 0B       		.uleb128 0xb
 578 0018 3E       		.uleb128 0x3e
 579 0019 0B       		.uleb128 0xb
 580 001a 03       		.uleb128 0x3
 581 001b 08       		.uleb128 0x8
 582 001c 00       		.byte	0
 583 001d 00       		.byte	0
 584 001e 03       		.uleb128 0x3
 585 001f 24       		.uleb128 0x24
 586 0020 00       		.byte	0
 587 0021 0B       		.uleb128 0xb
 588 0022 0B       		.uleb128 0xb
 589 0023 3E       		.uleb128 0x3e
 590 0024 0B       		.uleb128 0xb
 591 0025 03       		.uleb128 0x3
 592 0026 0E       		.uleb128 0xe
 593 0027 00       		.byte	0
 594 0028 00       		.byte	0
 595 0029 04       		.uleb128 0x4
 596 002a 16       		.uleb128 0x16
 597 002b 00       		.byte	0
 598 002c 03       		.uleb128 0x3
 599 002d 0E       		.uleb128 0xe
 600 002e 3A       		.uleb128 0x3a
 601 002f 0B       		.uleb128 0xb
 602 0030 3B       		.uleb128 0x3b
 603 0031 05       		.uleb128 0x5
 604 0032 49       		.uleb128 0x49
 605 0033 13       		.uleb128 0x13
 606 0034 00       		.byte	0
 607 0035 00       		.byte	0
 608 0036 05       		.uleb128 0x5
 609 0037 35       		.uleb128 0x35
 610 0038 00       		.byte	0
 611 0039 49       		.uleb128 0x49
 612 003a 13       		.uleb128 0x13
 613 003b 00       		.byte	0
 614 003c 00       		.byte	0
 615 003d 06       		.uleb128 0x6
 616 003e 2E       		.uleb128 0x2e
 617 003f 01       		.byte	0x1
 618 0040 03       		.uleb128 0x3
 619 0041 0E       		.uleb128 0xe
 620 0042 3A       		.uleb128 0x3a
ARM GAS  C:\Users\Usuario\AppData\Local\Temp\cc5uJanU.s 			page 18


 621 0043 0B       		.uleb128 0xb
 622 0044 3B       		.uleb128 0x3b
 623 0045 0B       		.uleb128 0xb
 624 0046 27       		.uleb128 0x27
 625 0047 19       		.uleb128 0x19
 626 0048 11       		.uleb128 0x11
 627 0049 01       		.uleb128 0x1
 628 004a 12       		.uleb128 0x12
 629 004b 06       		.uleb128 0x6
 630 004c 40       		.uleb128 0x40
 631 004d 18       		.uleb128 0x18
 632 004e 9742     		.uleb128 0x2117
 633 0050 19       		.uleb128 0x19
 634 0051 01       		.uleb128 0x1
 635 0052 13       		.uleb128 0x13
 636 0053 00       		.byte	0
 637 0054 00       		.byte	0
 638 0055 07       		.uleb128 0x7
 639 0056 898201   		.uleb128 0x4109
 640 0059 01       		.byte	0x1
 641 005a 11       		.uleb128 0x11
 642 005b 01       		.uleb128 0x1
 643 005c 31       		.uleb128 0x31
 644 005d 13       		.uleb128 0x13
 645 005e 00       		.byte	0
 646 005f 00       		.byte	0
 647 0060 08       		.uleb128 0x8
 648 0061 8A8201   		.uleb128 0x410a
 649 0064 00       		.byte	0
 650 0065 02       		.uleb128 0x2
 651 0066 18       		.uleb128 0x18
 652 0067 9142     		.uleb128 0x2111
 653 0069 18       		.uleb128 0x18
 654 006a 00       		.byte	0
 655 006b 00       		.byte	0
 656 006c 09       		.uleb128 0x9
 657 006d 2E       		.uleb128 0x2e
 658 006e 01       		.byte	0x1
 659 006f 3F       		.uleb128 0x3f
 660 0070 19       		.uleb128 0x19
 661 0071 03       		.uleb128 0x3
 662 0072 0E       		.uleb128 0xe
 663 0073 3A       		.uleb128 0x3a
 664 0074 0B       		.uleb128 0xb
 665 0075 3B       		.uleb128 0x3b
 666 0076 0B       		.uleb128 0xb
 667 0077 27       		.uleb128 0x27
 668 0078 19       		.uleb128 0x19
 669 0079 11       		.uleb128 0x11
 670 007a 01       		.uleb128 0x1
 671 007b 12       		.uleb128 0x12
 672 007c 06       		.uleb128 0x6
 673 007d 40       		.uleb128 0x40
 674 007e 18       		.uleb128 0x18
 675 007f 9742     		.uleb128 0x2117
 676 0081 19       		.uleb128 0x19
 677 0082 01       		.uleb128 0x1
ARM GAS  C:\Users\Usuario\AppData\Local\Temp\cc5uJanU.s 			page 19


 678 0083 13       		.uleb128 0x13
 679 0084 00       		.byte	0
 680 0085 00       		.byte	0
 681 0086 0A       		.uleb128 0xa
 682 0087 05       		.uleb128 0x5
 683 0088 00       		.byte	0
 684 0089 03       		.uleb128 0x3
 685 008a 0E       		.uleb128 0xe
 686 008b 3A       		.uleb128 0x3a
 687 008c 0B       		.uleb128 0xb
 688 008d 3B       		.uleb128 0x3b
 689 008e 0B       		.uleb128 0xb
 690 008f 49       		.uleb128 0x49
 691 0090 13       		.uleb128 0x13
 692 0091 02       		.uleb128 0x2
 693 0092 18       		.uleb128 0x18
 694 0093 00       		.byte	0
 695 0094 00       		.byte	0
 696 0095 0B       		.uleb128 0xb
 697 0096 34       		.uleb128 0x34
 698 0097 00       		.byte	0
 699 0098 03       		.uleb128 0x3
 700 0099 0E       		.uleb128 0xe
 701 009a 3A       		.uleb128 0x3a
 702 009b 0B       		.uleb128 0xb
 703 009c 3B       		.uleb128 0x3b
 704 009d 05       		.uleb128 0x5
 705 009e 49       		.uleb128 0x49
 706 009f 13       		.uleb128 0x13
 707 00a0 02       		.uleb128 0x2
 708 00a1 17       		.uleb128 0x17
 709 00a2 00       		.byte	0
 710 00a3 00       		.byte	0
 711 00a4 0C       		.uleb128 0xc
 712 00a5 2E       		.uleb128 0x2e
 713 00a6 01       		.byte	0x1
 714 00a7 3F       		.uleb128 0x3f
 715 00a8 19       		.uleb128 0x19
 716 00a9 03       		.uleb128 0x3
 717 00aa 0E       		.uleb128 0xe
 718 00ab 3A       		.uleb128 0x3a
 719 00ac 0B       		.uleb128 0xb
 720 00ad 3B       		.uleb128 0x3b
 721 00ae 05       		.uleb128 0x5
 722 00af 27       		.uleb128 0x27
 723 00b0 19       		.uleb128 0x19
 724 00b1 11       		.uleb128 0x11
 725 00b2 01       		.uleb128 0x1
 726 00b3 12       		.uleb128 0x12
 727 00b4 06       		.uleb128 0x6
 728 00b5 40       		.uleb128 0x40
 729 00b6 18       		.uleb128 0x18
 730 00b7 9742     		.uleb128 0x2117
 731 00b9 19       		.uleb128 0x19
 732 00ba 01       		.uleb128 0x1
 733 00bb 13       		.uleb128 0x13
 734 00bc 00       		.byte	0
ARM GAS  C:\Users\Usuario\AppData\Local\Temp\cc5uJanU.s 			page 20


 735 00bd 00       		.byte	0
 736 00be 0D       		.uleb128 0xd
 737 00bf 898201   		.uleb128 0x4109
 738 00c2 00       		.byte	0
 739 00c3 11       		.uleb128 0x11
 740 00c4 01       		.uleb128 0x1
 741 00c5 31       		.uleb128 0x31
 742 00c6 13       		.uleb128 0x13
 743 00c7 00       		.byte	0
 744 00c8 00       		.byte	0
 745 00c9 0E       		.uleb128 0xe
 746 00ca 2E       		.uleb128 0x2e
 747 00cb 00       		.byte	0
 748 00cc 3F       		.uleb128 0x3f
 749 00cd 19       		.uleb128 0x19
 750 00ce 3C       		.uleb128 0x3c
 751 00cf 19       		.uleb128 0x19
 752 00d0 6E       		.uleb128 0x6e
 753 00d1 0E       		.uleb128 0xe
 754 00d2 03       		.uleb128 0x3
 755 00d3 0E       		.uleb128 0xe
 756 00d4 3A       		.uleb128 0x3a
 757 00d5 0B       		.uleb128 0xb
 758 00d6 3B       		.uleb128 0x3b
 759 00d7 0B       		.uleb128 0xb
 760 00d8 00       		.byte	0
 761 00d9 00       		.byte	0
 762 00da 00       		.byte	0
 763              		.section	.debug_loc,"",%progbits
 764              	.Ldebug_loc0:
 765              	.LLST0:
 766 0000 04000000 		.4byte	.LVL2
 767 0004 12000000 		.4byte	.LVL4
 768 0008 0100     		.2byte	0x1
 769 000a 53       		.byte	0x53
 770 000b 14000000 		.4byte	.LVL5
 771 000f 1A000000 		.4byte	.LVL6
 772 0013 0100     		.2byte	0x1
 773 0015 53       		.byte	0x53
 774 0016 1A000000 		.4byte	.LVL6
 775 001a 1C000000 		.4byte	.LVL7
 776 001e 0200     		.2byte	0x2
 777 0020 72       		.byte	0x72
 778 0021 00       		.sleb128 0
 779 0022 1C000000 		.4byte	.LVL7
 780 0026 38000000 		.4byte	.LFE6
 781 002a 0100     		.2byte	0x1
 782 002c 53       		.byte	0x53
 783 002d 00000000 		.4byte	0
 784 0031 00000000 		.4byte	0
 785              		.section	.debug_aranges,"",%progbits
 786 0000 34000000 		.4byte	0x34
 787 0004 0200     		.2byte	0x2
 788 0006 00000000 		.4byte	.Ldebug_info0
 789 000a 04       		.byte	0x4
 790 000b 00       		.byte	0
 791 000c 0000     		.2byte	0
ARM GAS  C:\Users\Usuario\AppData\Local\Temp\cc5uJanU.s 			page 21


 792 000e 0000     		.2byte	0
 793 0010 00000000 		.4byte	.LFB4
 794 0014 B8000000 		.4byte	.LFE4-.LFB4
 795 0018 00000000 		.4byte	.LFB6
 796 001c 38000000 		.4byte	.LFE6-.LFB6
 797 0020 00000000 		.4byte	.LFB5
 798 0024 20000000 		.4byte	.LFE5-.LFB5
 799 0028 B8000000 		.4byte	.LFB7
 800 002c D8000000 		.4byte	.LFE7-.LFB7
 801 0030 00000000 		.4byte	0
 802 0034 00000000 		.4byte	0
 803              		.section	.debug_ranges,"",%progbits
 804              	.Ldebug_ranges0:
 805 0000 00000000 		.4byte	.LFB4
 806 0004 B8000000 		.4byte	.LFE4
 807 0008 00000000 		.4byte	.LFB6
 808 000c 38000000 		.4byte	.LFE6
 809 0010 00000000 		.4byte	.LFB5
 810 0014 20000000 		.4byte	.LFE5
 811 0018 B8000000 		.4byte	.LFB7
 812 001c 90010000 		.4byte	.LFE7
 813 0020 00000000 		.4byte	0
 814 0024 00000000 		.4byte	0
 815              		.section	.debug_line,"",%progbits
 816              	.Ldebug_line0:
 817 0000 C8000000 		.section	.debug_str,"MS",%progbits,1
 817      02005400 
 817      00000201 
 817      FB0E0D00 
 817      01010101 
 818              	.LASF1:
 819 0000 6C6F6E67 		.ascii	"long long int\000"
 819      206C6F6E 
 819      6720696E 
 819      7400
 820              	.LASF13:
 821 000e 75696E74 		.ascii	"uint32\000"
 821      333200
 822              	.LASF22:
 823 0015 47656E65 		.ascii	"Generated_Source\\PSoC4\\cyfitter_cfg.c\000"
 823      72617465 
 823      645F536F 
 823      75726365 
 823      5C50536F 
 824              	.LASF0:
 825 003b 756E7369 		.ascii	"unsigned int\000"
 825      676E6564 
 825      20696E74 
 825      00
 826              	.LASF12:
 827 0048 75696E74 		.ascii	"uint8\000"
 827      3800
 828              	.LASF8:
 829 004e 6C6F6E67 		.ascii	"long unsigned int\000"
 829      20756E73 
 829      69676E65 
 829      6420696E 
ARM GAS  C:\Users\Usuario\AppData\Local\Temp\cc5uJanU.s 			page 22


 829      7400
 830              	.LASF20:
 831 0060 63796669 		.ascii	"cyfitter_cfg\000"
 831      74746572 
 831      5F636667 
 831      00
 832              	.LASF9:
 833 006d 6C6F6E67 		.ascii	"long long unsigned int\000"
 833      206C6F6E 
 833      6720756E 
 833      7369676E 
 833      65642069 
 834              	.LASF14:
 835 0084 666C6F61 		.ascii	"float\000"
 835      7400
 836              	.LASF11:
 837 008a 63686172 		.ascii	"char\000"
 837      00
 838              	.LASF26:
 839 008f 43795379 		.ascii	"CySysClkWriteImoFreq\000"
 839      73436C6B 
 839      57726974 
 839      65496D6F 
 839      46726571 
 840              	.LASF4:
 841 00a4 756E7369 		.ascii	"unsigned char\000"
 841      676E6564 
 841      20636861 
 841      7200
 842              	.LASF23:
 843 00b2 443A5C44 		.ascii	"D:\\Documentos\\UD\\2023-3\\Proyecto de grado\\Ejem"
 843      6F63756D 
 843      656E746F 
 843      735C5544 
 843      5C323032 
 844 00e0 706C6F73 		.ascii	"plos\\Configuracion General\\Configuracion_General\\"
 844      5C436F6E 
 844      66696775 
 844      72616369 
 844      6F6E2047 
 845 0111 436F6E66 		.ascii	"Configuracion_General.cydsn\000"
 845      69677572 
 845      6163696F 
 845      6E5F4765 
 845      6E657261 
 846              	.LASF7:
 847 012d 6C6F6E67 		.ascii	"long int\000"
 847      20696E74 
 847      00
 848              	.LASF18:
 849 0136 416E616C 		.ascii	"AnalogSetDefault\000"
 849      6F675365 
 849      74446566 
 849      61756C74 
 849      00
 850              	.LASF17:
 851 0147 436C6F63 		.ascii	"ClockSetup\000"
ARM GAS  C:\Users\Usuario\AppData\Local\Temp\cc5uJanU.s 			page 23


 851      6B536574 
 851      757000
 852              	.LASF15:
 853 0152 646F7562 		.ascii	"double\000"
 853      6C6500
 854              	.LASF19:
 855 0159 53657441 		.ascii	"SetAnalogRoutingPumps\000"
 855      6E616C6F 
 855      67526F75 
 855      74696E67 
 855      50756D70 
 856              	.LASF16:
 857 016f 72656733 		.ascii	"reg32\000"
 857      3200
 858              	.LASF6:
 859 0175 73686F72 		.ascii	"short unsigned int\000"
 859      7420756E 
 859      7369676E 
 859      65642069 
 859      6E7400
 860              	.LASF3:
 861 0188 7369676E 		.ascii	"signed char\000"
 861      65642063 
 861      68617200 
 862              	.LASF2:
 863 0194 6C6F6E67 		.ascii	"long double\000"
 863      20646F75 
 863      626C6500 
 864              	.LASF24:
 865 01a0 656E6162 		.ascii	"enabled\000"
 865      6C656400 
 866              	.LASF25:
 867 01a8 72656756 		.ascii	"regValue\000"
 867      616C7565 
 867      00
 868              	.LASF5:
 869 01b1 73686F72 		.ascii	"short int\000"
 869      7420696E 
 869      7400
 870              	.LASF21:
 871 01bb 474E5520 		.ascii	"GNU C11 5.4.1 20160609 (release) [ARM/embedded-5-br"
 871      43313120 
 871      352E342E 
 871      31203230 
 871      31363036 
 872 01ee 616E6368 		.ascii	"anch revision 237715] -mcpu=cortex-m0plus -mthumb -"
 872      20726576 
 872      6973696F 
 872      6E203233 
 872      37373135 
 873 0221 67202D4F 		.ascii	"g -Og -ffunction-sections -ffat-lto-objects\000"
 873      67202D66 
 873      66756E63 
 873      74696F6E 
 873      2D736563 
 874              	.LASF10:
 875 024d 73697A65 		.ascii	"sizetype\000"
ARM GAS  C:\Users\Usuario\AppData\Local\Temp\cc5uJanU.s 			page 24


 875      74797065 
 875      00
 876              		.ident	"GCC: (GNU Tools for ARM Embedded Processors) 5.4.1 20160609 (release) [ARM/embedded-5-bran
