ARM GAS  C:\Users\ASUS\AppData\Local\Temp\ccx2zqNc.s 			page 1


   1              		.syntax unified
   2              		.cpu cortex-m0plus
   3              		.fpu softvfp
   4              		.eabi_attribute 20, 1
   5              		.eabi_attribute 21, 1
   6              		.eabi_attribute 23, 3
   7              		.eabi_attribute 24, 1
   8              		.eabi_attribute 25, 1
   9              		.eabi_attribute 26, 1
  10              		.eabi_attribute 30, 1
  11              		.eabi_attribute 34, 0
  12              		.eabi_attribute 18, 4
  13              		.thumb
  14              		.syntax unified
  15              		.file	"cyfitter_cfg.c"
  16              		.text
  17              	.Ltext0:
  18              		.cfi_sections	.debug_frame
  19              		.section	.text.AnalogSetDefault,"ax",%progbits
  20              		.align	2
  21              		.code	16
  22              		.thumb_func
  23              		.type	AnalogSetDefault, %function
  24              	AnalogSetDefault:
  25              	.LFB5:
  26              		.file 1 "Generated_Source\\PSoC4\\cyfitter_cfg.c"
   1:Generated_Source\PSoC4/cyfitter_cfg.c **** 
   2:Generated_Source\PSoC4/cyfitter_cfg.c **** /*******************************************************************************
   3:Generated_Source\PSoC4/cyfitter_cfg.c **** * File Name: cyfitter_cfg.c
   4:Generated_Source\PSoC4/cyfitter_cfg.c **** * 
   5:Generated_Source\PSoC4/cyfitter_cfg.c **** * PSoC Creator  4.4
   6:Generated_Source\PSoC4/cyfitter_cfg.c **** *
   7:Generated_Source\PSoC4/cyfitter_cfg.c **** * Description:
   8:Generated_Source\PSoC4/cyfitter_cfg.c **** * This file contains device initialization code.
   9:Generated_Source\PSoC4/cyfitter_cfg.c **** * Except for the user defined sections in CyClockStartupError(), this file should not be modified.
  10:Generated_Source\PSoC4/cyfitter_cfg.c **** * This file is automatically generated by PSoC Creator.
  11:Generated_Source\PSoC4/cyfitter_cfg.c **** *
  12:Generated_Source\PSoC4/cyfitter_cfg.c **** ********************************************************************************
  13:Generated_Source\PSoC4/cyfitter_cfg.c **** * Copyright (c) 2007-2020 Cypress Semiconductor.  All rights reserved.
  14:Generated_Source\PSoC4/cyfitter_cfg.c **** * You may use this file only in accordance with the license, terms, conditions, 
  15:Generated_Source\PSoC4/cyfitter_cfg.c **** * disclaimers, and limitations in the end user license agreement accompanying 
  16:Generated_Source\PSoC4/cyfitter_cfg.c **** * the software package with which this file was provided.
  17:Generated_Source\PSoC4/cyfitter_cfg.c **** ********************************************************************************/
  18:Generated_Source\PSoC4/cyfitter_cfg.c **** 
  19:Generated_Source\PSoC4/cyfitter_cfg.c **** #include <string.h>
  20:Generated_Source\PSoC4/cyfitter_cfg.c **** #include "cytypes.h"
  21:Generated_Source\PSoC4/cyfitter_cfg.c **** #include "cydevice_trm.h"
  22:Generated_Source\PSoC4/cyfitter_cfg.c **** #include "cyfitter.h"
  23:Generated_Source\PSoC4/cyfitter_cfg.c **** #include "CyLib.h"
  24:Generated_Source\PSoC4/cyfitter_cfg.c **** #include "cyfitter_cfg.h"
  25:Generated_Source\PSoC4/cyfitter_cfg.c **** #include "cyapicallbacks.h"
  26:Generated_Source\PSoC4/cyfitter_cfg.c **** 
  27:Generated_Source\PSoC4/cyfitter_cfg.c **** 
  28:Generated_Source\PSoC4/cyfitter_cfg.c **** #if defined(__GNUC__) || defined(__ARMCC_VERSION)
  29:Generated_Source\PSoC4/cyfitter_cfg.c ****     #define CYPACKED 
  30:Generated_Source\PSoC4/cyfitter_cfg.c ****     #define CYPACKED_ATTR __attribute__ ((packed))
  31:Generated_Source\PSoC4/cyfitter_cfg.c ****     #define CYALIGNED __attribute__ ((aligned))
ARM GAS  C:\Users\ASUS\AppData\Local\Temp\ccx2zqNc.s 			page 2


  32:Generated_Source\PSoC4/cyfitter_cfg.c ****     #define CY_CFG_UNUSED __attribute__ ((unused))
  33:Generated_Source\PSoC4/cyfitter_cfg.c ****     #ifndef CY_CFG_SECTION
  34:Generated_Source\PSoC4/cyfitter_cfg.c ****         #define CY_CFG_SECTION __attribute__ ((section(".psocinit")))
  35:Generated_Source\PSoC4/cyfitter_cfg.c ****     #endif
  36:Generated_Source\PSoC4/cyfitter_cfg.c ****     
  37:Generated_Source\PSoC4/cyfitter_cfg.c ****     #if defined(__ARMCC_VERSION)
  38:Generated_Source\PSoC4/cyfitter_cfg.c ****         #define CY_CFG_MEMORY_BARRIER() __memory_changed()
  39:Generated_Source\PSoC4/cyfitter_cfg.c ****     #else
  40:Generated_Source\PSoC4/cyfitter_cfg.c ****         #define CY_CFG_MEMORY_BARRIER() __sync_synchronize()
  41:Generated_Source\PSoC4/cyfitter_cfg.c ****     #endif
  42:Generated_Source\PSoC4/cyfitter_cfg.c ****     
  43:Generated_Source\PSoC4/cyfitter_cfg.c **** #elif defined(__ICCARM__)
  44:Generated_Source\PSoC4/cyfitter_cfg.c ****     #include <intrinsics.h>
  45:Generated_Source\PSoC4/cyfitter_cfg.c **** 
  46:Generated_Source\PSoC4/cyfitter_cfg.c ****     #define CYPACKED __packed
  47:Generated_Source\PSoC4/cyfitter_cfg.c ****     #define CYPACKED_ATTR 
  48:Generated_Source\PSoC4/cyfitter_cfg.c ****     #define CYALIGNED _Pragma("data_alignment=4")
  49:Generated_Source\PSoC4/cyfitter_cfg.c ****     #define CY_CFG_UNUSED _Pragma("diag_suppress=Pe177")
  50:Generated_Source\PSoC4/cyfitter_cfg.c ****     #define CY_CFG_SECTION _Pragma("location=\".psocinit\"")
  51:Generated_Source\PSoC4/cyfitter_cfg.c ****     
  52:Generated_Source\PSoC4/cyfitter_cfg.c ****     #define CY_CFG_MEMORY_BARRIER() __DMB()
  53:Generated_Source\PSoC4/cyfitter_cfg.c ****     
  54:Generated_Source\PSoC4/cyfitter_cfg.c **** #else
  55:Generated_Source\PSoC4/cyfitter_cfg.c ****     #error Unsupported toolchain
  56:Generated_Source\PSoC4/cyfitter_cfg.c **** #endif
  57:Generated_Source\PSoC4/cyfitter_cfg.c **** 
  58:Generated_Source\PSoC4/cyfitter_cfg.c **** #ifndef CYCODE
  59:Generated_Source\PSoC4/cyfitter_cfg.c ****     #define CYCODE
  60:Generated_Source\PSoC4/cyfitter_cfg.c **** #endif
  61:Generated_Source\PSoC4/cyfitter_cfg.c **** #ifndef CYDATA
  62:Generated_Source\PSoC4/cyfitter_cfg.c ****     #define CYDATA
  63:Generated_Source\PSoC4/cyfitter_cfg.c **** #endif
  64:Generated_Source\PSoC4/cyfitter_cfg.c **** #ifndef CYFAR
  65:Generated_Source\PSoC4/cyfitter_cfg.c ****     #define CYFAR
  66:Generated_Source\PSoC4/cyfitter_cfg.c **** #endif
  67:Generated_Source\PSoC4/cyfitter_cfg.c **** #ifndef CYXDATA
  68:Generated_Source\PSoC4/cyfitter_cfg.c ****     #define CYXDATA
  69:Generated_Source\PSoC4/cyfitter_cfg.c **** #endif
  70:Generated_Source\PSoC4/cyfitter_cfg.c **** 
  71:Generated_Source\PSoC4/cyfitter_cfg.c **** 
  72:Generated_Source\PSoC4/cyfitter_cfg.c **** CY_CFG_UNUSED
  73:Generated_Source\PSoC4/cyfitter_cfg.c **** static void CYMEMZERO(void *s, size_t n);
  74:Generated_Source\PSoC4/cyfitter_cfg.c **** CY_CFG_UNUSED
  75:Generated_Source\PSoC4/cyfitter_cfg.c **** static void CYMEMZERO(void *s, size_t n)
  76:Generated_Source\PSoC4/cyfitter_cfg.c **** {
  77:Generated_Source\PSoC4/cyfitter_cfg.c **** 	(void)memset(s, 0, n);
  78:Generated_Source\PSoC4/cyfitter_cfg.c **** }
  79:Generated_Source\PSoC4/cyfitter_cfg.c **** CY_CFG_UNUSED
  80:Generated_Source\PSoC4/cyfitter_cfg.c **** static void CYCONFIGCPY(void *dest, const void *src, size_t n);
  81:Generated_Source\PSoC4/cyfitter_cfg.c **** CY_CFG_UNUSED
  82:Generated_Source\PSoC4/cyfitter_cfg.c **** static void CYCONFIGCPY(void *dest, const void *src, size_t n)
  83:Generated_Source\PSoC4/cyfitter_cfg.c **** {
  84:Generated_Source\PSoC4/cyfitter_cfg.c **** 	(void)memcpy(dest, src, n);
  85:Generated_Source\PSoC4/cyfitter_cfg.c **** }
  86:Generated_Source\PSoC4/cyfitter_cfg.c **** CY_CFG_UNUSED
  87:Generated_Source\PSoC4/cyfitter_cfg.c **** static void CYCONFIGCPYCODE(void *dest, const void *src, size_t n);
  88:Generated_Source\PSoC4/cyfitter_cfg.c **** CY_CFG_UNUSED
ARM GAS  C:\Users\ASUS\AppData\Local\Temp\ccx2zqNc.s 			page 3


  89:Generated_Source\PSoC4/cyfitter_cfg.c **** static void CYCONFIGCPYCODE(void *dest, const void *src, size_t n)
  90:Generated_Source\PSoC4/cyfitter_cfg.c **** {
  91:Generated_Source\PSoC4/cyfitter_cfg.c **** 	(void)memcpy(dest, src, n);
  92:Generated_Source\PSoC4/cyfitter_cfg.c **** }
  93:Generated_Source\PSoC4/cyfitter_cfg.c **** 
  94:Generated_Source\PSoC4/cyfitter_cfg.c **** 
  95:Generated_Source\PSoC4/cyfitter_cfg.c **** 
  96:Generated_Source\PSoC4/cyfitter_cfg.c **** 
  97:Generated_Source\PSoC4/cyfitter_cfg.c **** /* Clock startup error codes                                                   */
  98:Generated_Source\PSoC4/cyfitter_cfg.c **** #define CYCLOCKSTART_NO_ERROR    0u
  99:Generated_Source\PSoC4/cyfitter_cfg.c **** #define CYCLOCKSTART_XTAL_ERROR  1u
 100:Generated_Source\PSoC4/cyfitter_cfg.c **** #define CYCLOCKSTART_32KHZ_ERROR 2u
 101:Generated_Source\PSoC4/cyfitter_cfg.c **** #define CYCLOCKSTART_PLL_ERROR   3u
 102:Generated_Source\PSoC4/cyfitter_cfg.c **** #define CYCLOCKSTART_FLL_ERROR   4u
 103:Generated_Source\PSoC4/cyfitter_cfg.c **** #define CYCLOCKSTART_WCO_ERROR   5u
 104:Generated_Source\PSoC4/cyfitter_cfg.c **** 
 105:Generated_Source\PSoC4/cyfitter_cfg.c **** 
 106:Generated_Source\PSoC4/cyfitter_cfg.c **** #ifdef CY_NEED_CYCLOCKSTARTUPERROR
 107:Generated_Source\PSoC4/cyfitter_cfg.c **** /*******************************************************************************
 108:Generated_Source\PSoC4/cyfitter_cfg.c **** * Function Name: CyClockStartupError
 109:Generated_Source\PSoC4/cyfitter_cfg.c **** ********************************************************************************
 110:Generated_Source\PSoC4/cyfitter_cfg.c **** * Summary:
 111:Generated_Source\PSoC4/cyfitter_cfg.c **** *  If an error is encountered during clock configuration (crystal startup error,
 112:Generated_Source\PSoC4/cyfitter_cfg.c **** *  PLL lock error, etc.), the system will end up here.  Unless reimplemented by
 113:Generated_Source\PSoC4/cyfitter_cfg.c **** *  the customer, this function will stop in an infinite loop.
 114:Generated_Source\PSoC4/cyfitter_cfg.c **** *
 115:Generated_Source\PSoC4/cyfitter_cfg.c **** * Parameters:
 116:Generated_Source\PSoC4/cyfitter_cfg.c **** *   void
 117:Generated_Source\PSoC4/cyfitter_cfg.c **** *
 118:Generated_Source\PSoC4/cyfitter_cfg.c **** * Return:
 119:Generated_Source\PSoC4/cyfitter_cfg.c **** *   void
 120:Generated_Source\PSoC4/cyfitter_cfg.c **** *
 121:Generated_Source\PSoC4/cyfitter_cfg.c **** *******************************************************************************/
 122:Generated_Source\PSoC4/cyfitter_cfg.c **** CY_CFG_UNUSED
 123:Generated_Source\PSoC4/cyfitter_cfg.c **** static void CyClockStartupError(uint8 errorCode);
 124:Generated_Source\PSoC4/cyfitter_cfg.c **** CY_CFG_UNUSED
 125:Generated_Source\PSoC4/cyfitter_cfg.c **** static void CyClockStartupError(uint8 errorCode)
 126:Generated_Source\PSoC4/cyfitter_cfg.c **** {
 127:Generated_Source\PSoC4/cyfitter_cfg.c ****     /* To remove the compiler warning if errorCode not used.                */
 128:Generated_Source\PSoC4/cyfitter_cfg.c ****     errorCode = errorCode;
 129:Generated_Source\PSoC4/cyfitter_cfg.c **** 
 130:Generated_Source\PSoC4/cyfitter_cfg.c ****     /* If we have a clock startup error (bad MHz crystal, PLL lock, etc.),  */
 131:Generated_Source\PSoC4/cyfitter_cfg.c ****     /* we will end up here to allow the customer to implement something to  */
 132:Generated_Source\PSoC4/cyfitter_cfg.c ****     /* deal with the clock condition.                                       */
 133:Generated_Source\PSoC4/cyfitter_cfg.c **** 
 134:Generated_Source\PSoC4/cyfitter_cfg.c **** #ifdef CY_CFG_CLOCK_STARTUP_ERROR_CALLBACK
 135:Generated_Source\PSoC4/cyfitter_cfg.c ****     CY_CFG_Clock_Startup_ErrorCallback();
 136:Generated_Source\PSoC4/cyfitter_cfg.c **** #else
 137:Generated_Source\PSoC4/cyfitter_cfg.c ****     /*  If not using CY_CFG_CLOCK_STARTUP_ERROR_CALLBACK, place your clock startup code here. */
 138:Generated_Source\PSoC4/cyfitter_cfg.c ****     /* `#START CyClockStartupError` */
 139:Generated_Source\PSoC4/cyfitter_cfg.c **** 
 140:Generated_Source\PSoC4/cyfitter_cfg.c **** 
 141:Generated_Source\PSoC4/cyfitter_cfg.c **** 
 142:Generated_Source\PSoC4/cyfitter_cfg.c ****     /* `#END` */
 143:Generated_Source\PSoC4/cyfitter_cfg.c **** 
 144:Generated_Source\PSoC4/cyfitter_cfg.c ****     while(1) {}
 145:Generated_Source\PSoC4/cyfitter_cfg.c **** #endif /* CY_CFG_CLOCK_STARTUP_ERROR_CALLBACK */
ARM GAS  C:\Users\ASUS\AppData\Local\Temp\ccx2zqNc.s 			page 4


 146:Generated_Source\PSoC4/cyfitter_cfg.c **** }
 147:Generated_Source\PSoC4/cyfitter_cfg.c **** #endif
 148:Generated_Source\PSoC4/cyfitter_cfg.c **** 
 149:Generated_Source\PSoC4/cyfitter_cfg.c **** 
 150:Generated_Source\PSoC4/cyfitter_cfg.c **** 
 151:Generated_Source\PSoC4/cyfitter_cfg.c **** /*******************************************************************************
 152:Generated_Source\PSoC4/cyfitter_cfg.c **** * Function Name: ClockSetup
 153:Generated_Source\PSoC4/cyfitter_cfg.c **** ********************************************************************************
 154:Generated_Source\PSoC4/cyfitter_cfg.c **** *
 155:Generated_Source\PSoC4/cyfitter_cfg.c **** * Summary:
 156:Generated_Source\PSoC4/cyfitter_cfg.c **** *   Performs the initialization of all of the clocks in the device based on the
 157:Generated_Source\PSoC4/cyfitter_cfg.c **** *   settings in the Clock tab of the DWR.  This includes enabling the requested
 158:Generated_Source\PSoC4/cyfitter_cfg.c **** *   clocks and setting the necessary dividers to produce the desired frequency. 
 159:Generated_Source\PSoC4/cyfitter_cfg.c **** *
 160:Generated_Source\PSoC4/cyfitter_cfg.c **** * Parameters:
 161:Generated_Source\PSoC4/cyfitter_cfg.c **** *   void
 162:Generated_Source\PSoC4/cyfitter_cfg.c **** *
 163:Generated_Source\PSoC4/cyfitter_cfg.c **** * Return:
 164:Generated_Source\PSoC4/cyfitter_cfg.c **** *   void
 165:Generated_Source\PSoC4/cyfitter_cfg.c **** *
 166:Generated_Source\PSoC4/cyfitter_cfg.c **** *******************************************************************************/
 167:Generated_Source\PSoC4/cyfitter_cfg.c **** static void ClockSetup(void);
 168:Generated_Source\PSoC4/cyfitter_cfg.c **** CY_CFG_SECTION
 169:Generated_Source\PSoC4/cyfitter_cfg.c **** static void ClockSetup(void)
 170:Generated_Source\PSoC4/cyfitter_cfg.c **** {
 171:Generated_Source\PSoC4/cyfitter_cfg.c **** 
 172:Generated_Source\PSoC4/cyfitter_cfg.c **** 	/* Set Flash Cycles based on max possible frequency in case a glitch occurs during ClockSetup(). *
 173:Generated_Source\PSoC4/cyfitter_cfg.c **** 	CY_SET_REG32((void CYXDATA *)(CYREG_CPUSS_FLASH_CTL), (0x0012u));
 174:Generated_Source\PSoC4/cyfitter_cfg.c **** 	/* Update IMO to new clock speed. */
 175:Generated_Source\PSoC4/cyfitter_cfg.c **** 	CySysClkWriteImoFreq(24u);
 176:Generated_Source\PSoC4/cyfitter_cfg.c **** 
 177:Generated_Source\PSoC4/cyfitter_cfg.c **** 	/* Setup phase aligned clocks */
 178:Generated_Source\PSoC4/cyfitter_cfg.c **** 	CY_SET_REG32((void *)CYREG_PERI_DIV_16_CTL1, 0x00000000u);
 179:Generated_Source\PSoC4/cyfitter_cfg.c **** 	CY_SET_REG32((void *)CYREG_PERI_DIV_CMD, 0x8000FF41u);
 180:Generated_Source\PSoC4/cyfitter_cfg.c **** 	CY_SET_REG32((void *)CYREG_PERI_DIV_16_CTL0, 0x0000FE00u);
 181:Generated_Source\PSoC4/cyfitter_cfg.c **** 	CY_SET_REG32((void *)CYREG_PERI_DIV_CMD, 0x8000FF40u);
 182:Generated_Source\PSoC4/cyfitter_cfg.c **** 	CY_SET_REG32((void *)CYREG_PERI_DIV_16_CTL2, 0x00001000u);
 183:Generated_Source\PSoC4/cyfitter_cfg.c **** 	CY_SET_REG32((void *)CYREG_PERI_DIV_CMD, 0x8000FF42u);
 184:Generated_Source\PSoC4/cyfitter_cfg.c **** 
 185:Generated_Source\PSoC4/cyfitter_cfg.c **** 	/* CYDEV_CLK_SELECT Starting address: CYDEV_CLK_SELECT */
 186:Generated_Source\PSoC4/cyfitter_cfg.c **** 	CY_SET_REG32((void *)(CYREG_CLK_SELECT), 0x00000000u);
 187:Generated_Source\PSoC4/cyfitter_cfg.c **** 
 188:Generated_Source\PSoC4/cyfitter_cfg.c **** 	/* CYDEV_PERI_PCLK_CTL6 Starting address: CYDEV_PERI_PCLK_CTL6 */
 189:Generated_Source\PSoC4/cyfitter_cfg.c **** 	CY_SET_REG32((void *)(CYREG_PERI_PCLK_CTL6), 0x00000041u);
 190:Generated_Source\PSoC4/cyfitter_cfg.c **** 
 191:Generated_Source\PSoC4/cyfitter_cfg.c **** 	/* CYDEV_PERI_PCLK_CTL5 Starting address: CYDEV_PERI_PCLK_CTL5 */
 192:Generated_Source\PSoC4/cyfitter_cfg.c **** 	CY_SET_REG32((void *)(CYREG_PERI_PCLK_CTL5), 0x00000041u);
 193:Generated_Source\PSoC4/cyfitter_cfg.c **** 
 194:Generated_Source\PSoC4/cyfitter_cfg.c **** 	/* CYDEV_PERI_PCLK_CTL4 Starting address: CYDEV_PERI_PCLK_CTL4 */
 195:Generated_Source\PSoC4/cyfitter_cfg.c **** 	CY_SET_REG32((void *)(CYREG_PERI_PCLK_CTL4), 0x00000041u);
 196:Generated_Source\PSoC4/cyfitter_cfg.c **** 
 197:Generated_Source\PSoC4/cyfitter_cfg.c **** 	/* CYDEV_PERI_PCLK_CTL2 Starting address: CYDEV_PERI_PCLK_CTL2 */
 198:Generated_Source\PSoC4/cyfitter_cfg.c **** 	CY_SET_REG32((void *)(CYREG_PERI_PCLK_CTL2), 0x00000040u);
 199:Generated_Source\PSoC4/cyfitter_cfg.c **** 
 200:Generated_Source\PSoC4/cyfitter_cfg.c **** 	/* CYDEV_PERI_PCLK_CTL1 Starting address: CYDEV_PERI_PCLK_CTL1 */
 201:Generated_Source\PSoC4/cyfitter_cfg.c **** 	CY_SET_REG32((void *)(CYREG_PERI_PCLK_CTL1), 0x00000042u);
 202:Generated_Source\PSoC4/cyfitter_cfg.c **** 
ARM GAS  C:\Users\ASUS\AppData\Local\Temp\ccx2zqNc.s 			page 5


 203:Generated_Source\PSoC4/cyfitter_cfg.c **** 	/* Set Flash Cycles based on newly configured 24.00MHz HFCLK. */
 204:Generated_Source\PSoC4/cyfitter_cfg.c **** 	CY_SET_REG32((void CYXDATA *)(CYREG_CPUSS_FLASH_CTL), (0x0011u));
 205:Generated_Source\PSoC4/cyfitter_cfg.c **** }
 206:Generated_Source\PSoC4/cyfitter_cfg.c **** 
 207:Generated_Source\PSoC4/cyfitter_cfg.c **** 
 208:Generated_Source\PSoC4/cyfitter_cfg.c **** /* Analog API Functions */
 209:Generated_Source\PSoC4/cyfitter_cfg.c **** 
 210:Generated_Source\PSoC4/cyfitter_cfg.c **** 
 211:Generated_Source\PSoC4/cyfitter_cfg.c **** /*******************************************************************************
 212:Generated_Source\PSoC4/cyfitter_cfg.c **** * Function Name: AnalogSetDefault
 213:Generated_Source\PSoC4/cyfitter_cfg.c **** ********************************************************************************
 214:Generated_Source\PSoC4/cyfitter_cfg.c **** *
 215:Generated_Source\PSoC4/cyfitter_cfg.c **** * Summary:
 216:Generated_Source\PSoC4/cyfitter_cfg.c **** *  Sets up the analog portions of the chip to default values based on chip
 217:Generated_Source\PSoC4/cyfitter_cfg.c **** *  configuration options from the project.
 218:Generated_Source\PSoC4/cyfitter_cfg.c **** *
 219:Generated_Source\PSoC4/cyfitter_cfg.c **** * Parameters:
 220:Generated_Source\PSoC4/cyfitter_cfg.c **** *  void
 221:Generated_Source\PSoC4/cyfitter_cfg.c **** *
 222:Generated_Source\PSoC4/cyfitter_cfg.c **** * Return:
 223:Generated_Source\PSoC4/cyfitter_cfg.c **** *  void
 224:Generated_Source\PSoC4/cyfitter_cfg.c **** *
 225:Generated_Source\PSoC4/cyfitter_cfg.c **** *******************************************************************************/
 226:Generated_Source\PSoC4/cyfitter_cfg.c **** static void AnalogSetDefault(void);
 227:Generated_Source\PSoC4/cyfitter_cfg.c **** static void AnalogSetDefault(void)
 228:Generated_Source\PSoC4/cyfitter_cfg.c **** {
  27              		.loc 1 228 0
  28              		.cfi_startproc
  29              		@ args = 0, pretend = 0, frame = 0
  30              		@ frame_needed = 0, uses_anonymous_args = 0
  31              		@ link register save eliminated.
 229:Generated_Source\PSoC4/cyfitter_cfg.c **** 	CY_SET_XTND_REG32((void CYFAR *)CYREG_CSD_SW_BYP_SEL, 0x00001000u);
  32              		.loc 1 229 0
  33 0000 8022     		movs	r2, #128
  34 0002 5201     		lsls	r2, r2, #5
  35 0004 024B     		ldr	r3, .L2
  36 0006 1A60     		str	r2, [r3]
 230:Generated_Source\PSoC4/cyfitter_cfg.c **** 	CY_SET_XTND_REG32((void CYFAR *)CYREG_CSD_SW_DSI_SEL, 0x00000011u);
  37              		.loc 1 230 0
  38 0008 1122     		movs	r2, #17
  39 000a 024B     		ldr	r3, .L2+4
  40 000c 1A60     		str	r2, [r3]
 231:Generated_Source\PSoC4/cyfitter_cfg.c **** 	/* Variable VDDA is selected; no pumps are enabled by default */
 232:Generated_Source\PSoC4/cyfitter_cfg.c **** }
  41              		.loc 1 232 0
  42              		@ sp needed
  43 000e 7047     		bx	lr
  44              	.L3:
  45              		.align	2
  46              	.L2:
  47 0010 94020B40 		.word	1074463380
  48 0014 C0020B40 		.word	1074463424
  49              		.cfi_endproc
  50              	.LFE5:
  51              		.size	AnalogSetDefault, .-AnalogSetDefault
  52              		.section	.psocinit,"ax",%progbits
  53              		.align	2
ARM GAS  C:\Users\ASUS\AppData\Local\Temp\ccx2zqNc.s 			page 6


  54              		.code	16
  55              		.thumb_func
  56              		.type	ClockSetup, %function
  57              	ClockSetup:
  58              	.LFB4:
 170:Generated_Source\PSoC4/cyfitter_cfg.c **** 
  59              		.loc 1 170 0
  60              		.cfi_startproc
  61              		@ args = 0, pretend = 0, frame = 0
  62              		@ frame_needed = 0, uses_anonymous_args = 0
  63 0000 10B5     		push	{r4, lr}
  64              		.cfi_def_cfa_offset 8
  65              		.cfi_offset 4, -8
  66              		.cfi_offset 14, -4
 173:Generated_Source\PSoC4/cyfitter_cfg.c **** 	/* Update IMO to new clock speed. */
  67              		.loc 1 173 0
  68 0002 154C     		ldr	r4, .L5
  69 0004 1223     		movs	r3, #18
  70 0006 2360     		str	r3, [r4]
 175:Generated_Source\PSoC4/cyfitter_cfg.c **** 
  71              		.loc 1 175 0
  72 0008 1820     		movs	r0, #24
  73 000a FFF7FEFF 		bl	CySysClkWriteImoFreq
  74              	.LVL0:
 178:Generated_Source\PSoC4/cyfitter_cfg.c **** 	CY_SET_REG32((void *)CYREG_PERI_DIV_CMD, 0x8000FF41u);
  75              		.loc 1 178 0
  76 000e 0022     		movs	r2, #0
  77 0010 124B     		ldr	r3, .L5+4
  78 0012 1A60     		str	r2, [r3]
 179:Generated_Source\PSoC4/cyfitter_cfg.c **** 	CY_SET_REG32((void *)CYREG_PERI_DIV_16_CTL0, 0x0000FE00u);
  79              		.loc 1 179 0
  80 0014 124B     		ldr	r3, .L5+8
  81 0016 1349     		ldr	r1, .L5+12
  82 0018 1960     		str	r1, [r3]
 180:Generated_Source\PSoC4/cyfitter_cfg.c **** 	CY_SET_REG32((void *)CYREG_PERI_DIV_CMD, 0x8000FF40u);
  83              		.loc 1 180 0
  84 001a FE20     		movs	r0, #254
  85 001c 0002     		lsls	r0, r0, #8
  86 001e 1249     		ldr	r1, .L5+16
  87 0020 0860     		str	r0, [r1]
 181:Generated_Source\PSoC4/cyfitter_cfg.c **** 	CY_SET_REG32((void *)CYREG_PERI_DIV_16_CTL2, 0x00001000u);
  88              		.loc 1 181 0
  89 0022 1249     		ldr	r1, .L5+20
  90 0024 1960     		str	r1, [r3]
 182:Generated_Source\PSoC4/cyfitter_cfg.c **** 	CY_SET_REG32((void *)CYREG_PERI_DIV_CMD, 0x8000FF42u);
  91              		.loc 1 182 0
  92 0026 8020     		movs	r0, #128
  93 0028 4001     		lsls	r0, r0, #5
  94 002a 1149     		ldr	r1, .L5+24
  95 002c 0860     		str	r0, [r1]
 183:Generated_Source\PSoC4/cyfitter_cfg.c **** 
  96              		.loc 1 183 0
  97 002e 1149     		ldr	r1, .L5+28
  98 0030 1960     		str	r1, [r3]
 186:Generated_Source\PSoC4/cyfitter_cfg.c **** 
  99              		.loc 1 186 0
 100 0032 114B     		ldr	r3, .L5+32
ARM GAS  C:\Users\ASUS\AppData\Local\Temp\ccx2zqNc.s 			page 7


 101 0034 1A60     		str	r2, [r3]
 189:Generated_Source\PSoC4/cyfitter_cfg.c **** 
 102              		.loc 1 189 0
 103 0036 4123     		movs	r3, #65
 104 0038 104A     		ldr	r2, .L5+36
 105 003a 1360     		str	r3, [r2]
 192:Generated_Source\PSoC4/cyfitter_cfg.c **** 
 106              		.loc 1 192 0
 107 003c 104A     		ldr	r2, .L5+40
 108 003e 1360     		str	r3, [r2]
 195:Generated_Source\PSoC4/cyfitter_cfg.c **** 
 109              		.loc 1 195 0
 110 0040 104A     		ldr	r2, .L5+44
 111 0042 1360     		str	r3, [r2]
 198:Generated_Source\PSoC4/cyfitter_cfg.c **** 
 112              		.loc 1 198 0
 113 0044 4022     		movs	r2, #64
 114 0046 104B     		ldr	r3, .L5+48
 115 0048 1A60     		str	r2, [r3]
 201:Generated_Source\PSoC4/cyfitter_cfg.c **** 
 116              		.loc 1 201 0
 117 004a 0232     		adds	r2, r2, #2
 118 004c 0F4B     		ldr	r3, .L5+52
 119 004e 1A60     		str	r2, [r3]
 204:Generated_Source\PSoC4/cyfitter_cfg.c **** }
 120              		.loc 1 204 0
 121 0050 1123     		movs	r3, #17
 122 0052 2360     		str	r3, [r4]
 205:Generated_Source\PSoC4/cyfitter_cfg.c **** 
 123              		.loc 1 205 0
 124              		@ sp needed
 125 0054 10BD     		pop	{r4, pc}
 126              	.L6:
 127 0056 C046     		.align	2
 128              	.L5:
 129 0058 30001040 		.word	1074790448
 130 005c 04030140 		.word	1073808132
 131 0060 00000140 		.word	1073807360
 132 0064 41FF0080 		.word	-2147418303
 133 0068 00030140 		.word	1073808128
 134 006c 40FF0080 		.word	-2147418304
 135 0070 08030140 		.word	1073808136
 136 0074 42FF0080 		.word	-2147418302
 137 0078 28000340 		.word	1073938472
 138 007c 18010140 		.word	1073807640
 139 0080 14010140 		.word	1073807636
 140 0084 10010140 		.word	1073807632
 141 0088 08010140 		.word	1073807624
 142 008c 04010140 		.word	1073807620
 143              		.cfi_endproc
 144              	.LFE4:
 145              		.size	ClockSetup, .-ClockSetup
 146              		.section	.text.SetAnalogRoutingPumps,"ax",%progbits
 147              		.align	2
 148              		.global	SetAnalogRoutingPumps
 149              		.code	16
 150              		.thumb_func
ARM GAS  C:\Users\ASUS\AppData\Local\Temp\ccx2zqNc.s 			page 8


 151              		.type	SetAnalogRoutingPumps, %function
 152              	SetAnalogRoutingPumps:
 153              	.LFB6:
 233:Generated_Source\PSoC4/cyfitter_cfg.c **** 
 234:Generated_Source\PSoC4/cyfitter_cfg.c **** 
 235:Generated_Source\PSoC4/cyfitter_cfg.c **** /*******************************************************************************
 236:Generated_Source\PSoC4/cyfitter_cfg.c **** * Function Name: SetAnalogRoutingPumps
 237:Generated_Source\PSoC4/cyfitter_cfg.c **** ********************************************************************************
 238:Generated_Source\PSoC4/cyfitter_cfg.c **** *
 239:Generated_Source\PSoC4/cyfitter_cfg.c **** * Summary:
 240:Generated_Source\PSoC4/cyfitter_cfg.c **** * Enables or disables the analog pumps feeding analog routing switches.
 241:Generated_Source\PSoC4/cyfitter_cfg.c **** * Intended to be called at startup, based on the Vdda system configuration;
 242:Generated_Source\PSoC4/cyfitter_cfg.c **** * may be called during operation when the user informs us that the Vdda voltage crossed the pump th
 243:Generated_Source\PSoC4/cyfitter_cfg.c **** *
 244:Generated_Source\PSoC4/cyfitter_cfg.c **** * Parameters:
 245:Generated_Source\PSoC4/cyfitter_cfg.c **** *  enabled - 1 to enable the pumps, 0 to disable the pumps
 246:Generated_Source\PSoC4/cyfitter_cfg.c **** *
 247:Generated_Source\PSoC4/cyfitter_cfg.c **** * Return:
 248:Generated_Source\PSoC4/cyfitter_cfg.c **** *  void
 249:Generated_Source\PSoC4/cyfitter_cfg.c **** *
 250:Generated_Source\PSoC4/cyfitter_cfg.c **** *******************************************************************************/
 251:Generated_Source\PSoC4/cyfitter_cfg.c **** void SetAnalogRoutingPumps(uint8 enabled)
 252:Generated_Source\PSoC4/cyfitter_cfg.c **** {
 154              		.loc 1 252 0
 155              		.cfi_startproc
 156              		@ args = 0, pretend = 0, frame = 0
 157              		@ frame_needed = 0, uses_anonymous_args = 0
 158              		@ link register save eliminated.
 159              	.LVL1:
 253:Generated_Source\PSoC4/cyfitter_cfg.c **** 	uint32 regValue = CY_GET_XTND_REG32((void *)(CYREG_HSIOM_PUMP_CTL));
 160              		.loc 1 253 0
 161 0000 0B4B     		ldr	r3, .L12
 162 0002 1B68     		ldr	r3, [r3]
 163              	.LVL2:
 254:Generated_Source\PSoC4/cyfitter_cfg.c **** 	if (enabled != 0u)
 164              		.loc 1 254 0
 165 0004 0028     		cmp	r0, #0
 166 0006 03D0     		beq	.L8
 255:Generated_Source\PSoC4/cyfitter_cfg.c **** 	{
 256:Generated_Source\PSoC4/cyfitter_cfg.c **** 		regValue |= 0x80000000u;
 167              		.loc 1 256 0
 168 0008 8022     		movs	r2, #128
 169 000a 1206     		lsls	r2, r2, #24
 170 000c 1343     		orrs	r3, r2
 171              	.LVL3:
 172 000e 01E0     		b	.L9
 173              	.L8:
 257:Generated_Source\PSoC4/cyfitter_cfg.c **** 	}
 258:Generated_Source\PSoC4/cyfitter_cfg.c **** 	else
 259:Generated_Source\PSoC4/cyfitter_cfg.c **** 	{
 260:Generated_Source\PSoC4/cyfitter_cfg.c **** 		regValue &= ~0x80000000u;
 174              		.loc 1 260 0
 175 0010 5B00     		lsls	r3, r3, #1
 176              	.LVL4:
 177 0012 5B08     		lsrs	r3, r3, #1
 178              	.LVL5:
 179              	.L9:
ARM GAS  C:\Users\ASUS\AppData\Local\Temp\ccx2zqNc.s 			page 9


 261:Generated_Source\PSoC4/cyfitter_cfg.c **** 	}
 262:Generated_Source\PSoC4/cyfitter_cfg.c **** 	CY_SET_XTND_REG32((void *)(CYREG_HSIOM_PUMP_CTL), regValue);
 180              		.loc 1 262 0
 181 0014 064A     		ldr	r2, .L12
 182 0016 1360     		str	r3, [r2]
 263:Generated_Source\PSoC4/cyfitter_cfg.c **** 	regValue = CY_GET_XTND_REG32((void *)(CYREG_CLK_SELECT));
 183              		.loc 1 263 0
 184 0018 064B     		ldr	r3, .L12+4
 185              	.LVL6:
 186 001a 1B68     		ldr	r3, [r3]
 187              	.LVL7:
 264:Generated_Source\PSoC4/cyfitter_cfg.c **** 	if (enabled != 0u)
 188              		.loc 1 264 0
 189 001c 0028     		cmp	r0, #0
 190 001e 02D0     		beq	.L10
 265:Generated_Source\PSoC4/cyfitter_cfg.c **** 	{
 266:Generated_Source\PSoC4/cyfitter_cfg.c **** 		regValue |= 0x00000020u;
 191              		.loc 1 266 0
 192 0020 2022     		movs	r2, #32
 193 0022 1343     		orrs	r3, r2
 194              	.LVL8:
 195 0024 01E0     		b	.L11
 196              	.L10:
 267:Generated_Source\PSoC4/cyfitter_cfg.c **** 	}
 268:Generated_Source\PSoC4/cyfitter_cfg.c **** 	else
 269:Generated_Source\PSoC4/cyfitter_cfg.c **** 	{
 270:Generated_Source\PSoC4/cyfitter_cfg.c **** 		regValue &= ~0x00000020u;
 197              		.loc 1 270 0
 198 0026 2022     		movs	r2, #32
 199 0028 9343     		bics	r3, r2
 200              	.LVL9:
 201              	.L11:
 271:Generated_Source\PSoC4/cyfitter_cfg.c **** 	}
 272:Generated_Source\PSoC4/cyfitter_cfg.c **** 	CY_SET_XTND_REG32((void *)(CYREG_CLK_SELECT), regValue);
 202              		.loc 1 272 0
 203 002a 024A     		ldr	r2, .L12+4
 204 002c 1360     		str	r3, [r2]
 273:Generated_Source\PSoC4/cyfitter_cfg.c **** }
 205              		.loc 1 273 0
 206              		@ sp needed
 207 002e 7047     		bx	lr
 208              	.L13:
 209              		.align	2
 210              	.L12:
 211 0030 00200240 		.word	1073881088
 212 0034 28000340 		.word	1073938472
 213              		.cfi_endproc
 214              	.LFE6:
 215              		.size	SetAnalogRoutingPumps, .-SetAnalogRoutingPumps
 216              		.section	.psocinit
 217              		.align	2
 218              		.global	cyfitter_cfg
 219              		.code	16
 220              		.thumb_func
 221              		.type	cyfitter_cfg, %function
 222              	cyfitter_cfg:
 223              	.LFB7:
ARM GAS  C:\Users\ASUS\AppData\Local\Temp\ccx2zqNc.s 			page 10


 274:Generated_Source\PSoC4/cyfitter_cfg.c **** 
 275:Generated_Source\PSoC4/cyfitter_cfg.c **** 
 276:Generated_Source\PSoC4/cyfitter_cfg.c **** 
 277:Generated_Source\PSoC4/cyfitter_cfg.c **** 
 278:Generated_Source\PSoC4/cyfitter_cfg.c **** /*******************************************************************************
 279:Generated_Source\PSoC4/cyfitter_cfg.c **** * Function Name: cyfitter_cfg
 280:Generated_Source\PSoC4/cyfitter_cfg.c **** ********************************************************************************
 281:Generated_Source\PSoC4/cyfitter_cfg.c **** * Summary:
 282:Generated_Source\PSoC4/cyfitter_cfg.c **** *  This function is called by the start-up code for the selected device. It
 283:Generated_Source\PSoC4/cyfitter_cfg.c **** *  performs all of the necessary device configuration based on the design
 284:Generated_Source\PSoC4/cyfitter_cfg.c **** *  settings.  This includes settings from the Design Wide Resources (DWR) such
 285:Generated_Source\PSoC4/cyfitter_cfg.c **** *  as Clocks and Pins as well as any component configuration that is necessary.
 286:Generated_Source\PSoC4/cyfitter_cfg.c **** *
 287:Generated_Source\PSoC4/cyfitter_cfg.c **** * Parameters:
 288:Generated_Source\PSoC4/cyfitter_cfg.c **** *   void
 289:Generated_Source\PSoC4/cyfitter_cfg.c **** *
 290:Generated_Source\PSoC4/cyfitter_cfg.c **** * Return:
 291:Generated_Source\PSoC4/cyfitter_cfg.c **** *   void
 292:Generated_Source\PSoC4/cyfitter_cfg.c **** *
 293:Generated_Source\PSoC4/cyfitter_cfg.c **** *******************************************************************************/
 294:Generated_Source\PSoC4/cyfitter_cfg.c **** CY_CFG_SECTION
 295:Generated_Source\PSoC4/cyfitter_cfg.c **** void cyfitter_cfg(void)
 296:Generated_Source\PSoC4/cyfitter_cfg.c **** {
 224              		.loc 1 296 0
 225              		.cfi_startproc
 226              		@ args = 0, pretend = 0, frame = 0
 227              		@ frame_needed = 0, uses_anonymous_args = 0
 228 0090 10B5     		push	{r4, lr}
 229              		.cfi_def_cfa_offset 8
 230              		.cfi_offset 4, -8
 231              		.cfi_offset 14, -4
 297:Generated_Source\PSoC4/cyfitter_cfg.c **** 	/* Disable interrupts by default. Let user enable if/when they want. */
 298:Generated_Source\PSoC4/cyfitter_cfg.c **** 	CyGlobalIntDisable;
 232              		.loc 1 298 0
 233              		.syntax divided
 234              	@ 298 "Generated_Source\PSoC4\cyfitter_cfg.c" 1
 235 0092 72B6     		CPSID   i
 236              	@ 0 "" 2
 299:Generated_Source\PSoC4/cyfitter_cfg.c **** 
 300:Generated_Source\PSoC4/cyfitter_cfg.c **** 	{
 301:Generated_Source\PSoC4/cyfitter_cfg.c **** 		/* HSIOM Starting address: CYDEV_HSIOM_BASE */
 302:Generated_Source\PSoC4/cyfitter_cfg.c **** 		CY_SET_REG32((void *)(CYDEV_HSIOM_BASE), 0x06006666u);
 237              		.loc 1 302 0
 238              		.thumb
 239              		.syntax unified
 240 0094 1C4A     		ldr	r2, .L15
 241 0096 1D4B     		ldr	r3, .L15+4
 242 0098 1A60     		str	r2, [r3]
 303:Generated_Source\PSoC4/cyfitter_cfg.c **** 		CY_SET_REG32((void *)(CYREG_HSIOM_PORT_SEL1), 0x06666808u);
 243              		.loc 1 303 0
 244 009a 1D4A     		ldr	r2, .L15+8
 245 009c 1D4B     		ldr	r3, .L15+12
 246 009e 1A60     		str	r2, [r3]
 304:Generated_Source\PSoC4/cyfitter_cfg.c **** 		CY_SET_REG32((void *)(CYREG_HSIOM_PORT_SEL2), 0x08000000u);
 247              		.loc 1 304 0
 248 00a0 8022     		movs	r2, #128
 249 00a2 1205     		lsls	r2, r2, #20
ARM GAS  C:\Users\ASUS\AppData\Local\Temp\ccx2zqNc.s 			page 11


 250 00a4 1C4B     		ldr	r3, .L15+16
 251 00a6 1A60     		str	r2, [r3]
 305:Generated_Source\PSoC4/cyfitter_cfg.c **** 		CY_SET_REG32((void *)(CYREG_HSIOM_PORT_SEL3), 0x0000EE99u);
 252              		.loc 1 305 0
 253 00a8 1C4A     		ldr	r2, .L15+20
 254 00aa 1D4B     		ldr	r3, .L15+24
 255 00ac 1A60     		str	r2, [r3]
 306:Generated_Source\PSoC4/cyfitter_cfg.c **** 
 307:Generated_Source\PSoC4/cyfitter_cfg.c **** 	}
 308:Generated_Source\PSoC4/cyfitter_cfg.c **** 
 309:Generated_Source\PSoC4/cyfitter_cfg.c **** 	/* Perform second pass device configuration. These items must be configured in specific order afte
 310:Generated_Source\PSoC4/cyfitter_cfg.c **** 	/* IOPINS0_0 Starting address: CYDEV_GPIO_PRT0_BASE */
 311:Generated_Source\PSoC4/cyfitter_cfg.c **** 	CY_SET_REG32((void *)(CYDEV_GPIO_PRT0_BASE), 0x000000DEu);
 256              		.loc 1 311 0
 257 00ae DE22     		movs	r2, #222
 258 00b0 1C4B     		ldr	r3, .L15+28
 259 00b2 1A60     		str	r2, [r3]
 312:Generated_Source\PSoC4/cyfitter_cfg.c **** 	CY_SET_REG32((void *)(CYREG_GPIO_PRT0_PC), 0x00432000u);
 260              		.loc 1 312 0
 261 00b4 1C4A     		ldr	r2, .L15+32
 262 00b6 1D4B     		ldr	r3, .L15+36
 263 00b8 1A60     		str	r2, [r3]
 313:Generated_Source\PSoC4/cyfitter_cfg.c **** 	CY_SET_REG32((void *)(CYREG_GPIO_PRT0_PC2), 0x0000004Fu);
 264              		.loc 1 313 0
 265 00ba 4F22     		movs	r2, #79
 266 00bc 1C4B     		ldr	r3, .L15+40
 267 00be 1A60     		str	r2, [r3]
 314:Generated_Source\PSoC4/cyfitter_cfg.c **** 
 315:Generated_Source\PSoC4/cyfitter_cfg.c **** 	/* IOPINS0_1 Starting address: CYDEV_GPIO_PRT1_BASE */
 316:Generated_Source\PSoC4/cyfitter_cfg.c **** 	CY_SET_REG32((void *)(CYDEV_GPIO_PRT1_BASE), 0x000000E5u);
 268              		.loc 1 316 0
 269 00c0 9632     		adds	r2, r2, #150
 270 00c2 1C4B     		ldr	r3, .L15+44
 271 00c4 1A60     		str	r2, [r3]
 317:Generated_Source\PSoC4/cyfitter_cfg.c **** 	CY_SET_REG32((void *)(CYREG_GPIO_PRT1_PC), 0x00400186u);
 272              		.loc 1 317 0
 273 00c6 1C4A     		ldr	r2, .L15+48
 274 00c8 1C4B     		ldr	r3, .L15+52
 275 00ca 1A60     		str	r2, [r3]
 318:Generated_Source\PSoC4/cyfitter_cfg.c **** 	CY_SET_REG32((void *)(CYREG_GPIO_PRT1_PC2), 0x00000078u);
 276              		.loc 1 318 0
 277 00cc 7822     		movs	r2, #120
 278 00ce 1C4B     		ldr	r3, .L15+56
 279 00d0 1A60     		str	r2, [r3]
 319:Generated_Source\PSoC4/cyfitter_cfg.c **** 
 320:Generated_Source\PSoC4/cyfitter_cfg.c **** 	/* IOPINS0_2 Starting address: CYDEV_GPIO_PRT2_BASE */
 321:Generated_Source\PSoC4/cyfitter_cfg.c **** 	CY_SET_REG32((void *)(CYDEV_GPIO_PRT2_BASE), 0x000000FFu);
 280              		.loc 1 321 0
 281 00d2 8732     		adds	r2, r2, #135
 282 00d4 1B4B     		ldr	r3, .L15+60
 283 00d6 1A60     		str	r2, [r3]
 322:Generated_Source\PSoC4/cyfitter_cfg.c **** 	CY_SET_REG32((void *)(CYREG_GPIO_PRT2_PC), 0x005B6DB6u);
 284              		.loc 1 322 0
 285 00d8 1B4A     		ldr	r2, .L15+64
 286 00da 1C4B     		ldr	r3, .L15+68
 287 00dc 1A60     		str	r2, [r3]
 323:Generated_Source\PSoC4/cyfitter_cfg.c **** 
ARM GAS  C:\Users\ASUS\AppData\Local\Temp\ccx2zqNc.s 			page 12


 324:Generated_Source\PSoC4/cyfitter_cfg.c **** 	/* IOPINS0_3 Starting address: CYDEV_GPIO_PRT3_BASE */
 325:Generated_Source\PSoC4/cyfitter_cfg.c **** 	CY_SET_REG32((void *)(CYDEV_GPIO_PRT3_BASE), 0x00000072u);
 288              		.loc 1 325 0
 289 00de 7222     		movs	r2, #114
 290 00e0 1B4B     		ldr	r3, .L15+72
 291 00e2 1A60     		str	r2, [r3]
 326:Generated_Source\PSoC4/cyfitter_cfg.c **** 	CY_SET_REG32((void *)(CYREG_GPIO_PRT3_PC), 0x00DB6DB1u);
 292              		.loc 1 326 0
 293 00e4 1B4A     		ldr	r2, .L15+76
 294 00e6 1C4B     		ldr	r3, .L15+80
 295 00e8 1A60     		str	r2, [r3]
 327:Generated_Source\PSoC4/cyfitter_cfg.c **** 	CY_SET_REG32((void *)(CYREG_GPIO_PRT3_PC2), 0x00000002u);
 296              		.loc 1 327 0
 297 00ea 0222     		movs	r2, #2
 298 00ec 1B4B     		ldr	r3, .L15+84
 299 00ee 1A60     		str	r2, [r3]
 328:Generated_Source\PSoC4/cyfitter_cfg.c **** 
 329:Generated_Source\PSoC4/cyfitter_cfg.c **** 	/* IOPINS0_4 Starting address: CYDEV_GPIO_PRT4_BASE */
 330:Generated_Source\PSoC4/cyfitter_cfg.c **** 	CY_SET_REG32((void *)(CYREG_GPIO_PRT4_PC), 0x00000006u);
 300              		.loc 1 330 0
 301 00f0 0432     		adds	r2, r2, #4
 302 00f2 1B4B     		ldr	r3, .L15+88
 303 00f4 1A60     		str	r2, [r3]
 331:Generated_Source\PSoC4/cyfitter_cfg.c **** 	CY_SET_REG32((void *)(CYREG_GPIO_PRT4_PC2), 0x0000000Eu);
 304              		.loc 1 331 0
 305 00f6 0832     		adds	r2, r2, #8
 306 00f8 1A4B     		ldr	r3, .L15+92
 307 00fa 1A60     		str	r2, [r3]
 332:Generated_Source\PSoC4/cyfitter_cfg.c **** 
 333:Generated_Source\PSoC4/cyfitter_cfg.c **** 
 334:Generated_Source\PSoC4/cyfitter_cfg.c **** 	/* Setup clocks based on selections from Clock DWR */
 335:Generated_Source\PSoC4/cyfitter_cfg.c **** 	ClockSetup();
 308              		.loc 1 335 0
 309 00fc FFF780FF 		bl	ClockSetup
 310              	.LVL10:
 336:Generated_Source\PSoC4/cyfitter_cfg.c **** 
 337:Generated_Source\PSoC4/cyfitter_cfg.c **** 	/* Perform basic analog initialization to defaults */
 338:Generated_Source\PSoC4/cyfitter_cfg.c **** 	AnalogSetDefault();
 311              		.loc 1 338 0
 312 0100 FFF7FEFF 		bl	AnalogSetDefault
 313              	.LVL11:
 339:Generated_Source\PSoC4/cyfitter_cfg.c **** 
 340:Generated_Source\PSoC4/cyfitter_cfg.c **** }
 314              		.loc 1 340 0
 315              		@ sp needed
 316 0104 10BD     		pop	{r4, pc}
 317              	.L16:
 318 0106 C046     		.align	2
 319              	.L15:
 320 0108 66660006 		.word	100689510
 321 010c 00000240 		.word	1073872896
 322 0110 08686606 		.word	107374600
 323 0114 00010240 		.word	1073873152
 324 0118 00020240 		.word	1073873408
 325 011c 99EE0000 		.word	61081
 326 0120 00030240 		.word	1073873664
 327 0124 00000440 		.word	1074003968
ARM GAS  C:\Users\ASUS\AppData\Local\Temp\ccx2zqNc.s 			page 13


 328 0128 00204300 		.word	4399104
 329 012c 08000440 		.word	1074003976
 330 0130 18000440 		.word	1074003992
 331 0134 00010440 		.word	1074004224
 332 0138 86014000 		.word	4194694
 333 013c 08010440 		.word	1074004232
 334 0140 18010440 		.word	1074004248
 335 0144 00020440 		.word	1074004480
 336 0148 B66D5B00 		.word	5991862
 337 014c 08020440 		.word	1074004488
 338 0150 00030440 		.word	1074004736
 339 0154 B16DDB00 		.word	14380465
 340 0158 08030440 		.word	1074004744
 341 015c 18030440 		.word	1074004760
 342 0160 08040440 		.word	1074005000
 343 0164 18040440 		.word	1074005016
 344              		.cfi_endproc
 345              	.LFE7:
 346              		.size	cyfitter_cfg, .-cyfitter_cfg
 347              		.text
 348              	.Letext0:
 349              		.file 2 "Generated_Source\\PSoC4\\cytypes.h"
 350              		.file 3 "Generated_Source\\PSoC4\\CyLib.h"
 351              		.section	.debug_info,"",%progbits
 352              	.Ldebug_info0:
 353 0000 50010000 		.4byte	0x150
 354 0004 0400     		.2byte	0x4
 355 0006 00000000 		.4byte	.Ldebug_abbrev0
 356 000a 04       		.byte	0x4
 357 000b 01       		.uleb128 0x1
 358 000c 95010000 		.4byte	.LASF19
 359 0010 0C       		.byte	0xc
 360 0011 15000000 		.4byte	.LASF20
 361 0015 84000000 		.4byte	.LASF21
 362 0019 00000000 		.4byte	.Ldebug_ranges0+0
 363 001d 00000000 		.4byte	0
 364 0021 00000000 		.4byte	.Ldebug_line0
 365 0025 02       		.uleb128 0x2
 366 0026 04       		.byte	0x4
 367 0027 05       		.byte	0x5
 368 0028 696E7400 		.ascii	"int\000"
 369 002c 03       		.uleb128 0x3
 370 002d 04       		.byte	0x4
 371 002e 07       		.byte	0x7
 372 002f 3B000000 		.4byte	.LASF0
 373 0033 03       		.uleb128 0x3
 374 0034 08       		.byte	0x8
 375 0035 05       		.byte	0x5
 376 0036 00000000 		.4byte	.LASF1
 377 003a 03       		.uleb128 0x3
 378 003b 08       		.byte	0x8
 379 003c 04       		.byte	0x4
 380 003d 6E010000 		.4byte	.LASF2
 381 0041 03       		.uleb128 0x3
 382 0042 01       		.byte	0x1
 383 0043 06       		.byte	0x6
 384 0044 62010000 		.4byte	.LASF3
ARM GAS  C:\Users\ASUS\AppData\Local\Temp\ccx2zqNc.s 			page 14


 385 0048 03       		.uleb128 0x3
 386 0049 01       		.byte	0x1
 387 004a 08       		.byte	0x8
 388 004b 0A010000 		.4byte	.LASF4
 389 004f 03       		.uleb128 0x3
 390 0050 02       		.byte	0x2
 391 0051 05       		.byte	0x5
 392 0052 8B010000 		.4byte	.LASF5
 393 0056 03       		.uleb128 0x3
 394 0057 02       		.byte	0x2
 395 0058 07       		.byte	0x7
 396 0059 4F010000 		.4byte	.LASF6
 397 005d 03       		.uleb128 0x3
 398 005e 04       		.byte	0x4
 399 005f 05       		.byte	0x5
 400 0060 1D010000 		.4byte	.LASF7
 401 0064 03       		.uleb128 0x3
 402 0065 04       		.byte	0x4
 403 0066 07       		.byte	0x7
 404 0067 4E000000 		.4byte	.LASF8
 405 006b 03       		.uleb128 0x3
 406 006c 08       		.byte	0x8
 407 006d 07       		.byte	0x7
 408 006e 6D000000 		.4byte	.LASF9
 409 0072 03       		.uleb128 0x3
 410 0073 04       		.byte	0x4
 411 0074 07       		.byte	0x7
 412 0075 27020000 		.4byte	.LASF10
 413 0079 03       		.uleb128 0x3
 414 007a 01       		.byte	0x1
 415 007b 08       		.byte	0x8
 416 007c 18010000 		.4byte	.LASF11
 417 0080 04       		.uleb128 0x4
 418 0081 48000000 		.4byte	.LASF12
 419 0085 02       		.byte	0x2
 420 0086 FC01     		.2byte	0x1fc
 421 0088 48000000 		.4byte	0x48
 422 008c 04       		.uleb128 0x4
 423 008d 0E000000 		.4byte	.LASF13
 424 0091 02       		.byte	0x2
 425 0092 FE01     		.2byte	0x1fe
 426 0094 64000000 		.4byte	0x64
 427 0098 03       		.uleb128 0x3
 428 0099 04       		.byte	0x4
 429 009a 04       		.byte	0x4
 430 009b D9000000 		.4byte	.LASF14
 431 009f 03       		.uleb128 0x3
 432 00a0 08       		.byte	0x8
 433 00a1 04       		.byte	0x4
 434 00a2 42010000 		.4byte	.LASF15
 435 00a6 04       		.uleb128 0x4
 436 00a7 49010000 		.4byte	.LASF16
 437 00ab 02       		.byte	0x2
 438 00ac A802     		.2byte	0x2a8
 439 00ae B2000000 		.4byte	0xb2
 440 00b2 05       		.uleb128 0x5
 441 00b3 8C000000 		.4byte	0x8c
ARM GAS  C:\Users\ASUS\AppData\Local\Temp\ccx2zqNc.s 			page 15


 442 00b7 06       		.uleb128 0x6
 443 00b8 26010000 		.4byte	.LASF22
 444 00bc 01       		.byte	0x1
 445 00bd E3       		.byte	0xe3
 446 00be 00000000 		.4byte	.LFB5
 447 00c2 18000000 		.4byte	.LFE5-.LFB5
 448 00c6 01       		.uleb128 0x1
 449 00c7 9C       		.byte	0x9c
 450 00c8 07       		.uleb128 0x7
 451 00c9 37010000 		.4byte	.LASF23
 452 00cd 01       		.byte	0x1
 453 00ce A9       		.byte	0xa9
 454 00cf 00000000 		.4byte	.LFB4
 455 00d3 90000000 		.4byte	.LFE4-.LFB4
 456 00d7 01       		.uleb128 0x1
 457 00d8 9C       		.byte	0x9c
 458 00d9 ED000000 		.4byte	0xed
 459 00dd 08       		.uleb128 0x8
 460 00de 0E000000 		.4byte	.LVL0
 461 00e2 48010000 		.4byte	0x148
 462 00e6 09       		.uleb128 0x9
 463 00e7 01       		.uleb128 0x1
 464 00e8 50       		.byte	0x50
 465 00e9 01       		.uleb128 0x1
 466 00ea 48       		.byte	0x48
 467 00eb 00       		.byte	0
 468 00ec 00       		.byte	0
 469 00ed 0A       		.uleb128 0xa
 470 00ee DF000000 		.4byte	.LASF17
 471 00f2 01       		.byte	0x1
 472 00f3 FB       		.byte	0xfb
 473 00f4 00000000 		.4byte	.LFB6
 474 00f8 38000000 		.4byte	.LFE6-.LFB6
 475 00fc 01       		.uleb128 0x1
 476 00fd 9C       		.byte	0x9c
 477 00fe 1F010000 		.4byte	0x11f
 478 0102 0B       		.uleb128 0xb
 479 0103 7A010000 		.4byte	.LASF24
 480 0107 01       		.byte	0x1
 481 0108 FB       		.byte	0xfb
 482 0109 80000000 		.4byte	0x80
 483 010d 01       		.uleb128 0x1
 484 010e 50       		.byte	0x50
 485 010f 0C       		.uleb128 0xc
 486 0110 82010000 		.4byte	.LASF25
 487 0114 01       		.byte	0x1
 488 0115 FD       		.byte	0xfd
 489 0116 8C000000 		.4byte	0x8c
 490 011a 00000000 		.4byte	.LLST0
 491 011e 00       		.byte	0
 492 011f 0D       		.uleb128 0xd
 493 0120 60000000 		.4byte	.LASF18
 494 0124 01       		.byte	0x1
 495 0125 2701     		.2byte	0x127
 496 0127 90000000 		.4byte	.LFB7
 497 012b D8000000 		.4byte	.LFE7-.LFB7
 498 012f 01       		.uleb128 0x1
ARM GAS  C:\Users\ASUS\AppData\Local\Temp\ccx2zqNc.s 			page 16


 499 0130 9C       		.byte	0x9c
 500 0131 48010000 		.4byte	0x148
 501 0135 0E       		.uleb128 0xe
 502 0136 00010000 		.4byte	.LVL10
 503 013a C8000000 		.4byte	0xc8
 504 013e 0E       		.uleb128 0xe
 505 013f 04010000 		.4byte	.LVL11
 506 0143 B7000000 		.4byte	0xb7
 507 0147 00       		.byte	0
 508 0148 0F       		.uleb128 0xf
 509 0149 F5000000 		.4byte	.LASF26
 510 014d F5000000 		.4byte	.LASF26
 511 0151 03       		.byte	0x3
 512 0152 6C       		.byte	0x6c
 513 0153 00       		.byte	0
 514              		.section	.debug_abbrev,"",%progbits
 515              	.Ldebug_abbrev0:
 516 0000 01       		.uleb128 0x1
 517 0001 11       		.uleb128 0x11
 518 0002 01       		.byte	0x1
 519 0003 25       		.uleb128 0x25
 520 0004 0E       		.uleb128 0xe
 521 0005 13       		.uleb128 0x13
 522 0006 0B       		.uleb128 0xb
 523 0007 03       		.uleb128 0x3
 524 0008 0E       		.uleb128 0xe
 525 0009 1B       		.uleb128 0x1b
 526 000a 0E       		.uleb128 0xe
 527 000b 55       		.uleb128 0x55
 528 000c 17       		.uleb128 0x17
 529 000d 11       		.uleb128 0x11
 530 000e 01       		.uleb128 0x1
 531 000f 10       		.uleb128 0x10
 532 0010 17       		.uleb128 0x17
 533 0011 00       		.byte	0
 534 0012 00       		.byte	0
 535 0013 02       		.uleb128 0x2
 536 0014 24       		.uleb128 0x24
 537 0015 00       		.byte	0
 538 0016 0B       		.uleb128 0xb
 539 0017 0B       		.uleb128 0xb
 540 0018 3E       		.uleb128 0x3e
 541 0019 0B       		.uleb128 0xb
 542 001a 03       		.uleb128 0x3
 543 001b 08       		.uleb128 0x8
 544 001c 00       		.byte	0
 545 001d 00       		.byte	0
 546 001e 03       		.uleb128 0x3
 547 001f 24       		.uleb128 0x24
 548 0020 00       		.byte	0
 549 0021 0B       		.uleb128 0xb
 550 0022 0B       		.uleb128 0xb
 551 0023 3E       		.uleb128 0x3e
 552 0024 0B       		.uleb128 0xb
 553 0025 03       		.uleb128 0x3
 554 0026 0E       		.uleb128 0xe
 555 0027 00       		.byte	0
ARM GAS  C:\Users\ASUS\AppData\Local\Temp\ccx2zqNc.s 			page 17


 556 0028 00       		.byte	0
 557 0029 04       		.uleb128 0x4
 558 002a 16       		.uleb128 0x16
 559 002b 00       		.byte	0
 560 002c 03       		.uleb128 0x3
 561 002d 0E       		.uleb128 0xe
 562 002e 3A       		.uleb128 0x3a
 563 002f 0B       		.uleb128 0xb
 564 0030 3B       		.uleb128 0x3b
 565 0031 05       		.uleb128 0x5
 566 0032 49       		.uleb128 0x49
 567 0033 13       		.uleb128 0x13
 568 0034 00       		.byte	0
 569 0035 00       		.byte	0
 570 0036 05       		.uleb128 0x5
 571 0037 35       		.uleb128 0x35
 572 0038 00       		.byte	0
 573 0039 49       		.uleb128 0x49
 574 003a 13       		.uleb128 0x13
 575 003b 00       		.byte	0
 576 003c 00       		.byte	0
 577 003d 06       		.uleb128 0x6
 578 003e 2E       		.uleb128 0x2e
 579 003f 00       		.byte	0
 580 0040 03       		.uleb128 0x3
 581 0041 0E       		.uleb128 0xe
 582 0042 3A       		.uleb128 0x3a
 583 0043 0B       		.uleb128 0xb
 584 0044 3B       		.uleb128 0x3b
 585 0045 0B       		.uleb128 0xb
 586 0046 27       		.uleb128 0x27
 587 0047 19       		.uleb128 0x19
 588 0048 11       		.uleb128 0x11
 589 0049 01       		.uleb128 0x1
 590 004a 12       		.uleb128 0x12
 591 004b 06       		.uleb128 0x6
 592 004c 40       		.uleb128 0x40
 593 004d 18       		.uleb128 0x18
 594 004e 9742     		.uleb128 0x2117
 595 0050 19       		.uleb128 0x19
 596 0051 00       		.byte	0
 597 0052 00       		.byte	0
 598 0053 07       		.uleb128 0x7
 599 0054 2E       		.uleb128 0x2e
 600 0055 01       		.byte	0x1
 601 0056 03       		.uleb128 0x3
 602 0057 0E       		.uleb128 0xe
 603 0058 3A       		.uleb128 0x3a
 604 0059 0B       		.uleb128 0xb
 605 005a 3B       		.uleb128 0x3b
 606 005b 0B       		.uleb128 0xb
 607 005c 27       		.uleb128 0x27
 608 005d 19       		.uleb128 0x19
 609 005e 11       		.uleb128 0x11
 610 005f 01       		.uleb128 0x1
 611 0060 12       		.uleb128 0x12
 612 0061 06       		.uleb128 0x6
ARM GAS  C:\Users\ASUS\AppData\Local\Temp\ccx2zqNc.s 			page 18


 613 0062 40       		.uleb128 0x40
 614 0063 18       		.uleb128 0x18
 615 0064 9742     		.uleb128 0x2117
 616 0066 19       		.uleb128 0x19
 617 0067 01       		.uleb128 0x1
 618 0068 13       		.uleb128 0x13
 619 0069 00       		.byte	0
 620 006a 00       		.byte	0
 621 006b 08       		.uleb128 0x8
 622 006c 898201   		.uleb128 0x4109
 623 006f 01       		.byte	0x1
 624 0070 11       		.uleb128 0x11
 625 0071 01       		.uleb128 0x1
 626 0072 31       		.uleb128 0x31
 627 0073 13       		.uleb128 0x13
 628 0074 00       		.byte	0
 629 0075 00       		.byte	0
 630 0076 09       		.uleb128 0x9
 631 0077 8A8201   		.uleb128 0x410a
 632 007a 00       		.byte	0
 633 007b 02       		.uleb128 0x2
 634 007c 18       		.uleb128 0x18
 635 007d 9142     		.uleb128 0x2111
 636 007f 18       		.uleb128 0x18
 637 0080 00       		.byte	0
 638 0081 00       		.byte	0
 639 0082 0A       		.uleb128 0xa
 640 0083 2E       		.uleb128 0x2e
 641 0084 01       		.byte	0x1
 642 0085 3F       		.uleb128 0x3f
 643 0086 19       		.uleb128 0x19
 644 0087 03       		.uleb128 0x3
 645 0088 0E       		.uleb128 0xe
 646 0089 3A       		.uleb128 0x3a
 647 008a 0B       		.uleb128 0xb
 648 008b 3B       		.uleb128 0x3b
 649 008c 0B       		.uleb128 0xb
 650 008d 27       		.uleb128 0x27
 651 008e 19       		.uleb128 0x19
 652 008f 11       		.uleb128 0x11
 653 0090 01       		.uleb128 0x1
 654 0091 12       		.uleb128 0x12
 655 0092 06       		.uleb128 0x6
 656 0093 40       		.uleb128 0x40
 657 0094 18       		.uleb128 0x18
 658 0095 9742     		.uleb128 0x2117
 659 0097 19       		.uleb128 0x19
 660 0098 01       		.uleb128 0x1
 661 0099 13       		.uleb128 0x13
 662 009a 00       		.byte	0
 663 009b 00       		.byte	0
 664 009c 0B       		.uleb128 0xb
 665 009d 05       		.uleb128 0x5
 666 009e 00       		.byte	0
 667 009f 03       		.uleb128 0x3
 668 00a0 0E       		.uleb128 0xe
 669 00a1 3A       		.uleb128 0x3a
ARM GAS  C:\Users\ASUS\AppData\Local\Temp\ccx2zqNc.s 			page 19


 670 00a2 0B       		.uleb128 0xb
 671 00a3 3B       		.uleb128 0x3b
 672 00a4 0B       		.uleb128 0xb
 673 00a5 49       		.uleb128 0x49
 674 00a6 13       		.uleb128 0x13
 675 00a7 02       		.uleb128 0x2
 676 00a8 18       		.uleb128 0x18
 677 00a9 00       		.byte	0
 678 00aa 00       		.byte	0
 679 00ab 0C       		.uleb128 0xc
 680 00ac 34       		.uleb128 0x34
 681 00ad 00       		.byte	0
 682 00ae 03       		.uleb128 0x3
 683 00af 0E       		.uleb128 0xe
 684 00b0 3A       		.uleb128 0x3a
 685 00b1 0B       		.uleb128 0xb
 686 00b2 3B       		.uleb128 0x3b
 687 00b3 0B       		.uleb128 0xb
 688 00b4 49       		.uleb128 0x49
 689 00b5 13       		.uleb128 0x13
 690 00b6 02       		.uleb128 0x2
 691 00b7 17       		.uleb128 0x17
 692 00b8 00       		.byte	0
 693 00b9 00       		.byte	0
 694 00ba 0D       		.uleb128 0xd
 695 00bb 2E       		.uleb128 0x2e
 696 00bc 01       		.byte	0x1
 697 00bd 3F       		.uleb128 0x3f
 698 00be 19       		.uleb128 0x19
 699 00bf 03       		.uleb128 0x3
 700 00c0 0E       		.uleb128 0xe
 701 00c1 3A       		.uleb128 0x3a
 702 00c2 0B       		.uleb128 0xb
 703 00c3 3B       		.uleb128 0x3b
 704 00c4 05       		.uleb128 0x5
 705 00c5 27       		.uleb128 0x27
 706 00c6 19       		.uleb128 0x19
 707 00c7 11       		.uleb128 0x11
 708 00c8 01       		.uleb128 0x1
 709 00c9 12       		.uleb128 0x12
 710 00ca 06       		.uleb128 0x6
 711 00cb 40       		.uleb128 0x40
 712 00cc 18       		.uleb128 0x18
 713 00cd 9742     		.uleb128 0x2117
 714 00cf 19       		.uleb128 0x19
 715 00d0 01       		.uleb128 0x1
 716 00d1 13       		.uleb128 0x13
 717 00d2 00       		.byte	0
 718 00d3 00       		.byte	0
 719 00d4 0E       		.uleb128 0xe
 720 00d5 898201   		.uleb128 0x4109
 721 00d8 00       		.byte	0
 722 00d9 11       		.uleb128 0x11
 723 00da 01       		.uleb128 0x1
 724 00db 31       		.uleb128 0x31
 725 00dc 13       		.uleb128 0x13
 726 00dd 00       		.byte	0
ARM GAS  C:\Users\ASUS\AppData\Local\Temp\ccx2zqNc.s 			page 20


 727 00de 00       		.byte	0
 728 00df 0F       		.uleb128 0xf
 729 00e0 2E       		.uleb128 0x2e
 730 00e1 00       		.byte	0
 731 00e2 3F       		.uleb128 0x3f
 732 00e3 19       		.uleb128 0x19
 733 00e4 3C       		.uleb128 0x3c
 734 00e5 19       		.uleb128 0x19
 735 00e6 6E       		.uleb128 0x6e
 736 00e7 0E       		.uleb128 0xe
 737 00e8 03       		.uleb128 0x3
 738 00e9 0E       		.uleb128 0xe
 739 00ea 3A       		.uleb128 0x3a
 740 00eb 0B       		.uleb128 0xb
 741 00ec 3B       		.uleb128 0x3b
 742 00ed 0B       		.uleb128 0xb
 743 00ee 00       		.byte	0
 744 00ef 00       		.byte	0
 745 00f0 00       		.byte	0
 746              		.section	.debug_loc,"",%progbits
 747              	.Ldebug_loc0:
 748              	.LLST0:
 749 0000 04000000 		.4byte	.LVL2
 750 0004 12000000 		.4byte	.LVL4
 751 0008 0100     		.2byte	0x1
 752 000a 53       		.byte	0x53
 753 000b 14000000 		.4byte	.LVL5
 754 000f 1A000000 		.4byte	.LVL6
 755 0013 0100     		.2byte	0x1
 756 0015 53       		.byte	0x53
 757 0016 1A000000 		.4byte	.LVL6
 758 001a 1C000000 		.4byte	.LVL7
 759 001e 0200     		.2byte	0x2
 760 0020 72       		.byte	0x72
 761 0021 00       		.sleb128 0
 762 0022 1C000000 		.4byte	.LVL7
 763 0026 38000000 		.4byte	.LFE6
 764 002a 0100     		.2byte	0x1
 765 002c 53       		.byte	0x53
 766 002d 00000000 		.4byte	0
 767 0031 00000000 		.4byte	0
 768              		.section	.debug_aranges,"",%progbits
 769 0000 34000000 		.4byte	0x34
 770 0004 0200     		.2byte	0x2
 771 0006 00000000 		.4byte	.Ldebug_info0
 772 000a 04       		.byte	0x4
 773 000b 00       		.byte	0
 774 000c 0000     		.2byte	0
 775 000e 0000     		.2byte	0
 776 0010 00000000 		.4byte	.LFB5
 777 0014 18000000 		.4byte	.LFE5-.LFB5
 778 0018 00000000 		.4byte	.LFB4
 779 001c 90000000 		.4byte	.LFE4-.LFB4
 780 0020 00000000 		.4byte	.LFB6
 781 0024 38000000 		.4byte	.LFE6-.LFB6
 782 0028 90000000 		.4byte	.LFB7
 783 002c D8000000 		.4byte	.LFE7-.LFB7
ARM GAS  C:\Users\ASUS\AppData\Local\Temp\ccx2zqNc.s 			page 21


 784 0030 00000000 		.4byte	0
 785 0034 00000000 		.4byte	0
 786              		.section	.debug_ranges,"",%progbits
 787              	.Ldebug_ranges0:
 788 0000 00000000 		.4byte	.LFB5
 789 0004 18000000 		.4byte	.LFE5
 790 0008 00000000 		.4byte	.LFB4
 791 000c 90000000 		.4byte	.LFE4
 792 0010 00000000 		.4byte	.LFB6
 793 0014 38000000 		.4byte	.LFE6
 794 0018 90000000 		.4byte	.LFB7
 795 001c 68010000 		.4byte	.LFE7
 796 0020 00000000 		.4byte	0
 797 0024 00000000 		.4byte	0
 798              		.section	.debug_line,"",%progbits
 799              	.Ldebug_line0:
 800 0000 C2000000 		.section	.debug_str,"MS",%progbits,1
 800      02005400 
 800      00000201 
 800      FB0E0D00 
 800      01010101 
 801              	.LASF1:
 802 0000 6C6F6E67 		.ascii	"long long int\000"
 802      206C6F6E 
 802      6720696E 
 802      7400
 803              	.LASF13:
 804 000e 75696E74 		.ascii	"uint32\000"
 804      333200
 805              	.LASF20:
 806 0015 47656E65 		.ascii	"Generated_Source\\PSoC4\\cyfitter_cfg.c\000"
 806      72617465 
 806      645F536F 
 806      75726365 
 806      5C50536F 
 807              	.LASF0:
 808 003b 756E7369 		.ascii	"unsigned int\000"
 808      676E6564 
 808      20696E74 
 808      00
 809              	.LASF12:
 810 0048 75696E74 		.ascii	"uint8\000"
 810      3800
 811              	.LASF8:
 812 004e 6C6F6E67 		.ascii	"long unsigned int\000"
 812      20756E73 
 812      69676E65 
 812      6420696E 
 812      7400
 813              	.LASF18:
 814 0060 63796669 		.ascii	"cyfitter_cfg\000"
 814      74746572 
 814      5F636667 
 814      00
 815              	.LASF9:
 816 006d 6C6F6E67 		.ascii	"long long unsigned int\000"
 816      206C6F6E 
ARM GAS  C:\Users\ASUS\AppData\Local\Temp\ccx2zqNc.s 			page 22


 816      6720756E 
 816      7369676E 
 816      65642069 
 817              	.LASF21:
 818 0084 433A5C61 		.ascii	"C:\\aixt\\aixt\\ports\\Cypress\\CY8CKIT-145-40XX\\e"
 818      6978745C 
 818      61697874 
 818      5C706F72 
 818      74735C43 
 819 00b1 78616D70 		.ascii	"xamples\\CY8CKIT-145-40XX-blinking.cydsn\000"
 819      6C65735C 
 819      43593843 
 819      4B49542D 
 819      3134352D 
 820              	.LASF14:
 821 00d9 666C6F61 		.ascii	"float\000"
 821      7400
 822              	.LASF17:
 823 00df 53657441 		.ascii	"SetAnalogRoutingPumps\000"
 823      6E616C6F 
 823      67526F75 
 823      74696E67 
 823      50756D70 
 824              	.LASF26:
 825 00f5 43795379 		.ascii	"CySysClkWriteImoFreq\000"
 825      73436C6B 
 825      57726974 
 825      65496D6F 
 825      46726571 
 826              	.LASF4:
 827 010a 756E7369 		.ascii	"unsigned char\000"
 827      676E6564 
 827      20636861 
 827      7200
 828              	.LASF11:
 829 0118 63686172 		.ascii	"char\000"
 829      00
 830              	.LASF7:
 831 011d 6C6F6E67 		.ascii	"long int\000"
 831      20696E74 
 831      00
 832              	.LASF22:
 833 0126 416E616C 		.ascii	"AnalogSetDefault\000"
 833      6F675365 
 833      74446566 
 833      61756C74 
 833      00
 834              	.LASF23:
 835 0137 436C6F63 		.ascii	"ClockSetup\000"
 835      6B536574 
 835      757000
 836              	.LASF15:
 837 0142 646F7562 		.ascii	"double\000"
 837      6C6500
 838              	.LASF16:
 839 0149 72656733 		.ascii	"reg32\000"
 839      3200
ARM GAS  C:\Users\ASUS\AppData\Local\Temp\ccx2zqNc.s 			page 23


 840              	.LASF6:
 841 014f 73686F72 		.ascii	"short unsigned int\000"
 841      7420756E 
 841      7369676E 
 841      65642069 
 841      6E7400
 842              	.LASF3:
 843 0162 7369676E 		.ascii	"signed char\000"
 843      65642063 
 843      68617200 
 844              	.LASF2:
 845 016e 6C6F6E67 		.ascii	"long double\000"
 845      20646F75 
 845      626C6500 
 846              	.LASF24:
 847 017a 656E6162 		.ascii	"enabled\000"
 847      6C656400 
 848              	.LASF25:
 849 0182 72656756 		.ascii	"regValue\000"
 849      616C7565 
 849      00
 850              	.LASF5:
 851 018b 73686F72 		.ascii	"short int\000"
 851      7420696E 
 851      7400
 852              	.LASF19:
 853 0195 474E5520 		.ascii	"GNU C11 5.4.1 20160609 (release) [ARM/embedded-5-br"
 853      43313120 
 853      352E342E 
 853      31203230 
 853      31363036 
 854 01c8 616E6368 		.ascii	"anch revision 237715] -mcpu=cortex-m0plus -mthumb -"
 854      20726576 
 854      6973696F 
 854      6E203233 
 854      37373135 
 855 01fb 67202D4F 		.ascii	"g -Og -ffunction-sections -ffat-lto-objects\000"
 855      67202D66 
 855      66756E63 
 855      74696F6E 
 855      2D736563 
 856              	.LASF10:
 857 0227 73697A65 		.ascii	"sizetype\000"
 857      74797065 
 857      00
 858              		.ident	"GCC: (GNU Tools for ARM Embedded Processors) 5.4.1 20160609 (release) [ARM/embedded-5-bran
