Archive member included to satisfy reference by file (symbol)

.\CortexM0\ARM_GCC_541\Debug\Config Gral 049.a(uart.o)
                              .\CortexM0\ARM_GCC_541\Debug\main.o (uart_Start)
.\CortexM0\ARM_GCC_541\Debug\Config Gral 049.a(uart_UART.o)
                              .\CortexM0\ARM_GCC_541\Debug\Config Gral 049.a(uart.o) (uart_UartInit)
.\CortexM0\ARM_GCC_541\Debug\Config Gral 049.a(CyLib.o)
                              .\CortexM0\ARM_GCC_541\Debug\cyfitter_cfg.o (CyIntEnable)
.\CortexM0\ARM_GCC_541\Debug\Config Gral 049.a(CyLFClk.o)
                              .\CortexM0\ARM_GCC_541\Debug\cyfitter_cfg.o (CySysWdtIsr)
.\CortexM0\ARM_GCC_541\Debug\Config Gral 049.a(pwm1.o)
                              .\CortexM0\ARM_GCC_541\Debug\main.o (pwm1_Start)
.\CortexM0\ARM_GCC_541\Debug\Config Gral 049.a(pwm2.o)
                              .\CortexM0\ARM_GCC_541\Debug\main.o (pwm2_Start)
.\CortexM0\ARM_GCC_541\Debug\Config Gral 049.a(pwm3.o)
                              .\CortexM0\ARM_GCC_541\Debug\main.o (pwm3_Start)
.\CortexM0\ARM_GCC_541\Debug\Config Gral 049.a(amux.o)
                              .\CortexM0\ARM_GCC_541\Debug\main.o (amux_Start)
.\CortexM0\ARM_GCC_541\Debug\Config Gral 049.a(adc.o)
                              .\CortexM0\ARM_GCC_541\Debug\main.o (adc_Start)
.\CortexM0\ARM_GCC_541\Debug\Config Gral 049.a(adc_INT.o)
                              .\CortexM0\ARM_GCC_541\Debug\Config Gral 049.a(adc.o) (adc_ISR)
.\CortexM0\ARM_GCC_541\Debug\Config Gral 049.a(led1.o)
                              .\CortexM0\ARM_GCC_541\Debug\main.o (led1_Write)
.\CortexM0\ARM_GCC_541\Debug\Config Gral 049.a(clock.o)
                              .\CortexM0\ARM_GCC_541\Debug\main.o (clock_Start)
.\CortexM0\ARM_GCC_541\Debug\Config Gral 049.a(pwm4.o)
                              .\CortexM0\ARM_GCC_541\Debug\main.o (pwm4_Start)
.\CortexM0\ARM_GCC_541\Debug\Config Gral 049.a(CyBootAsmGnu.o)
                              .\CortexM0\ARM_GCC_541\Debug\Config Gral 049.a(CyLib.o) (CyDelayCycles)
.\CortexM0\ARM_GCC_541\Debug\Config Gral 049.a(uart_SPI_UART.o)
                              .\CortexM0\ARM_GCC_541\Debug\Config Gral 049.a(uart_UART.o) (uart_SpiUartReadRxData)
c:/program files (x86)/cypress/psoc creator/4.4/psoc creator/import/gnu/arm/5.4.1/bin/../lib/gcc/arm-none-eabi/5.4.1/armv6-m\libgcc.a(_udivsi3.o)
                              .\CortexM0\ARM_GCC_541\Debug\Config Gral 049.a(CyLib.o) (__aeabi_uidiv)
c:/program files (x86)/cypress/psoc creator/4.4/psoc creator/import/gnu/arm/5.4.1/bin/../lib/gcc/arm-none-eabi/5.4.1/armv6-m\libgcc.a(_divsi3.o)
                              .\CortexM0\ARM_GCC_541\Debug\Config Gral 049.a(adc.o) (__aeabi_idiv)
c:/program files (x86)/cypress/psoc creator/4.4/psoc creator/import/gnu/arm/5.4.1/bin/../lib/gcc/arm-none-eabi/5.4.1/armv6-m\libgcc.a(_dvmd_tls.o)
                              c:/program files (x86)/cypress/psoc creator/4.4/psoc creator/import/gnu/arm/5.4.1/bin/../lib/gcc/arm-none-eabi/5.4.1/armv6-m\libgcc.a(_udivsi3.o) (__aeabi_idiv0)
c:/program files (x86)/cypress/psoc creator/4.4/psoc creator/import/gnu/arm/5.4.1/bin/../lib/gcc/arm-none-eabi/5.4.1/armv6-m\libgcc.a(_aeabi_ldivmod.o)
                              .\CortexM0\ARM_GCC_541\Debug\Config Gral 049.a(adc.o) (__aeabi_ldivmod)
c:/program files (x86)/cypress/psoc creator/4.4/psoc creator/import/gnu/arm/5.4.1/bin/../lib/gcc/arm-none-eabi/5.4.1/armv6-m\libgcc.a(_muldi3.o)
                              .\CortexM0\ARM_GCC_541\Debug\Config Gral 049.a(adc.o) (__aeabi_lmul)
c:/program files (x86)/cypress/psoc creator/4.4/psoc creator/import/gnu/arm/5.4.1/bin/../lib/gcc/arm-none-eabi/5.4.1/armv6-m\libgcc.a(bpabi.o)
                              c:/program files (x86)/cypress/psoc creator/4.4/psoc creator/import/gnu/arm/5.4.1/bin/../lib/gcc/arm-none-eabi/5.4.1/armv6-m\libgcc.a(_aeabi_ldivmod.o) (__gnu_ldivmod_helper)
c:/program files (x86)/cypress/psoc creator/4.4/psoc creator/import/gnu/arm/5.4.1/bin/../lib/gcc/arm-none-eabi/5.4.1/armv6-m\libgcc.a(divsf3.o)
                              .\CortexM0\ARM_GCC_541\Debug\Config Gral 049.a(adc.o) (__aeabi_fdiv)
c:/program files (x86)/cypress/psoc creator/4.4/psoc creator/import/gnu/arm/5.4.1/bin/../lib/gcc/arm-none-eabi/5.4.1/armv6-m\libgcc.a(mulsf3.o)
                              .\CortexM0\ARM_GCC_541\Debug\Config Gral 049.a(adc.o) (__aeabi_fmul)
c:/program files (x86)/cypress/psoc creator/4.4/psoc creator/import/gnu/arm/5.4.1/bin/../lib/gcc/arm-none-eabi/5.4.1/armv6-m\libgcc.a(floatsisf.o)
                              .\CortexM0\ARM_GCC_541\Debug\Config Gral 049.a(adc.o) (__aeabi_i2f)
c:/program files (x86)/cypress/psoc creator/4.4/psoc creator/import/gnu/arm/5.4.1/bin/../lib/gcc/arm-none-eabi/5.4.1/armv6-m\libgcc.a(_clzsi2.o)
                              c:/program files (x86)/cypress/psoc creator/4.4/psoc creator/import/gnu/arm/5.4.1/bin/../lib/gcc/arm-none-eabi/5.4.1/armv6-m\libgcc.a(divsf3.o) (__clzsi2)
[...]
Memory Configuration

Name             Origin             Length             Attributes
rom              0x00000000         0x00008000         xr
ram              0x20000000         0x00001000         xrw
*default*        0x00000000         0xffffffff

Linker script and memory map

LOAD c:/program files (x86)/cypress/psoc creator/4.4/psoc creator/import/gnu/arm/5.4.1/bin/../lib/gcc/arm-none-eabi/5.4.1/armv6-m/crti.o
LOAD c:/program files (x86)/cypress/psoc creator/4.4/psoc creator/import/gnu/arm/5.4.1/bin/../lib/gcc/arm-none-eabi/5.4.1/armv6-m/crtbegin.o
LOAD c:/program files (x86)/cypress/psoc creator/4.4/psoc creator/import/gnu/arm/5.4.1/bin/../lib/gcc/arm-none-eabi/5.4.1/../../../../arm-none-eabi/lib/armv6-m/crt0.o
START GROUP
LOAD .\CortexM0\ARM_GCC_541\Debug\main.o
LOAD .\CortexM0\ARM_GCC_541\Debug\cyfitter_cfg.o
LOAD .\CortexM0\ARM_GCC_541\Debug\cymetadata.o
LOAD .\CortexM0\ARM_GCC_541\Debug\Cm0Start.o
LOAD .\CortexM0\ARM_GCC_541\Debug\cybootloader.o
LOAD .\CortexM0\ARM_GCC_541\Debug\Config Gral 049.a
END GROUP
START GROUP
LOAD c:/program files (x86)/cypress/psoc creator/4.4/psoc creator/import/gnu/arm/5.4.1/bin/../lib/gcc/arm-none-eabi/5.4.1/armv6-m\libgcc.a
LOAD c:/program files (x86)/cypress/psoc creator/4.4/psoc creator/import/gnu/arm/5.4.1/bin/../lib/gcc/arm-none-eabi/5.4.1/../../../../arm-none-eabi/lib/armv6-m\libg_nano.a
LOAD c:/program files (x86)/cypress/psoc creator/4.4/psoc creator/import/gnu/arm/5.4.1/bin/../lib/gcc/arm-none-eabi/5.4.1/../../../../arm-none-eabi/lib/armv6-m\libc_nano.a
END GROUP
START GROUP
LOAD c:/program files (x86)/cypress/psoc creator/4.4/psoc creator/import/gnu/arm/5.4.1/bin/../lib/gcc/arm-none-eabi/5.4.1/armv6-m\libgcc.a
LOAD c:/program files (x86)/cypress/psoc creator/4.4/psoc creator/import/gnu/arm/5.4.1/bin/../lib/gcc/arm-none-eabi/5.4.1/../../../../arm-none-eabi/lib/armv6-m\libc_nano.a
END GROUP
LOAD c:/program files (x86)/cypress/psoc creator/4.4/psoc creator/import/gnu/arm/5.4.1/bin/../lib/gcc/arm-none-eabi/5.4.1/armv6-m/crtend.o
LOAD c:/program files (x86)/cypress/psoc creator/4.4/psoc creator/import/gnu/arm/5.4.1/bin/../lib/gcc/arm-none-eabi/5.4.1/armv6-m/crtn.o
START GROUP
LOAD c:/program files (x86)/cypress/psoc creator/4.4/psoc creator/import/gnu/arm/5.4.1/bin/../lib/gcc/arm-none-eabi/5.4.1/armv6-m\libgcc.a
LOAD c:/program files (x86)/cypress/psoc creator/4.4/psoc creator/import/gnu/arm/5.4.1/bin/../lib/gcc/arm-none-eabi/5.4.1/../../../../arm-none-eabi/lib/armv6-m\libc.a
LOAD c:/program files (x86)/cypress/psoc creator/4.4/psoc creator/import/gnu/arm/5.4.1/bin/../lib/gcc/arm-none-eabi/5.4.1/../../../../arm-none-eabi/lib/armv6-m\libnosys.a
END GROUP
                0x00000000                CY_APPL_ORIGIN = 0x0
                0x00000080                CY_FLASH_ROW_SIZE = 0x80
                0x00000001                CY_APPL_NUM = 0x1
                0x00000001                CY_APPL_MAX = 0x1
                0x00000040                CY_METADATA_SIZE = 0x40
                0x00000001                CY_APPL_LOADABLE = 0x1
                0x00000000                CY_CHECKSUM_EXCLUDE_SIZE = ALIGN (0x0, CY_FLASH_ROW_SIZE)
                0x00000000                CY_APP_FOR_STACK_AND_COPIER = 0x0
                [!provide]                PROVIDE (__cy_heap_start, _end)
                0x00000001                PROVIDE (__cy_region_num, ((__cy_regions_end - __cy_regions) / 0x10))
                0x20001000                PROVIDE (__cy_stack, (ORIGIN (ram) + LENGTH (ram)))
                [!provide]                PROVIDE (__cy_heap_end, (__cy_stack - 0x400))

.cybootloader   0x00000000     0x6100
 *(.cybootloader)
 .cybootloader  0x00000000     0x6100 .\CortexM0\ARM_GCC_541\Debug\cybootloader.o
                0x00000000                cy_bootloader
                0x00006100                appl1_start = CY_APPL_ORIGIN?CY_APPL_ORIGIN:ALIGN (CY_FLASH_ROW_SIZE)
                0x00007000                appl2_start = (appl1_start + ALIGN ((((LENGTH (rom) - appl1_start) - (0x2 * CY_FLASH_ROW_SIZE)) / 0x2), CY_FLASH_ROW_SIZE))
                0x00006100                appl_start = (CY_APPL_NUM == 0x1)?appl1_start:appl2_start
                0x00000000                cy_project_type_bootloader = (appl_start == 0x0)?0x1:0x0
                0x00000000                cy_project_type_app_for_stack_and_copier = (CY_APP_FOR_STACK_AND_COPIER == 0x1)?0x1:0x0

.text           0x00006100      0xdd4
 CREATE_OBJECT_SYMBOLS
                0x00006100                PROVIDE (__cy_interrupt_vector, RomVectors)
 *(.romvectors)
 .romvectors    0x00006100       0x10 .\CortexM0\ARM_GCC_541\Debug\Cm0Start.o
                0x00006100                RomVectors
                0x00000001                ASSERT ((. != __cy_interrupt_vector), No interrupt vector)
                0x00000001                ASSERT (CY_APPL_ORIGIN?(SIZEOF (.cybootloader) <= CY_APPL_ORIGIN):0x1, Wrong image location)
                0x00006110                PROVIDE (__cy_reset, Reset)
 *(.text.Reset)
 .text.Reset    0x00006110       0x10 .\CortexM0\ARM_GCC_541\Debug\Cm0Start.o
                0x00006110                Reset
                0x00000001                ASSERT ((. != __cy_reset), No reset code)
 *(.psocinit)
 .psocinit      0x00006120      0x1d8 .\CortexM0\ARM_GCC_541\Debug\cyfitter_cfg.o
                0x000061dc                cyfitter_cfg
                0x000062f8                . = MAX (., 0x100)
 *(.text .text.* .gnu.linkonce.t.*)
 .text          0x000062f8       0x60 c:/program files (x86)/cypress/psoc creator/4.4/psoc creator/import/gnu/arm/5.4.1/bin/../lib/gcc/arm-none-eabi/5.4.1/armv6-m/crtbegin.o
 .text.main     0x00006358       0x44 .\CortexM0\ARM_GCC_541\Debug\main.o
                0x00006358                main
 .text.CYMEMZERO
                0x0000639c        0xc .\CortexM0\ARM_GCC_541\Debug\cyfitter_cfg.o
 .text.amux_Unset
                0x000063a8       0x38 .\CortexM0\ARM_GCC_541\Debug\cyfitter_cfg.o
                0x000063a8                amux_Unset
 .text.IntDefaultHandler
                0x000063e0       0x10 .\CortexM0\ARM_GCC_541\Debug\Cm0Start.o
                0x000063e0                IntDefaultHandler
 .text.Start_c  0x000063f0       0x48 .\CortexM0\ARM_GCC_541\Debug\Cm0Start.o
                0x000063f0                Start_c
 .text.initialize_psoc
                0x00006438       0x50 .\CortexM0\ARM_GCC_541\Debug\Cm0Start.o
                0x00006438                initialize_psoc
 .text.uart_ScbModePostEnable
                0x00006488        0x8 .\CortexM0\ARM_GCC_541\Debug\Config Gral 049.a(uart.o)
 .text.uart_Init
                0x00006490        0x8 .\CortexM0\ARM_GCC_541\Debug\Config Gral 049.a(uart.o)
                0x00006490                uart_Init
 .text.uart_Enable
                0x00006498       0x18 .\CortexM0\ARM_GCC_541\Debug\Config Gral 049.a(uart.o)
                0x00006498                uart_Enable
 .text.uart_Start
                0x000064b0       0x20 .\CortexM0\ARM_GCC_541\Debug\Config Gral 049.a(uart.o)
                0x000064b0                uart_Start
 .text.uart_UartInit
                0x000064d0       0x9c .\CortexM0\ARM_GCC_541\Debug\Config Gral 049.a(uart_UART.o)
                0x000064d0                uart_UartInit
 .text.uart_UartPostEnable
                0x0000656c       0x24 .\CortexM0\ARM_GCC_541\Debug\Config Gral 049.a(uart_UART.o)
                0x0000656c                uart_UartPostEnable
 .text.CyIntEnable
                0x00006590       0x14 .\CortexM0\ARM_GCC_541\Debug\Config Gral 049.a(CyLib.o)
                0x00006590                CyIntEnable
 .text.CyHalt   0x000065a4        0x4 .\CortexM0\ARM_GCC_541\Debug\Config Gral 049.a(CyLib.o)
                0x000065a4                CyHalt
 .text.CyIntSetVector
                0x000065a8       0x24 .\CortexM0\ARM_GCC_541\Debug\Config Gral 049.a(CyLib.o)
                0x000065a8                CyIntSetVector
 .text.CyIntSetPriority
                0x000065cc       0x4c .\CortexM0\ARM_GCC_541\Debug\Config Gral 049.a(CyLib.o)
                0x000065cc                CyIntSetPriority
 .text.CyDelay  0x00006618       0x30 .\CortexM0\ARM_GCC_541\Debug\Config Gral 049.a(CyLib.o)
                0x00006618                CyDelay
 .text.CyDelayUs
                0x00006648       0x14 .\CortexM0\ARM_GCC_541\Debug\Config Gral 049.a(CyLib.o)
                0x00006648                CyDelayUs
 .text.CySysClkWriteImoFreq
                0x0000665c      0x164 .\CortexM0\ARM_GCC_541\Debug\Config Gral 049.a(CyLib.o)
                0x0000665c                CySysClkWriteImoFreq
 .text.CySysWdtLocked
                0x000067c0       0x14 .\CortexM0\ARM_GCC_541\Debug\Config Gral 049.a(CyLFClk.o)
 .text.CySysWdtLock
                0x000067d4       0x1c .\CortexM0\ARM_GCC_541\Debug\Config Gral 049.a(CyLFClk.o)
                0x000067d4                CySysWdtLock
 .text.CySysWdtUnlock
                0x000067f0       0x30 .\CortexM0\ARM_GCC_541\Debug\Config Gral 049.a(CyLFClk.o)
                0x000067f0                CySysWdtUnlock
 .text.CySysWdtClearInterrupt
                0x00006820       0x4c .\CortexM0\ARM_GCC_541\Debug\Config Gral 049.a(CyLFClk.o)
                0x00006820                CySysWdtClearInterrupt
 .text.CySysWdtIsr
                0x0000686c       0xa4 .\CortexM0\ARM_GCC_541\Debug\Config Gral 049.a(CyLFClk.o)
                0x0000686c                CySysWdtIsr
 .text.pwm1_WriteCounter
                0x00006910       0x10 .\CortexM0\ARM_GCC_541\Debug\Config Gral 049.a(pwm1.o)
                0x00006910                pwm1_WriteCounter
 .text.pwm1_WritePeriod
                0x00006920       0x10 .\CortexM0\ARM_GCC_541\Debug\Config Gral 049.a(pwm1.o)
                0x00006920                pwm1_WritePeriod
 .text.pwm1_WriteCompare
                0x00006930       0x10 .\CortexM0\ARM_GCC_541\Debug\Config Gral 049.a(pwm1.o)
                0x00006930                pwm1_WriteCompare
 .text.pwm1_TriggerCommand
                0x00006940       0x1c .\CortexM0\ARM_GCC_541\Debug\Config Gral 049.a(pwm1.o)
                0x00006940                pwm1_TriggerCommand
 .text.pwm1_Enable
                0x0000695c       0x24 .\CortexM0\ARM_GCC_541\Debug\Config Gral 049.a(pwm1.o)
                0x0000695c                pwm1_Enable
 .text.pwm1_SetInterruptMode
                0x00006980        0xc .\CortexM0\ARM_GCC_541\Debug\Config Gral 049.a(pwm1.o)
                0x00006980                pwm1_SetInterruptMode
 .text.pwm1_Init
                0x0000698c       0x4c .\CortexM0\ARM_GCC_541\Debug\Config Gral 049.a(pwm1.o)
                0x0000698c                pwm1_Init
 .text.pwm1_Start
                0x000069d8       0x20 .\CortexM0\ARM_GCC_541\Debug\Config Gral 049.a(pwm1.o)
                0x000069d8                pwm1_Start
 .text.pwm2_WriteCounter
                0x000069f8       0x10 .\CortexM0\ARM_GCC_541\Debug\Config Gral 049.a(pwm2.o)
                0x000069f8                pwm2_WriteCounter
 .text.pwm2_WritePeriod
                0x00006a08       0x10 .\CortexM0\ARM_GCC_541\Debug\Config Gral 049.a(pwm2.o)
                0x00006a08                pwm2_WritePeriod
 .text.pwm2_WriteCompare
                0x00006a18       0x10 .\CortexM0\ARM_GCC_541\Debug\Config Gral 049.a(pwm2.o)
                0x00006a18                pwm2_WriteCompare
 .text.pwm2_TriggerCommand
                0x00006a28       0x1c .\CortexM0\ARM_GCC_541\Debug\Config Gral 049.a(pwm2.o)
                0x00006a28                pwm2_TriggerCommand
 .text.pwm2_Enable
                0x00006a44       0x24 .\CortexM0\ARM_GCC_541\Debug\Config Gral 049.a(pwm2.o)
                0x00006a44                pwm2_Enable
 .text.pwm2_SetInterruptMode
                0x00006a68        0xc .\CortexM0\ARM_GCC_541\Debug\Config Gral 049.a(pwm2.o)
                0x00006a68                pwm2_SetInterruptMode
 .text.pwm2_Init
                0x00006a74       0x4c .\CortexM0\ARM_GCC_541\Debug\Config Gral 049.a(pwm2.o)
                0x00006a74                pwm2_Init
 .text.pwm2_Start
                0x00006ac0       0x20 .\CortexM0\ARM_GCC_541\Debug\Config Gral 049.a(pwm2.o)
                0x00006ac0                pwm2_Start
 .text.pwm3_WriteCounter
                0x00006ae0       0x10 .\CortexM0\ARM_GCC_541\Debug\Config Gral 049.a(pwm3.o)
                0x00006ae0                pwm3_WriteCounter
 .text.pwm3_WritePeriod
                0x00006af0       0x10 .\CortexM0\ARM_GCC_541\Debug\Config Gral 049.a(pwm3.o)
                0x00006af0                pwm3_WritePeriod
 .text.pwm3_WriteCompare
                0x00006b00       0x10 .\CortexM0\ARM_GCC_541\Debug\Config Gral 049.a(pwm3.o)
                0x00006b00                pwm3_WriteCompare
 .text.pwm3_TriggerCommand
                0x00006b10       0x1c .\CortexM0\ARM_GCC_541\Debug\Config Gral 049.a(pwm3.o)
                0x00006b10                pwm3_TriggerCommand
 .text.pwm3_Enable
                0x00006b2c       0x24 .\CortexM0\ARM_GCC_541\Debug\Config Gral 049.a(pwm3.o)
                0x00006b2c                pwm3_Enable
 .text.pwm3_SetInterruptMode
                0x00006b50        0xc .\CortexM0\ARM_GCC_541\Debug\Config Gral 049.a(pwm3.o)
                0x00006b50                pwm3_SetInterruptMode
 .text.pwm3_Init
                0x00006b5c       0x4c .\CortexM0\ARM_GCC_541\Debug\Config Gral 049.a(pwm3.o)
                0x00006b5c                pwm3_Init
 .text.pwm3_Start
                0x00006ba8       0x20 .\CortexM0\ARM_GCC_541\Debug\Config Gral 049.a(pwm3.o)
                0x00006ba8                pwm3_Start
 .text.amux_Start
                0x00006bc8       0x20 .\CortexM0\ARM_GCC_541\Debug\Config Gral 049.a(amux.o)
                0x00006bc8                amux_Start
 .text.adc_Init
                0x00006be8       0xfc .\CortexM0\ARM_GCC_541\Debug\Config Gral 049.a(adc.o)
                0x00006be8                adc_Init
 .text.adc_Enable
                0x00006ce4       0x24 .\CortexM0\ARM_GCC_541\Debug\Config Gral 049.a(adc.o)
                0x00006ce4                adc_Enable
 .text.adc_Start
                0x00006d08       0x20 .\CortexM0\ARM_GCC_541\Debug\Config Gral 049.a(adc.o)
                0x00006d08                adc_Start
 .text.adc_ISR  0x00006d28        0xc .\CortexM0\ARM_GCC_541\Debug\Config Gral 049.a(adc_INT.o)
                0x00006d28                adc_ISR
 .text.led1_Write
                0x00006d34       0x18 .\CortexM0\ARM_GCC_541\Debug\Config Gral 049.a(led1.o)
                0x00006d34                led1_Write
 .text.clock_Start
                0x00006d4c       0x14 .\CortexM0\ARM_GCC_541\Debug\Config Gral 049.a(clock.o)
                0x00006d4c                clock_Start
 .text.pwm4_WriteCounter
                0x00006d60       0x10 .\CortexM0\ARM_GCC_541\Debug\Config Gral 049.a(pwm4.o)
                0x00006d60                pwm4_WriteCounter
 .text.pwm4_WritePeriod
                0x00006d70       0x10 .\CortexM0\ARM_GCC_541\Debug\Config Gral 049.a(pwm4.o)
                0x00006d70                pwm4_WritePeriod
 .text.pwm4_WriteCompare
                0x00006d80       0x10 .\CortexM0\ARM_GCC_541\Debug\Config Gral 049.a(pwm4.o)
                0x00006d80                pwm4_WriteCompare
 .text.pwm4_TriggerCommand
                0x00006d90       0x1c .\CortexM0\ARM_GCC_541\Debug\Config Gral 049.a(pwm4.o)
                0x00006d90                pwm4_TriggerCommand
 .text.pwm4_Enable
                0x00006dac       0x24 .\CortexM0\ARM_GCC_541\Debug\Config Gral 049.a(pwm4.o)
                0x00006dac                pwm4_Enable
 .text.pwm4_SetInterruptMode
                0x00006dd0        0xc .\CortexM0\ARM_GCC_541\Debug\Config Gral 049.a(pwm4.o)
                0x00006dd0                pwm4_SetInterruptMode
 .text.pwm4_Init
                0x00006ddc       0x4c .\CortexM0\ARM_GCC_541\Debug\Config Gral 049.a(pwm4.o)
                0x00006ddc                pwm4_Init
 .text.pwm4_Start
                0x00006e28       0x20 .\CortexM0\ARM_GCC_541\Debug\Config Gral 049.a(pwm4.o)
                0x00006e28                pwm4_Start
 .text          0x00006e48       0x24 .\CortexM0\ARM_GCC_541\Debug\Config Gral 049.a(CyBootAsmGnu.o)
                0x00006e48                CyDelayCycles
                0x00006e5c                CyEnterCriticalSection
                0x00006e64                CyExitCriticalSection
 .text.__errno  0x00006e6c        0xc c:/program files (x86)/cypress/psoc creator/4.4/psoc creator/import/gnu/arm/5.4.1/bin/../lib/gcc/arm-none-eabi/5.4.1/../../../../arm-none-eabi/lib/armv6-m\libg_nano.a(lib_a-errno.o)
                0x00006e6c                __errno
 .text.__libc_init_array
                0x00006e78       0x4c c:/program files (x86)/cypress/psoc creator/4.4/psoc creator/import/gnu/arm/5.4.1/bin/../lib/gcc/arm-none-eabi/5.4.1/../../../../arm-none-eabi/lib/armv6-m\libg_nano.a(lib_a-init.o)
                0x00006e78                __libc_init_array
 .text.memset   0x00006ec4       0x10 c:/program files (x86)/cypress/psoc creator/4.4/psoc creator/import/gnu/arm/5.4.1/bin/../lib/gcc/arm-none-eabi/5.4.1/../../../../arm-none-eabi/lib/armv6-m\libg_nano.a(lib_a-memset.o)
                0x00006ec4                memset
 *(.plt)
 *(.gnu.warning)
 *(.glue_7t)
 .glue_7t       0x00006ed4        0x0 linker stubs
 *(.glue_7)
 .glue_7        0x00006ed4        0x0 linker stubs
 *(.vfp11_veneer)
 .vfp11_veneer  0x00006ed4        0x0 linker stubs
 *(.bootloader)
 *(.ARM.extab* .gnu.linkonce.armextab.*)
 *(.gcc_except_table)

.v4_bx          0x00006ed4        0x0
 .v4_bx         0x00006ed4        0x0 linker stubs

.iplt           0x00006ed4        0x0
 .iplt          0x00006ed4        0x0 c:/program files (x86)/cypress/psoc creator/4.4/psoc creator/import/gnu/arm/5.4.1/bin/../lib/gcc/arm-none-eabi/5.4.1/armv6-m/crtbegin.o

.eh_frame_hdr
 *(.eh_frame_hdr)

.eh_frame       0x00006ed4        0x4
 *(.eh_frame)
 .eh_frame      0x00006ed4        0x0 c:/program files (x86)/cypress/psoc creator/4.4/psoc creator/import/gnu/arm/5.4.1/bin/../lib/gcc/arm-none-eabi/5.4.1/armv6-m/crtbegin.o
 .eh_frame      0x00006ed4        0x4 c:/program files (x86)/cypress/psoc creator/4.4/psoc creator/import/gnu/arm/5.4.1/bin/../lib/gcc/arm-none-eabi/5.4.1/armv6-m/crtend.o
                [!provide]                PROVIDE (__exidx_start, .)

.ARM.exidx
 *(.ARM.exidx* .gnu.linkonce.armexidx.*)
                0x00006ed8                __exidx_end = .

.rodata         0x00006ed8       0x70
 *(.rodata .rodata.* .gnu.linkonce.r.*)
 .rodata        0x00006ed8        0xc .\CortexM0\ARM_GCC_541\Debug\cyfitter_cfg.o
 .rodata        0x00006ee4       0x2e .\CortexM0\ARM_GCC_541\Debug\Config Gral 049.a(CyLib.o)
                0x00006ee4                cyImoFreqMhz2Reg
 .rodata.str1.1
                0x00006f12        0x2 c:/program files (x86)/cypress/psoc creator/4.4/psoc creator/import/gnu/arm/5.4.1/bin/../lib/gcc/arm-none-eabi/5.4.1/../../../../arm-none-eabi/lib/armv6-m\libg_nano.a(lib_a-impure.o)
                0x00006f14                . = ALIGN (0x4)
 *(.init)
 .init          0x00006f14        0x4 c:/program files (x86)/cypress/psoc creator/4.4/psoc creator/import/gnu/arm/5.4.1/bin/../lib/gcc/arm-none-eabi/5.4.1/armv6-m/crti.o
                0x00006f14                _init
 .init          0x00006f18        0x8 c:/program files (x86)/cypress/psoc creator/4.4/psoc creator/import/gnu/arm/5.4.1/bin/../lib/gcc/arm-none-eabi/5.4.1/armv6-m/crtn.o
                0x00006f20                . = ALIGN (0x4)
                0x00006f20                __preinit_array_start = .
 *(.preinit_array)
                0x00006f20                __preinit_array_end = .
                0x00006f20                . = ALIGN (0x4)
                0x00006f20                __init_array_start = .
 *(SORT(.init_array.*))
 *(.init_array)
 .init_array    0x00006f20        0x4 c:/program files (x86)/cypress/psoc creator/4.4/psoc creator/import/gnu/arm/5.4.1/bin/../lib/gcc/arm-none-eabi/5.4.1/armv6-m/crtbegin.o
 .init_array    0x00006f24        0x4 .\CortexM0\ARM_GCC_541\Debug\Cm0Start.o
                0x00006f28                __init_array_end = .
                0x00006f28                . = ALIGN (0x4)
 *(.fini)
 .fini          0x00006f28        0x4 c:/program files (x86)/cypress/psoc creator/4.4/psoc creator/import/gnu/arm/5.4.1/bin/../lib/gcc/arm-none-eabi/5.4.1/armv6-m/crti.o
                0x00006f28                _fini
 .fini          0x00006f2c        0x8 c:/program files (x86)/cypress/psoc creator/4.4/psoc creator/import/gnu/arm/5.4.1/bin/../lib/gcc/arm-none-eabi/5.4.1/armv6-m/crtn.o
                0x00006f34                . = ALIGN (0x4)
                0x00006f34                __fini_array_start = .
 *(.fini_array)
 .fini_array    0x00006f34        0x4 c:/program files (x86)/cypress/psoc creator/4.4/psoc creator/import/gnu/arm/5.4.1/bin/../lib/gcc/arm-none-eabi/5.4.1/armv6-m/crtbegin.o
 *(SORT(.fini_array.*))
                0x00006f38                __fini_array_end = .
                0x00006f38                . = ALIGN (0x4)
 *crtbegin.o(.ctors)
 *(EXCLUDE_FILE(*crtend.o) .ctors)
 *(SORT(.ctors.*))
 *crtend.o(.ctors)
                0x00006f38                . = ALIGN (0x4)
 *crtbegin.o(.dtors)
 *(EXCLUDE_FILE(*crtend.o) .dtors)
 *(SORT(.dtors.*))
 *crtend.o(.dtors)
                0x00006f38                . = ALIGN (0x4)
                0x00006f38                __cy_regions = .
                0x00006f38        0x4 LONG 0x6f48 __cy_region_init_ram
                0x00006f3c        0x4 LONG 0x200000c8 __cy_region_start_data
                0x00006f40        0x4 LONG 0x88 __cy_region_init_size_ram
                0x00006f44        0x4 LONG 0x50 __cy_region_zero_size_ram
                0x00006f48                __cy_regions_end = .
                0x00006f48                . = ALIGN (0x8)
                0x00006f48                _etext = .

.ramvectors     0x20000000       0xc0
                0x20000000                __cy_region_start_ram = .
 *(.ramvectors)
 .ramvectors    0x20000000       0xc0 .\CortexM0\ARM_GCC_541\Debug\Cm0Start.o
                0x20000000                CyRamVectors

.btldr_run      0x200000c0        0x4
 *(.bootloaderruntype)
 .bootloaderruntype
                0x200000c0        0x4 .\CortexM0\ARM_GCC_541\Debug\Cm0Start.o
                0x200000c0                cyBtldrRunType

.noinit
 *(.noinit)

.data           0x200000c8       0x88 load address 0x00006f48
                0x200000c8                __cy_region_start_data = .
 *(.jcr)
 .jcr           0x200000c8        0x0 c:/program files (x86)/cypress/psoc creator/4.4/psoc creator/import/gnu/arm/5.4.1/bin/../lib/gcc/arm-none-eabi/5.4.1/armv6-m/crtbegin.o
 .jcr           0x200000c8        0x4 c:/program files (x86)/cypress/psoc creator/4.4/psoc creator/import/gnu/arm/5.4.1/bin/../lib/gcc/arm-none-eabi/5.4.1/armv6-m/crtend.o
 *(.got.plt)
 *(.got)
 *(.shdata)
 *(.data .data.* .gnu.linkonce.d.*)
 .data          0x200000cc       0x14 .\CortexM0\ARM_GCC_541\Debug\Config Gral 049.a(CyLib.o)
                0x200000cc                CySysClkPumpConfig
                0x200000d0                cydelay32kMs
                0x200000d4                cydelayFreqKhz
                0x200000d8                cydelayFreqMhz
                0x200000dc                cydelayFreqHz
 .data          0x200000e0        0x4 .\CortexM0\ARM_GCC_541\Debug\Config Gral 049.a(CyLFClk.o)
 .data          0x200000e4        0x1 .\CortexM0\ARM_GCC_541\Debug\Config Gral 049.a(amux.o)
 *fill*         0x200000e5        0x3 
 .data.impure_data
                0x200000e8       0x60 c:/program files (x86)/cypress/psoc creator/4.4/psoc creator/import/gnu/arm/5.4.1/bin/../lib/gcc/arm-none-eabi/5.4.1/../../../../arm-none-eabi/lib/armv6-m\libg_nano.a(lib_a-impure.o)
 .data._impure_ptr
                0x20000148        0x4 c:/program files (x86)/cypress/psoc creator/4.4/psoc creator/import/gnu/arm/5.4.1/bin/../lib/gcc/arm-none-eabi/5.4.1/../../../../arm-none-eabi/lib/armv6-m\libg_nano.a(lib_a-impure.o)
                0x20000148                _impure_ptr
                0x20000150                . = ALIGN (0x8)
 *fill*         0x2000014c        0x4 
 *(.ram)
                0x20000150                _edata = .

.igot.plt       0x20000150        0x0 load address 0x00006fd0
 .igot.plt      0x20000150        0x0 c:/program files (x86)/cypress/psoc creator/4.4/psoc creator/import/gnu/arm/5.4.1/bin/../lib/gcc/arm-none-eabi/5.4.1/armv6-m/crtbegin.o

.bss            0x20000150       0x50 load address 0x00006fd0
                0x20000150                PROVIDE (__bss_start__, .)
 *(.shbss)
 *(.bss .bss.* .gnu.linkonce.b.*)
 .bss           0x20000150       0x1c c:/program files (x86)/cypress/psoc creator/4.4/psoc creator/import/gnu/arm/5.4.1/bin/../lib/gcc/arm-none-eabi/5.4.1/armv6-m/crtbegin.o
 .bss           0x2000016c        0x4 .\CortexM0\ARM_GCC_541\Debug\Config Gral 049.a(uart.o)
                0x2000016c                uart_initVar
                0x2000016e                uart_IntrTxMask
 .bss           0x20000170       0x20 .\CortexM0\ARM_GCC_541\Debug\Config Gral 049.a(CyLFClk.o)
 .bss           0x20000190        0x1 .\CortexM0\ARM_GCC_541\Debug\Config Gral 049.a(pwm1.o)
                0x20000190                pwm1_initVar
 .bss           0x20000191        0x1 .\CortexM0\ARM_GCC_541\Debug\Config Gral 049.a(pwm2.o)
                0x20000191                pwm2_initVar
 .bss           0x20000192        0x1 .\CortexM0\ARM_GCC_541\Debug\Config Gral 049.a(pwm3.o)
                0x20000192                pwm3_initVar
 .bss           0x20000193        0x1 .\CortexM0\ARM_GCC_541\Debug\Config Gral 049.a(adc.o)
                0x20000193                adc_initVar
 .bss           0x20000194        0x1 .\CortexM0\ARM_GCC_541\Debug\Config Gral 049.a(pwm4.o)
                0x20000194                pwm4_initVar
 *(COMMON)
 *fill*         0x20000195        0x3 
 COMMON         0x20000198        0x6 .\CortexM0\ARM_GCC_541\Debug\Config Gral 049.a(adc.o)
                0x20000198                adc_countsPer10Volt
                0x2000019c                adc_offset
                0x200001a0                . = ALIGN (0x8)
 *fill*         0x2000019e        0x2 
 *(.ram.b)
                0x200001a0                _end = .
                0x200001a0                __end = .
                0x200001a0                PROVIDE (end, .)
                0x200001a0                PROVIDE (__bss_end__, .)
                0x00006f48                __cy_region_init_ram = LOADADDR (.data)
                0x00000088                __cy_region_init_size_ram = (_edata - ADDR (.data))
                0x00000050                __cy_region_zero_size_ram = (_end - _edata)

.heap           0x200001a0       0x80 load address 0x00006fd0
                0x200001a0                . = _end
                0x20000220                . = (. + 0x80)
 *fill*         0x200001a0       0x80 
                0x20000220                __cy_heap_limit = .

.stack          0x20000c00      0x400
                0x20000c00                __cy_stack_limit = .
                0x20001000                . = (. + 0x400)
 *fill*         0x20000c00      0x400 
                0x00000001                ASSERT ((__cy_stack_limit >= __cy_heap_limit), region RAM overflowed with stack)

.cy_checksum_exclude
                0x00007f80        0x0
 *(.cy_checksum_exclude)
                0x00000000                cy_checksum_exclude_size = (CY_APPL_LOADABLE == 0x1)?SIZEOF (.cy_checksum_exclude):0x0
                0x00000001                ASSERT ((cy_checksum_exclude_size <= CY_CHECKSUM_EXCLUDE_SIZE), CY_BOOT: Section .cy_checksum_exclude size exceedes specified limit.)
                0xf0000000                cyloadermeta_start = (cy_project_type_bootloader || cy_project_type_app_for_stack_and_copier)?(LENGTH (rom) - CY_METADATA_SIZE):0xf0000000

.cyloadermeta   0xf0000000       0x40
 *(.cyloadermeta)
 .cyloadermeta  0xf0000000       0x40 .\CortexM0\ARM_GCC_541\Debug\cybootloader.o
                0xf0000000                cy_meta_loader
                0x00007fc0                cyloadablemeta_start = cy_project_type_app_for_stack_and_copier?((LENGTH (rom) - CY_FLASH_ROW_SIZE) - CY_METADATA_SIZE):((LENGTH (rom) - (CY_FLASH_ROW_SIZE * (CY_APPL_NUM - 0x1))) - CY_METADATA_SIZE)

.cyloadablemeta
                0x00007fc0       0x40
 *(.cyloadablemeta)
 .cyloadablemeta
                0x00007fc0       0x40 .\CortexM0\ARM_GCC_541\Debug\cymetadata.o
                0x00007fc0                cy_meta_loadable

.cyflashprotect
                0x90400000       0x20
 *(.cyflashprotect)
 .cyflashprotect
                0x90400000       0x20 .\CortexM0\ARM_GCC_541\Debug\cybootloader.o
                0x90400000                cy_meta_flashprotect

.cymeta         0x90500000        0xc
 *(.cymeta)
 .cymeta        0x90500000        0xc .\CortexM0\ARM_GCC_541\Debug\cybootloader.o
                0x90500000                cy_metadata

.cychipprotect  0x90600000        0x4
 *(.cychipprotect)
 .cychipprotect
                0x90600000        0x4 .\CortexM0\ARM_GCC_541\Debug\cybootloader.o
                0x90600000                cy_meta_chipprotect

.rel.dyn        0x00008000        0x0 load address 0x90600004
 .rel.iplt      0x00008000        0x0 c:/program files (x86)/cypress/psoc creator/4.4/psoc creator/import/gnu/arm/5.4.1/bin/../lib/gcc/arm-none-eabi/5.4.1/armv6-m/crtbegin.o

.stab
 *(.stab)

.stabstr
 *(.stabstr)

.debug
 *(.debug)

.line
 *(.line)

.debug_srcinfo
 *(.debug_srcinfo)

.debug_sfnames
 *(.debug_sfnames)

.debug_aranges  0x00000000      0xbc0
 *(.debug_aranges)
 .debug_aranges
                0x00000000       0x20 .\CortexM0\ARM_GCC_541\Debug\main.o
 .debug_aranges
                0x00000020       0x48 .\CortexM0\ARM_GCC_541\Debug\cyfitter_cfg.o
 .debug_aranges
                0x00000068       0x18 .\CortexM0\ARM_GCC_541\Debug\cymetadata.o
 .debug_aranges
                0x00000080       0x48 .\CortexM0\ARM_GCC_541\Debug\Cm0Start.o
 .debug_aranges
                0x000000c8       0x18 .\CortexM0\ARM_GCC_541\Debug\cybootloader.o
 .debug_aranges
                0x000000e0       0x60 .\CortexM0\ARM_GCC_541\Debug\Config Gral 049.a(uart.o)
 .debug_aranges
                0x00000140       0x68 .\CortexM0\ARM_GCC_541\Debug\Config Gral 049.a(uart_UART.o)
 .debug_aranges
                0x000001a8      0x180 .\CortexM0\ARM_GCC_541\Debug\Config Gral 049.a(CyLib.o)
 .debug_aranges
                0x00000328      0x138 .\CortexM0\ARM_GCC_541\Debug\Config Gral 049.a(CyLFClk.o)
 .debug_aranges
                0x00000460      0x158 .\CortexM0\ARM_GCC_541\Debug\Config Gral 049.a(pwm1.o)
 .debug_aranges
                0x000005b8      0x158 .\CortexM0\ARM_GCC_541\Debug\Config Gral 049.a(pwm2.o)
 .debug_aranges
                0x00000710      0x158 .\CortexM0\ARM_GCC_541\Debug\Config Gral 049.a(pwm3.o)
 .debug_aranges
                0x00000868       0x30 .\CortexM0\ARM_GCC_541\Debug\Config Gral 049.a(amux.o)
 .debug_aranges
                0x00000898       0xa8 .\CortexM0\ARM_GCC_541\Debug\Config Gral 049.a(adc.o)
 .debug_aranges
                0x00000940       0x20 .\CortexM0\ARM_GCC_541\Debug\Config Gral 049.a(adc_INT.o)
 .debug_aranges
                0x00000960       0x48 .\CortexM0\ARM_GCC_541\Debug\Config Gral 049.a(led1.o)
 .debug_aranges
                0x000009a8       0x40 .\CortexM0\ARM_GCC_541\Debug\Config Gral 049.a(clock.o)
 .debug_aranges
                0x000009e8      0x158 .\CortexM0\ARM_GCC_541\Debug\Config Gral 049.a(pwm4.o)
 .debug_aranges
                0x00000b40       0x20 .\CortexM0\ARM_GCC_541\Debug\Config Gral 049.a(CyBootAsmGnu.o)
 .debug_aranges
                0x00000b60       0x60 .\CortexM0\ARM_GCC_541\Debug\Config Gral 049.a(uart_SPI_UART.o)

.debug_pubnames
 *(.debug_pubnames)

.debug_info     0x00000000     0x593f
 *(.debug_info .gnu.linkonce.wi.*)
 .debug_info    0x00000000      0x1ad .\CortexM0\ARM_GCC_541\Debug\main.o
 .debug_info    0x000001ad      0x2fb .\CortexM0\ARM_GCC_541\Debug\cyfitter_cfg.o
 .debug_info    0x000004a8       0xac .\CortexM0\ARM_GCC_541\Debug\cymetadata.o
 .debug_info    0x00000554      0x3b3 .\CortexM0\ARM_GCC_541\Debug\Cm0Start.o
 .debug_info    0x00000907      0x153 .\CortexM0\ARM_GCC_541\Debug\cybootloader.o
 .debug_info    0x00000a5a      0x24c .\CortexM0\ARM_GCC_541\Debug\Config Gral 049.a(uart.o)
 .debug_info    0x00000ca6      0x310 .\CortexM0\ARM_GCC_541\Debug\Config Gral 049.a(uart_UART.o)
 .debug_info    0x00000fb6      0xaed .\CortexM0\ARM_GCC_541\Debug\Config Gral 049.a(CyLib.o)
 .debug_info    0x00001aa3      0xcfe .\CortexM0\ARM_GCC_541\Debug\Config Gral 049.a(CyLFClk.o)
 .debug_info    0x000027a1      0x90b .\CortexM0\ARM_GCC_541\Debug\Config Gral 049.a(pwm1.o)
 .debug_info    0x000030ac      0x909 .\CortexM0\ARM_GCC_541\Debug\Config Gral 049.a(pwm2.o)
 .debug_info    0x000039b5      0x909 .\CortexM0\ARM_GCC_541\Debug\Config Gral 049.a(pwm3.o)
 .debug_info    0x000042be      0x165 .\CortexM0\ARM_GCC_541\Debug\Config Gral 049.a(amux.o)
 .debug_info    0x00004423      0x579 .\CortexM0\ARM_GCC_541\Debug\Config Gral 049.a(adc.o)
 .debug_info    0x0000499c       0xcb .\CortexM0\ARM_GCC_541\Debug\Config Gral 049.a(adc_INT.o)
 .debug_info    0x00004a67      0x19d .\CortexM0\ARM_GCC_541\Debug\Config Gral 049.a(led1.o)
 .debug_info    0x00004c04      0x14e .\CortexM0\ARM_GCC_541\Debug\Config Gral 049.a(clock.o)
 .debug_info    0x00004d52      0x909 .\CortexM0\ARM_GCC_541\Debug\Config Gral 049.a(pwm4.o)
 .debug_info    0x0000565b       0xc4 .\CortexM0\ARM_GCC_541\Debug\Config Gral 049.a(CyBootAsmGnu.o)
 .debug_info    0x0000571f      0x220 .\CortexM0\ARM_GCC_541\Debug\Config Gral 049.a(uart_SPI_UART.o)

.debug_abbrev   0x00000000     0x14c0
 *(.debug_abbrev)
 .debug_abbrev  0x00000000       0x9a .\CortexM0\ARM_GCC_541\Debug\main.o
 .debug_abbrev  0x0000009a      0x197 .\CortexM0\ARM_GCC_541\Debug\cyfitter_cfg.o
 .debug_abbrev  0x00000231       0x5d .\CortexM0\ARM_GCC_541\Debug\cymetadata.o
 .debug_abbrev  0x0000028e      0x1e8 .\CortexM0\ARM_GCC_541\Debug\Cm0Start.o
 .debug_abbrev  0x00000476       0x77 .\CortexM0\ARM_GCC_541\Debug\cybootloader.o
 .debug_abbrev  0x000004ed       0xed .\CortexM0\ARM_GCC_541\Debug\Config Gral 049.a(uart.o)
 .debug_abbrev  0x000005da      0x123 .\CortexM0\ARM_GCC_541\Debug\Config Gral 049.a(uart_UART.o)
 .debug_abbrev  0x000006fd      0x1d3 .\CortexM0\ARM_GCC_541\Debug\Config Gral 049.a(CyLib.o)
 .debug_abbrev  0x000008d0      0x210 .\CortexM0\ARM_GCC_541\Debug\Config Gral 049.a(CyLFClk.o)
 .debug_abbrev  0x00000ae0      0x119 .\CortexM0\ARM_GCC_541\Debug\Config Gral 049.a(pwm1.o)
 .debug_abbrev  0x00000bf9      0x119 .\CortexM0\ARM_GCC_541\Debug\Config Gral 049.a(pwm2.o)
 .debug_abbrev  0x00000d12      0x119 .\CortexM0\ARM_GCC_541\Debug\Config Gral 049.a(pwm3.o)
 .debug_abbrev  0x00000e2b       0xb1 .\CortexM0\ARM_GCC_541\Debug\Config Gral 049.a(amux.o)
 .debug_abbrev  0x00000edc      0x184 .\CortexM0\ARM_GCC_541\Debug\Config Gral 049.a(adc.o)
 .debug_abbrev  0x00001060       0x65 .\CortexM0\ARM_GCC_541\Debug\Config Gral 049.a(adc_INT.o)
 .debug_abbrev  0x000010c5       0xc8 .\CortexM0\ARM_GCC_541\Debug\Config Gral 049.a(led1.o)
 .debug_abbrev  0x0000118d       0xb7 .\CortexM0\ARM_GCC_541\Debug\Config Gral 049.a(clock.o)
 .debug_abbrev  0x00001244      0x119 .\CortexM0\ARM_GCC_541\Debug\Config Gral 049.a(pwm4.o)
 .debug_abbrev  0x0000135d       0x14 .\CortexM0\ARM_GCC_541\Debug\Config Gral 049.a(CyBootAsmGnu.o)
 .debug_abbrev  0x00001371      0x14f .\CortexM0\ARM_GCC_541\Debug\Config Gral 049.a(uart_SPI_UART.o)

.debug_line     0x00000000     0x25e5
 *(.debug_line)
 .debug_line    0x00000000       0xcf .\CortexM0\ARM_GCC_541\Debug\main.o
 .debug_line    0x000000cf      0x18e .\CortexM0\ARM_GCC_541\Debug\cyfitter_cfg.o
 .debug_line    0x0000025d      0x141 .\CortexM0\ARM_GCC_541\Debug\cymetadata.o
 .debug_line    0x0000039e      0x238 .\CortexM0\ARM_GCC_541\Debug\Cm0Start.o
 .debug_line    0x000005d6       0x53 .\CortexM0\ARM_GCC_541\Debug\cybootloader.o
 .debug_line    0x00000629      0x127 .\CortexM0\ARM_GCC_541\Debug\Config Gral 049.a(uart.o)
 .debug_line    0x00000750      0x16d .\CortexM0\ARM_GCC_541\Debug\Config Gral 049.a(uart_UART.o)
 .debug_line    0x000008bd      0x460 .\CortexM0\ARM_GCC_541\Debug\Config Gral 049.a(CyLib.o)
 .debug_line    0x00000d1d      0x466 .\CortexM0\ARM_GCC_541\Debug\Config Gral 049.a(CyLFClk.o)
 .debug_line    0x00001183      0x37d .\CortexM0\ARM_GCC_541\Debug\Config Gral 049.a(pwm1.o)
 .debug_line    0x00001500      0x37d .\CortexM0\ARM_GCC_541\Debug\Config Gral 049.a(pwm2.o)
 .debug_line    0x0000187d      0x37d .\CortexM0\ARM_GCC_541\Debug\Config Gral 049.a(pwm3.o)
 .debug_line    0x00001bfa       0xab .\CortexM0\ARM_GCC_541\Debug\Config Gral 049.a(amux.o)
 .debug_line    0x00001ca5      0x277 .\CortexM0\ARM_GCC_541\Debug\Config Gral 049.a(adc.o)
 .debug_line    0x00001f1c       0x62 .\CortexM0\ARM_GCC_541\Debug\Config Gral 049.a(adc_INT.o)
 .debug_line    0x00001f7e       0xbc .\CortexM0\ARM_GCC_541\Debug\Config Gral 049.a(led1.o)
 .debug_line    0x0000203a       0xab .\CortexM0\ARM_GCC_541\Debug\Config Gral 049.a(clock.o)
 .debug_line    0x000020e5      0x37d .\CortexM0\ARM_GCC_541\Debug\Config Gral 049.a(pwm4.o)
 .debug_line    0x00002462       0x69 .\CortexM0\ARM_GCC_541\Debug\Config Gral 049.a(CyBootAsmGnu.o)
 .debug_line    0x000024cb      0x11a .\CortexM0\ARM_GCC_541\Debug\Config Gral 049.a(uart_SPI_UART.o)

.debug_frame    0x00000000     0x1f2c
 *(.debug_frame)
 .debug_frame   0x00000000       0x2c .\CortexM0\ARM_GCC_541\Debug\main.o
 .debug_frame   0x0000002c       0x98 .\CortexM0\ARM_GCC_541\Debug\cyfitter_cfg.o
 .debug_frame   0x000000c4       0xbc .\CortexM0\ARM_GCC_541\Debug\Cm0Start.o
 .debug_frame   0x00000180       0xe8 .\CortexM0\ARM_GCC_541\Debug\Config Gral 049.a(uart.o)
 .debug_frame   0x00000268       0xf4 .\CortexM0\ARM_GCC_541\Debug\Config Gral 049.a(uart_UART.o)
 .debug_frame   0x0000035c      0x3e0 .\CortexM0\ARM_GCC_541\Debug\Config Gral 049.a(CyLib.o)
 .debug_frame   0x0000073c      0x3a8 .\CortexM0\ARM_GCC_541\Debug\Config Gral 049.a(CyLFClk.o)
 .debug_frame   0x00000ae4      0x3a0 .\CortexM0\ARM_GCC_541\Debug\Config Gral 049.a(pwm1.o)
 .debug_frame   0x00000e84      0x3a0 .\CortexM0\ARM_GCC_541\Debug\Config Gral 049.a(pwm2.o)
 .debug_frame   0x00001224      0x3a0 .\CortexM0\ARM_GCC_541\Debug\Config Gral 049.a(pwm3.o)
 .debug_frame   0x000015c4       0x64 .\CortexM0\ARM_GCC_541\Debug\Config Gral 049.a(amux.o)
 .debug_frame   0x00001628      0x1b0 .\CortexM0\ARM_GCC_541\Debug\Config Gral 049.a(adc.o)
 .debug_frame   0x000017d8       0x20 .\CortexM0\ARM_GCC_541\Debug\Config Gral 049.a(adc_INT.o)
 .debug_frame   0x000017f8       0x70 .\CortexM0\ARM_GCC_541\Debug\Config Gral 049.a(led1.o)
 .debug_frame   0x00001868       0x60 .\CortexM0\ARM_GCC_541\Debug\Config Gral 049.a(clock.o)
 .debug_frame   0x000018c8      0x3a0 .\CortexM0\ARM_GCC_541\Debug\Config Gral 049.a(pwm4.o)
 .debug_frame   0x00001c68       0xb0 .\CortexM0\ARM_GCC_541\Debug\Config Gral 049.a(uart_SPI_UART.o)
 .debug_frame   0x00001d18       0x20 c:/program files (x86)/cypress/psoc creator/4.4/psoc creator/import/gnu/arm/5.4.1/bin/../lib/gcc/arm-none-eabi/5.4.1/armv6-m\libgcc.a(_udivsi3.o)
 .debug_frame   0x00001d38       0x20 c:/program files (x86)/cypress/psoc creator/4.4/psoc creator/import/gnu/arm/5.4.1/bin/../lib/gcc/arm-none-eabi/5.4.1/armv6-m\libgcc.a(_divsi3.o)
 .debug_frame   0x00001d58       0x34 c:/program files (x86)/cypress/psoc creator/4.4/psoc creator/import/gnu/arm/5.4.1/bin/../lib/gcc/arm-none-eabi/5.4.1/armv6-m\libgcc.a(_muldi3.o)
 .debug_frame   0x00001d8c       0x30 c:/program files (x86)/cypress/psoc creator/4.4/psoc creator/import/gnu/arm/5.4.1/bin/../lib/gcc/arm-none-eabi/5.4.1/armv6-m\libgcc.a(bpabi.o)
 .debug_frame   0x00001dbc       0x3c c:/program files (x86)/cypress/psoc creator/4.4/psoc creator/import/gnu/arm/5.4.1/bin/../lib/gcc/arm-none-eabi/5.4.1/armv6-m\libgcc.a(divsf3.o)
 .debug_frame   0x00001df8       0x38 c:/program files (x86)/cypress/psoc creator/4.4/psoc creator/import/gnu/arm/5.4.1/bin/../lib/gcc/arm-none-eabi/5.4.1/armv6-m\libgcc.a(mulsf3.o)
 .debug_frame   0x00001e30       0x2c c:/program files (x86)/cypress/psoc creator/4.4/psoc creator/import/gnu/arm/5.4.1/bin/../lib/gcc/arm-none-eabi/5.4.1/armv6-m\libgcc.a(floatsisf.o)
 .debug_frame   0x00001e5c       0x3c c:/program files (x86)/cypress/psoc creator/4.4/psoc creator/import/gnu/arm/5.4.1/bin/../lib/gcc/arm-none-eabi/5.4.1/armv6-m\libgcc.a(_divdi3.o)
 .debug_frame   0x00001e98       0x20 c:/program files (x86)/cypress/psoc creator/4.4/psoc creator/import/gnu/arm/5.4.1/bin/../lib/gcc/arm-none-eabi/5.4.1/../../../../arm-none-eabi/lib/armv6-m\libg_nano.a(lib_a-errno.o)
 .debug_frame   0x00001eb8       0x28 c:/program files (x86)/cypress/psoc creator/4.4/psoc creator/import/gnu/arm/5.4.1/bin/../lib/gcc/arm-none-eabi/5.4.1/../../../../arm-none-eabi/lib/armv6-m\libg_nano.a(lib_a-exit.o)
 .debug_frame   0x00001ee0       0x2c c:/program files (x86)/cypress/psoc creator/4.4/psoc creator/import/gnu/arm/5.4.1/bin/../lib/gcc/arm-none-eabi/5.4.1/../../../../arm-none-eabi/lib/armv6-m\libg_nano.a(lib_a-init.o)
 .debug_frame   0x00001f0c       0x20 c:/program files (x86)/cypress/psoc creator/4.4/psoc creator/import/gnu/arm/5.4.1/bin/../lib/gcc/arm-none-eabi/5.4.1/../../../../arm-none-eabi/lib/armv6-m\libg_nano.a(lib_a-memset.o)

.debug_str      0x00000000     0x229e
 *(.debug_str)
 .debug_str     0x00000000      0x1bb .\CortexM0\ARM_GCC_541\Debug\main.o
                                0x1fb (size before relaxing)
 .debug_str     0x000001bb      0x17b .\CortexM0\ARM_GCC_541\Debug\cyfitter_cfg.o
                                0x2c1 (size before relaxing)
 .debug_str     0x00000336       0x3f .\CortexM0\ARM_GCC_541\Debug\cymetadata.o
                                0x1d8 (size before relaxing)
 .debug_str     0x00000375      0x14f .\CortexM0\ARM_GCC_541\Debug\Cm0Start.o
                                0x344 (size before relaxing)
 .debug_str     0x000004c4       0x78 .\CortexM0\ARM_GCC_541\Debug\cybootloader.o
                                0x1f6 (size before relaxing)
 .debug_str     0x0000053c      0x113 .\CortexM0\ARM_GCC_541\Debug\Config Gral 049.a(uart.o)
                                0x2e7 (size before relaxing)
 .debug_str     0x0000064f      0x165 .\CortexM0\ARM_GCC_541\Debug\Config Gral 049.a(uart_UART.o)
                                0x370 (size before relaxing)
 .debug_str     0x000007b4      0x4c8 .\CortexM0\ARM_GCC_541\Debug\Config Gral 049.a(CyLib.o)
                                0x6ea (size before relaxing)
 .debug_str     0x00000c7c      0x527 .\CortexM0\ARM_GCC_541\Debug\Config Gral 049.a(CyLFClk.o)
                                0x771 (size before relaxing)
 .debug_str     0x000011a3      0x3b1 .\CortexM0\ARM_GCC_541\Debug\Config Gral 049.a(pwm1.o)
                                0x5bb (size before relaxing)
 .debug_str     0x00001554      0x2f2 .\CortexM0\ARM_GCC_541\Debug\Config Gral 049.a(pwm2.o)
                                0x5bb (size before relaxing)
 .debug_str     0x00001846      0x2f2 .\CortexM0\ARM_GCC_541\Debug\Config Gral 049.a(pwm3.o)
                                0x5bb (size before relaxing)
 .debug_str     0x00001b38       0x50 .\CortexM0\ARM_GCC_541\Debug\Config Gral 049.a(amux.o)
                                0x217 (size before relaxing)
 .debug_str     0x00001b88      0x1c2 .\CortexM0\ARM_GCC_541\Debug\Config Gral 049.a(adc.o)
                                0x3cd (size before relaxing)
 .debug_str     0x00001d4a       0x35 .\CortexM0\ARM_GCC_541\Debug\Config Gral 049.a(adc_INT.o)
                                0x1c6 (size before relaxing)
 .debug_str     0x00001d7f       0x99 .\CortexM0\ARM_GCC_541\Debug\Config Gral 049.a(led1.o)
                                0x263 (size before relaxing)
 .debug_str     0x00001e18       0xb1 .\CortexM0\ARM_GCC_541\Debug\Config Gral 049.a(clock.o)
                                0x271 (size before relaxing)
 .debug_str     0x00001ec9      0x2f2 .\CortexM0\ARM_GCC_541\Debug\Config Gral 049.a(pwm4.o)
                                0x5bb (size before relaxing)
 .debug_str     0x000021bb       0xe3 .\CortexM0\ARM_GCC_541\Debug\Config Gral 049.a(uart_SPI_UART.o)
                                0x302 (size before relaxing)

.debug_loc      0x00000000     0x2e43
 *(.debug_loc)
 .debug_loc     0x00000000       0xc7 .\CortexM0\ARM_GCC_541\Debug\cyfitter_cfg.o
 .debug_loc     0x000000c7      0x14f .\CortexM0\ARM_GCC_541\Debug\Cm0Start.o
 .debug_loc     0x00000216       0x7e .\CortexM0\ARM_GCC_541\Debug\Config Gral 049.a(uart.o)
 .debug_loc     0x00000294      0x1e4 .\CortexM0\ARM_GCC_541\Debug\Config Gral 049.a(uart_UART.o)
 .debug_loc     0x00000478      0x599 .\CortexM0\ARM_GCC_541\Debug\Config Gral 049.a(CyLib.o)
 .debug_loc     0x00000a11      0x9b5 .\CortexM0\ARM_GCC_541\Debug\Config Gral 049.a(CyLFClk.o)
 .debug_loc     0x000013c6      0x547 .\CortexM0\ARM_GCC_541\Debug\Config Gral 049.a(pwm1.o)
 .debug_loc     0x0000190d      0x547 .\CortexM0\ARM_GCC_541\Debug\Config Gral 049.a(pwm2.o)
 .debug_loc     0x00001e54      0x547 .\CortexM0\ARM_GCC_541\Debug\Config Gral 049.a(pwm3.o)
 .debug_loc     0x0000239b       0x6c .\CortexM0\ARM_GCC_541\Debug\Config Gral 049.a(amux.o)
 .debug_loc     0x00002407      0x3aa .\CortexM0\ARM_GCC_541\Debug\Config Gral 049.a(adc.o)
 .debug_loc     0x000027b1       0xa2 .\CortexM0\ARM_GCC_541\Debug\Config Gral 049.a(led1.o)
 .debug_loc     0x00002853       0x13 .\CortexM0\ARM_GCC_541\Debug\Config Gral 049.a(clock.o)
 .debug_loc     0x00002866      0x547 .\CortexM0\ARM_GCC_541\Debug\Config Gral 049.a(pwm4.o)
 .debug_loc     0x00002dad       0x96 .\CortexM0\ARM_GCC_541\Debug\Config Gral 049.a(uart_SPI_UART.o)

.debug_macinfo
 *(.debug_macinfo)

.debug_ranges   0x00000000      0xa60
 *(.debug_ranges)
 .debug_ranges  0x00000000       0x10 .\CortexM0\ARM_GCC_541\Debug\main.o
 .debug_ranges  0x00000010       0x38 .\CortexM0\ARM_GCC_541\Debug\cyfitter_cfg.o
 .debug_ranges  0x00000048       0x38 .\CortexM0\ARM_GCC_541\Debug\Cm0Start.o
 .debug_ranges  0x00000080       0x50 .\CortexM0\ARM_GCC_541\Debug\Config Gral 049.a(uart.o)
 .debug_ranges  0x000000d0       0x58 .\CortexM0\ARM_GCC_541\Debug\Config Gral 049.a(uart_UART.o)
 .debug_ranges  0x00000128      0x170 .\CortexM0\ARM_GCC_541\Debug\Config Gral 049.a(CyLib.o)
 .debug_ranges  0x00000298      0x128 .\CortexM0\ARM_GCC_541\Debug\Config Gral 049.a(CyLFClk.o)
 .debug_ranges  0x000003c0      0x148 .\CortexM0\ARM_GCC_541\Debug\Config Gral 049.a(pwm1.o)
 .debug_ranges  0x00000508      0x148 .\CortexM0\ARM_GCC_541\Debug\Config Gral 049.a(pwm2.o)
 .debug_ranges  0x00000650      0x148 .\CortexM0\ARM_GCC_541\Debug\Config Gral 049.a(pwm3.o)
 .debug_ranges  0x00000798       0x20 .\CortexM0\ARM_GCC_541\Debug\Config Gral 049.a(amux.o)
 .debug_ranges  0x000007b8       0x98 .\CortexM0\ARM_GCC_541\Debug\Config Gral 049.a(adc.o)
 .debug_ranges  0x00000850       0x10 .\CortexM0\ARM_GCC_541\Debug\Config Gral 049.a(adc_INT.o)
 .debug_ranges  0x00000860       0x38 .\CortexM0\ARM_GCC_541\Debug\Config Gral 049.a(led1.o)
 .debug_ranges  0x00000898       0x30 .\CortexM0\ARM_GCC_541\Debug\Config Gral 049.a(clock.o)
 .debug_ranges  0x000008c8      0x148 .\CortexM0\ARM_GCC_541\Debug\Config Gral 049.a(pwm4.o)
 .debug_ranges  0x00000a10       0x50 .\CortexM0\ARM_GCC_541\Debug\Config Gral 049.a(uart_SPI_UART.o)

.comment        0x00000000       0x6e
 .comment       0x00000000       0x6e .\CortexM0\ARM_GCC_541\Debug\main.o
                                 0x6f (size before relaxing)
 .comment       0x0000006e       0x6f .\CortexM0\ARM_GCC_541\Debug\cyfitter_cfg.o
 .comment       0x0000006e       0x6f .\CortexM0\ARM_GCC_541\Debug\cymetadata.o
 .comment       0x0000006e       0x6f .\CortexM0\ARM_GCC_541\Debug\Cm0Start.o
 .comment       0x0000006e       0x6f .\CortexM0\ARM_GCC_541\Debug\cybootloader.o
 .comment       0x0000006e       0x6f .\CortexM0\ARM_GCC_541\Debug\Config Gral 049.a(uart.o)
 .comment       0x0000006e       0x6f .\CortexM0\ARM_GCC_541\Debug\Config Gral 049.a(uart_UART.o)
 .comment       0x0000006e       0x6f .\CortexM0\ARM_GCC_541\Debug\Config Gral 049.a(CyLib.o)
 .comment       0x0000006e       0x6f .\CortexM0\ARM_GCC_541\Debug\Config Gral 049.a(CyLFClk.o)
 .comment       0x0000006e       0x6f .\CortexM0\ARM_GCC_541\Debug\Config Gral 049.a(pwm1.o)
 .comment       0x0000006e       0x6f .\CortexM0\ARM_GCC_541\Debug\Config Gral 049.a(pwm2.o)
 .comment       0x0000006e       0x6f .\CortexM0\ARM_GCC_541\Debug\Config Gral 049.a(pwm3.o)
 .comment       0x0000006e       0x6f .\CortexM0\ARM_GCC_541\Debug\Config Gral 049.a(amux.o)
 .comment       0x0000006e       0x6f .\CortexM0\ARM_GCC_541\Debug\Config Gral 049.a(adc.o)
 .comment       0x0000006e       0x6f .\CortexM0\ARM_GCC_541\Debug\Config Gral 049.a(adc_INT.o)
 .comment       0x0000006e       0x6f .\CortexM0\ARM_GCC_541\Debug\Config Gral 049.a(led1.o)
 .comment       0x0000006e       0x6f .\CortexM0\ARM_GCC_541\Debug\Config Gral 049.a(clock.o)
 .comment       0x0000006e       0x6f .\CortexM0\ARM_GCC_541\Debug\Config Gral 049.a(pwm4.o)
 .comment       0x0000006e       0x6f .\CortexM0\ARM_GCC_541\Debug\Config Gral 049.a(uart_SPI_UART.o)

.debug_weaknames
 *(.debug_weaknames)

.debug_funcnames
 *(.debug_funcnames)

.debug_typenames
 *(.debug_typenames)

.debug_varnames
 *(.debug_varnames)

.note.gnu.arm.ident
 *(.note.gnu.arm.ident)

.ARM.attributes
                0x00000000       0x28
 *(.ARM.attributes)
 .ARM.attributes
                0x00000000       0x1e c:/program files (x86)/cypress/psoc creator/4.4/psoc creator/import/gnu/arm/5.4.1/bin/../lib/gcc/arm-none-eabi/5.4.1/armv6-m/crti.o
 .ARM.attributes
                0x0000001e       0x2c c:/program files (x86)/cypress/psoc creator/4.4/psoc creator/import/gnu/arm/5.4.1/bin/../lib/gcc/arm-none-eabi/5.4.1/armv6-m/crtbegin.o
 .ARM.attributes
                0x0000004a       0x1b c:/program files (x86)/cypress/psoc creator/4.4/psoc creator/import/gnu/arm/5.4.1/bin/../lib/gcc/arm-none-eabi/5.4.1/../../../../arm-none-eabi/lib/armv6-m/crt0.o
 .ARM.attributes
                0x00000065       0x31 .\CortexM0\ARM_GCC_541\Debug\main.o
 .ARM.attributes
                0x00000096       0x31 .\CortexM0\ARM_GCC_541\Debug\cyfitter_cfg.o
 .ARM.attributes
                0x000000c7       0x31 .\CortexM0\ARM_GCC_541\Debug\cymetadata.o
 .ARM.attributes
                0x000000f8       0x31 .\CortexM0\ARM_GCC_541\Debug\Cm0Start.o
 .ARM.attributes
                0x00000129       0x31 .\CortexM0\ARM_GCC_541\Debug\cybootloader.o
 .ARM.attributes
                0x0000015a       0x31 .\CortexM0\ARM_GCC_541\Debug\Config Gral 049.a(uart.o)
 .ARM.attributes
                0x0000018b       0x31 .\CortexM0\ARM_GCC_541\Debug\Config Gral 049.a(uart_UART.o)
 .ARM.attributes
                0x000001bc       0x31 .\CortexM0\ARM_GCC_541\Debug\Config Gral 049.a(CyLib.o)
 .ARM.attributes
                0x000001ed       0x31 .\CortexM0\ARM_GCC_541\Debug\Config Gral 049.a(CyLFClk.o)
 .ARM.attributes
                0x0000021e       0x31 .\CortexM0\ARM_GCC_541\Debug\Config Gral 049.a(pwm1.o)
 .ARM.attributes
                0x0000024f       0x31 .\CortexM0\ARM_GCC_541\Debug\Config Gral 049.a(pwm2.o)
 .ARM.attributes
                0x00000280       0x31 .\CortexM0\ARM_GCC_541\Debug\Config Gral 049.a(pwm3.o)
 .ARM.attributes
                0x000002b1       0x31 .\CortexM0\ARM_GCC_541\Debug\Config Gral 049.a(amux.o)
 .ARM.attributes
                0x000002e2       0x31 .\CortexM0\ARM_GCC_541\Debug\Config Gral 049.a(adc.o)
 .ARM.attributes
                0x00000313       0x31 .\CortexM0\ARM_GCC_541\Debug\Config Gral 049.a(adc_INT.o)
 .ARM.attributes
                0x00000344       0x31 .\CortexM0\ARM_GCC_541\Debug\Config Gral 049.a(led1.o)
 .ARM.attributes
                0x00000375       0x31 .\CortexM0\ARM_GCC_541\Debug\Config Gral 049.a(clock.o)
 .ARM.attributes
                0x000003a6       0x31 .\CortexM0\ARM_GCC_541\Debug\Config Gral 049.a(pwm4.o)
 .ARM.attributes
                0x000003d7       0x21 .\CortexM0\ARM_GCC_541\Debug\Config Gral 049.a(CyBootAsmGnu.o)
 .ARM.attributes
                0x000003f8       0x31 .\CortexM0\ARM_GCC_541\Debug\Config Gral 049.a(uart_SPI_UART.o)
 .ARM.attributes
                0x00000429       0x1e c:/program files (x86)/cypress/psoc creator/4.4/psoc creator/import/gnu/arm/5.4.1/bin/../lib/gcc/arm-none-eabi/5.4.1/armv6-m\libgcc.a(_udivsi3.o)
 .ARM.attributes
                0x00000447       0x1e c:/program files (x86)/cypress/psoc creator/4.4/psoc creator/import/gnu/arm/5.4.1/bin/../lib/gcc/arm-none-eabi/5.4.1/armv6-m\libgcc.a(_divsi3.o)
 .ARM.attributes
                0x00000465       0x1e c:/program files (x86)/cypress/psoc creator/4.4/psoc creator/import/gnu/arm/5.4.1/bin/../lib/gcc/arm-none-eabi/5.4.1/armv6-m\libgcc.a(_dvmd_tls.o)
 .ARM.attributes
                0x00000483       0x1e c:/program files (x86)/cypress/psoc creator/4.4/psoc creator/import/gnu/arm/5.4.1/bin/../lib/gcc/arm-none-eabi/5.4.1/armv6-m\libgcc.a(_aeabi_ldivmod.o)
 .ARM.attributes
                0x000004a1       0x2c c:/program files (x86)/cypress/psoc creator/4.4/psoc creator/import/gnu/arm/5.4.1/bin/../lib/gcc/arm-none-eabi/5.4.1/armv6-m\libgcc.a(_muldi3.o)
 .ARM.attributes
                0x000004cd       0x2c c:/program files (x86)/cypress/psoc creator/4.4/psoc creator/import/gnu/arm/5.4.1/bin/../lib/gcc/arm-none-eabi/5.4.1/armv6-m\libgcc.a(bpabi.o)
 .ARM.attributes
                0x000004f9       0x2c c:/program files (x86)/cypress/psoc creator/4.4/psoc creator/import/gnu/arm/5.4.1/bin/../lib/gcc/arm-none-eabi/5.4.1/armv6-m\libgcc.a(divsf3.o)
 .ARM.attributes
                0x00000525       0x2c c:/program files (x86)/cypress/psoc creator/4.4/psoc creator/import/gnu/arm/5.4.1/bin/../lib/gcc/arm-none-eabi/5.4.1/armv6-m\libgcc.a(mulsf3.o)
 .ARM.attributes
                0x00000551       0x2c c:/program files (x86)/cypress/psoc creator/4.4/psoc creator/import/gnu/arm/5.4.1/bin/../lib/gcc/arm-none-eabi/5.4.1/armv6-m\libgcc.a(floatsisf.o)
 .ARM.attributes
                0x0000057d       0x1e c:/program files (x86)/cypress/psoc creator/4.4/psoc creator/import/gnu/arm/5.4.1/bin/../lib/gcc/arm-none-eabi/5.4.1/armv6-m\libgcc.a(_clzsi2.o)
 .ARM.attributes
                0x0000059b       0x2c c:/program files (x86)/cypress/psoc creator/4.4/psoc creator/import/gnu/arm/5.4.1/bin/../lib/gcc/arm-none-eabi/5.4.1/armv6-m\libgcc.a(_divdi3.o)
 .ARM.attributes
                0x000005c7       0x1e c:/program files (x86)/cypress/psoc creator/4.4/psoc creator/import/gnu/arm/5.4.1/bin/../lib/gcc/arm-none-eabi/5.4.1/armv6-m\libgcc.a(_clzdi2.o)
 .ARM.attributes
                0x000005e5       0x2c c:/program files (x86)/cypress/psoc creator/4.4/psoc creator/import/gnu/arm/5.4.1/bin/../lib/gcc/arm-none-eabi/5.4.1/../../../../arm-none-eabi/lib/armv6-m\libg_nano.a(lib_a-errno.o)
 .ARM.attributes
                0x00000611       0x2c c:/program files (x86)/cypress/psoc creator/4.4/psoc creator/import/gnu/arm/5.4.1/bin/../lib/gcc/arm-none-eabi/5.4.1/../../../../arm-none-eabi/lib/armv6-m\libg_nano.a(lib_a-exit.o)
 .ARM.attributes
                0x0000063d       0x2c c:/program files (x86)/cypress/psoc creator/4.4/psoc creator/import/gnu/arm/5.4.1/bin/../lib/gcc/arm-none-eabi/5.4.1/../../../../arm-none-eabi/lib/armv6-m\libg_nano.a(lib_a-impure.o)
 .ARM.attributes
                0x00000669       0x2c c:/program files (x86)/cypress/psoc creator/4.4/psoc creator/import/gnu/arm/5.4.1/bin/../lib/gcc/arm-none-eabi/5.4.1/../../../../arm-none-eabi/lib/armv6-m\libg_nano.a(lib_a-init.o)
 .ARM.attributes
                0x00000695       0x2c c:/program files (x86)/cypress/psoc creator/4.4/psoc creator/import/gnu/arm/5.4.1/bin/../lib/gcc/arm-none-eabi/5.4.1/../../../../arm-none-eabi/lib/armv6-m\libg_nano.a(lib_a-memset.o)
 .ARM.attributes
                0x000006c1       0x2c c:/program files (x86)/cypress/psoc creator/4.4/psoc creator/import/gnu/arm/5.4.1/bin/../lib/gcc/arm-none-eabi/5.4.1/armv6-m/crtend.o
 .ARM.attributes
                0x000006ed       0x1e c:/program files (x86)/cypress/psoc creator/4.4/psoc creator/import/gnu/arm/5.4.1/bin/../lib/gcc/arm-none-eabi/5.4.1/armv6-m/crtn.o

/DISCARD/
 *(.note.GNU-stack)
OUTPUT(C:\aixt\aixt\ports\Cypress\CY8CKIT-049-42XX\examples\Config Gral 049.cydsn\CortexM0\ARM_GCC_541\Debug\Config Gral 049.elf elf32-littlearm)
